******************************************************************************
            TI ARM Clang Linker PC v4.0.2                      
******************************************************************************
>> Linked Wed Apr 16 02:24:28 2025

OUTPUT FILE NAME:   <vital_signs_xwrl64xx.out>
ENTRY POINT SYMBOL: "_c_int00"  address: 00468e09


MEMORY CONFIGURATION

         name            origin    length      used     unused   attr    fill
----------------------  --------  ---------  --------  --------  ----  --------
  M4F_VECS              00400000   00000200  00000140  000000c0  RWIX
  M4F_RAM12             00400200   00057e00  00057e00  00000000  RWIX
  M4F_RBL               00458000   00008000  00004000  00004000  RWIX
  M4F_RAM3              00460000   00020000  000148f3  0000b70d  RWIX
  HWASS_SHM_MEM         60000000   00080000  00068000  00018000  RWIX


SEGMENT ALLOCATION MAP

run origin  load origin   length   init length attrs members
----------  ----------- ---------- ----------- ----- -------
00400000    00400000    00000140   00000140    rw-
  00400000    00400000    00000140   00000140    rw- .vectors
00400200    00400200    00039040   00000000    rw-
  00400200    00400200    00039040   00000000    rw- .bss
00439240    00439240    0001edc0   0001edc0    r-x
  00439240    00439240    0001edc0   0001edc0    r-x .text.1
00458000    00458000    00004000   00000000    rw-
  00458000    00458000    00002000   00000000    rw- .stack
  0045a000    0045a000    00002000   00000000    rw- .sysmem
00460000    00460000    00010ce2   00010ce2    r-x
  00460000    00460000    0000bce0   0000bce0    r-x .text.2
  0046bce0    0046bce0    00005002   00005002    r-- .rodata
00470ce8    00470ce8    00003c11   00003c11    rw-
  00470ce8    00470ce8    00003c11   00003c11    rw- .data
60000000    60000000    00068000   00000000    rw-
  60000000    60000000    00068000   00000000    rw- .l3


SECTION ALLOCATION MAP

 output                                  attributes/
section   page    origin      length       input sections
--------  ----  ----------  ----------   ----------------
.vectors   0    00400000    00000140     
                  00400000    00000140     freertos.xwrL64xx.m4f.ti-arm-clang.release.lib : HwiP_armv7m_handlers_freertos.obj (.vectors)

.bss       0    00400200    00039040     UNINITIALIZED
                  00400200    0000b400     (.common:vsDataAngleFftOutBuf)
                  0040b600    00008000     (.common:gDpcTaskStack)
                  00413600    00007000     (.common:gMmwCoreLocMem)
                  0041a600    00006400     (.common:gMmwCoreLocMem2)
                  00420a00    00004000     control.xwrL64xx.m4f.ti-arm-clang.release.lib : mmwave_fullcfg.obj (.bss.gMmwHeapMem)
                  00424a00    00004000     (.common:gCliTskStack)
                  00428a00    00004000     (.common:gMainTaskStack)
                  0042ca00    00002000     (.common:gTlvTaskStack)
                  0042ea00    000013ec     (.common:distances)
                  0042fdec    00001000     freertos.xwrL64xx.m4f.ti-arm-clang.release.lib : port.obj (.bss.uxIdleTaskStack)
                  00430dec    00000014                                                    : timers.obj (.bss.xActiveTimerList1)
                  00430e00    00001000     (.common:gAdcFileTaskStack)
                  00431e00    00001000     (.common:gPowerTaskStack)
                  00432e00    00001000     (.common:gmmwinitTaskStack)
                  00433e00    00001000     (.common:vitalSignsSpectrumTwiddle)
                  00434e00    00000800     (.common:gMmwCoreLocMem3)
                  00435600    00000400                                                    : port.obj (.bss.uxTimerTaskStack)
                  00435a00    00000400     (.common:vsDataAngleFftOutBufLogAbsSum)
                  00435e00    00000354     (.common:gCLI)
                  00436154    000002a0     (.common:gMMWave_MCB)
                  004363f4    00000280     (.common:gHwiCtrl)
                  00436674    0000021c     ti_drivers_config.o (.bss.gUartObjects)
                  00436890    000001f4     (.common:doaProcDpuCfg)
                  00436a84    000001f0     (.common:appSceneryParamTable)
                  00436c74    0000000a     (.common:tempStats)
                  00436c7e    00000002     control.xwrL64xx.m4f.ti-arm-clang.release.lib : mmwave_link_xWRLx4xx.obj (.bss.MMWave_openLink.clpcTxcodes.0)
                  00436c80    000001d8     (.common:guDopProcHeapMem)
                  00436e58    00000028     (.common:intrObj_rangeProc)
                  00436e80    000001cc     datapath_tracker3d.xwrL64xx.m4f.ti-arm-clang.release.lib : cfarprochwa.obj (.bss.gCfarProcHeapMem)
                  0043704c    00000194     ti_drivers_config.o (.bss.gQspiObjects)
                  004371e0    00000188     (.common:uDopProcDpuCfg)
                  00437368    00000018     (.common:vitalSignsAntenna)
                  00437380    00000184     datapath_tracker3d.xwrL64xx.m4f.ti-arm-clang.release.lib : mpdproc.obj (.bss.gMpdProcHeapMem)
                  00437504    00000184     (.common:mpdProcDpuCfg)
                  00437688    00000038     (.common:gClockCtrl)
                  004376c0    00000164                                                              : rangeprochwa.obj (.bss.gRangeProcHeapMem)
                  00437824    00000014     freertos.xwrL64xx.m4f.ti-arm-clang.release.lib : timers.obj (.bss.xActiveTimerList2)
                  00437838    00000008     libsysbm.a : hostopen.c.obj (.bss.parmbuf)
                  00437840    00000154     datapath_tracker3d.xwrL64xx.m4f.ti-arm-clang.release.lib : trackerproc.obj (.bss.gTrackerProcHeapMem)
                  00437994    00000024     (.common:i2cTransaction)
                  004379b8    00000008     (.common:demoEndTime)
                  004379c0    00000150                                                              : doaproc.obj (.bss.gDoaProcHeapMem)
                  00437b10    00000140     freertos.xwrL64xx.m4f.ti-arm-clang.release.lib : tasks.obj (.bss.pxReadyTasksLists)
                  00437c50    0000012c     (.common:Power_contextSave)
                  00437d7c    00000128     (.common:rangeProcDpuCfg)
                  00437ea4    00000120     libsysbm.a : trgmsg.c.obj (.bss:_CIOBUF_)
                  00437fc4    00000118     ti_drivers_config.o (.bss.gI2cObjects)
                  004380dc    00000100     freertos.xwrL64xx.m4f.ti-arm-clang.release.lib : timers.obj (.bss.prvCheckForValidListAndQueue.ucStaticTimerQueueStorage)
                  004381dc    00000100     (.common:HwaParamsetIntr)
                  004382dc    00000100     (.common:xQueueRegistry)
                  004383dc    000000f0     (.common:vsDataPerFrame)
                  004384cc    000000d4     (.common:cfarProcDpuCfg)
                  004385a0    000000b0     ti_drivers_config.o (.bss.gEdmaObjects)
                  00438650    000000a0     libc.a : defs.c.obj (.bss.__TI_tmpnams)
                  004386f0    00000094     mmwavelink_m4.lib : rl_device.o (.bss.z_FeDriverData)
                  00438784    00000088     (.common:vitalSignsOutput)
                  0043880c    00000080     (.common:angleFFTSpectrumTwiddle)
                  0043888c    0000007c     freertos.xwrL64xx.m4f.ti-arm-clang.release.lib : port.obj (.bss.xIdleTaskTCB)
                  00438908    0000007c                                                    : port.obj (.bss.xTimerTaskTCB)
                  00438984    0000007c     (.common:gAdcFileTaskObj)
                  00438a00    0000007c     (.common:gCliTaskObj)
                  00438a7c    0000007c     (.common:gDpcTaskObj)
                  00438af8    0000007c     (.common:gMainTaskObj)
                  00438b74    0000007c     (.common:gPowerTaskObj)
                  00438bf0    0000007c     (.common:gTlvTaskObj)
                  00438c6c    0000007c     (.common:gmmwinitTaskObj)
                  00438ce8    00000070     (.common:gHwaObject)
                  00438d58    00000060                                                    : DebugP_freertos.obj (.bss.gDebugLogLockObj)
                  00438db8    00000060     (.common:gMmwOsalMutex)
                  00438e18    00000060     (.common:gMmwOsalSem)
                  00438e78    00000048                                                    : timers.obj (.bss.prvCheckForValidListAndQueue.xStaticTimerQueue)
                  00438ec0    00000048     (.common:gPowerSemObj)
                  00438f08    00000048     (.common:gRovDummyQueue)
                  00438f50    00000048     (.common:gmmwinitObj)
                  00438f98    00000040     control.xwrL64xx.m4f.ti-arm-clang.release.lib : mmwave_fullcfg.obj (.bss.gMmwHeapObj)
                  00438fd8    00000040     (.common:AppDebugData)
                  00439018    00000020     (.common:gHwiFrameStartHwiObject)
                  00439038    00000020     (.common:gTimerHwiObj)
                  00439058    00000020     (.common:idleHwiObj)
                  00439078    00000014     freertos.xwrL64xx.m4f.ti-arm-clang.release.lib : tasks.obj (.bss.xDelayedTaskList1)
                  0043908c    00000014                                                    : tasks.obj (.bss.xDelayedTaskList2)
                  004390a0    00000014                                                    : tasks.obj (.bss.xPendingReadyList)
                  004390b4    00000014                                                    : tasks.obj (.bss.xSuspendedTaskList)
                  004390c8    00000014                                                    : tasks.obj (.bss.xTasksWaitingTermination)
                  004390dc    00000014     (.common:idleHwiPrms)
                  004390f0    00000014     (.common:intrObj_cfarProc)
                  00439104    00000014     (.common:intrObj_doaProc)
                  00439118    00000014     (.common:intrObj_uDopProc)
                  0043912c    00000010     (.common:gFlashObject_MX25V1635F)
                  0043913c    00000004                                                    : timers.obj (.bss.pxCurrentTimerList)
                  00439140    00000010     datapath_tracker3d.xwrL64xx.m4f.ti-arm-clang.release.lib : trackerproc.obj (.bss.gTrackerProcDescrpHdlHeapMem)
                  00439150    00000010     (.common:rxData)
                  00439160    00000010     (.common:txData)
                  00439170    00000008     (.common:demoTimeus)
                  00439178    00000008     (.common:frmPrdus)
                  00439180    00000008     (.common:gEdmaHandle)
                  00439188    00000008     (.common:gMmwDemoFlash)
                  00439190    00000008     (.common:slpTimeus)
                  00439198    00000008     (.common:test)
                  004391a0    00000008     (.common:ullIdleTime)
                  004391a8    00000008     (.common:ullSleepTime)
                  004391b0    00000004     freertos.xwrL64xx.m4f.ti-arm-clang.release.lib : tasks.obj (.bss.pxDelayedTaskList)
                  004391b4    00000004                                                    : tasks.obj (.bss.pxOverflowDelayedTaskList)
                  004391b8    00000004                                                    : timers.obj (.bss.pxOverflowTimerList)
                  004391bc    00000004     libc.a : memory.c.obj (.bss.sys_free)
                  004391c0    00000004     (.common:gAdcFileTask)
                  004391c4    00000004     (.common:gCliTask)
                  004391c8    00000004     (.common:gDpcTask)
                  004391cc    00000004     (.common:gFlashHandle)
                  004391d0    00000004     (.common:gI2cHandle)
                  004391d4    00000004     (.common:gMainTask)
                  004391d8    00000004     (.common:gPowerSem)
                  004391dc    00000004     (.common:gPowerTask)
                  004391e0    00000004     (.common:gPreStoredAdcTestBuff)
                  004391e4    00000004     (.common:gQspiHandle)
                  004391e8    00000004     (.common:gTimerBaseAddr)
                  004391ec    00000004     (.common:gTlvTask)
                  004391f0    00000004     (.common:gUartHandle)
                  004391f4    00000004     (.common:gmmwinit)
                  004391f8    00000004     (.common:gmmwinitTask)
                  004391fc    00000004     (.common:gpioBaseAddrLed)
                  00439200    00000004     (.common:hwRes)
                  00439204    00000004     (.common:hwaHandle)
                  00439208    00000004     (.common:pinNumLed)
                  0043920c    00000004     (.common:radialDistance)
                  00439210    00000004     (.common:tan_input)
                  00439214    00000004     (.common:tan_output)
                  00439218    00000004     (.common:xDistForVS)
                  0043921c    00000004     (.common:yDistForVS)
                  00439220    00000002     control.xwrL64xx.m4f.ti-arm-clang.release.lib : mmwave_link_xWRLx4xx.obj (.bss.MMWave_openLink.clpcTxcodes.1)
                  00439222    00000002     (.common:vsLastFramePeakIdxI)
                  00439224    00000002     (.common:vsLastFramePeakIdxJ)
                  00439226    00000001                                                   : mmwave_link_xWRLx4xx.obj (.bss.MMWave_openLink.clpcCalTemp)
                  00439227    00000001     (.common:pgVersion)
                  00439228    00000018     --HOLE--

.stack     0    00458000    00002000     UNINITIALIZED
                  00458000    00000004     freertos.xwrL64xx.m4f.ti-arm-clang.release.lib : boot_armv7m.obj (.stack)
                  00458004    00001ffc     --HOLE--

.sysmem    0    0045a000    00002000     UNINITIALIZED
                  0045a000    00000010     libc.a : memory.c.obj (.sysmem)
                  0045a010    00001ff0     --HOLE--

.l3        0    60000000    00068000     UNINITIALIZED
                  60000000    00068000     vitalsign_with_tracking.o (.l3)

__llvm_prf_cnts 
*          0    00400200    00000000     UNINITIALIZED

__llvm_prf_bits 
*          0    00400200    00000000     UNINITIALIZED

.text.1    0    00439240    0001edc0     
                  00439240    00000de8     vitalsign_with_tracking.o (.text.mmwDemo_TransmitProcessedOutputTask)
                  0043a028    00000c04     libc.a : _scanfi.c.obj (.text.__TI_scanfi)
                  0043ac2c    00000004     ti_board_open_close.o (.text.Board_driversOpen)
                  0043ac30    00000afc     vitalsign.o (.text.MmwDemo_computeVitalSignProcessing)
                  0043b72c    00000004     freertos.xwrL64xx.m4f.ti-arm-clang.release.lib : ClockP_freertos.obj (.text.ClockP_getTicks)
                  0043b730    00000a80     libc.a : e_pow.c.obj (.text.pow)
                  0043c1b0    00000a0a     datapath_tracker3d.xwrL64xx.m4f.ti-arm-clang.release.lib : cfarprochwa.obj (.text.CFAR_DET_HWA_cfarRangeDoppler_ProcList)
                  0043cbba    00000006     drivers.xwrL64xx.m4f.ti-arm-clang.release.lib : edma.obj (.text.EDMA_isInterruptEnabled)
                  0043cbc0    000009d4     libc.a : _printfi.c.obj (.text:__TI_printfi)
                  0043d594    000008b6     datapath_tracker3d.xwrL64xx.m4f.ti-arm-clang.release.lib : rangeprochwa.obj (.text.rangeProcHWA_HardwareConfig)
                  0043de4a    00000002     ti_board_config.o (.text.Board_init)
                  0043de4c    00000824     alg_gtrack3d.xwrL64xx.m4f.ti-arm-clang.release.lib : gtrack_unit_update.obj (.text.gtrack_unitUpdate)
                  0043e670    00000800     datapath_tracker3d.xwrL64xx.m4f.ti-arm-clang.release.lib : doaproc.obj (.text.doaProc_configHwa)
                  0043ee70    0000075a     drivers.xwrL64xx.m4f.ti-arm-clang.release.lib : hwa.obj (.text.HWA_configParamSet)
                  0043f5ca    00000002     freertos.xwrL64xx.m4f.ti-arm-clang.release.lib : CacheP_null.obj (.text.CacheP_inv)
                  0043f5cc    00000734     alg_gtrack3d.xwrL64xx.m4f.ti-arm-clang.release.lib : gtrack_create.obj (.text.gtrack_create)
                  0043fd00    00000724     libc.a : k_rem_pio2.c.obj (.text.__kernel_rem_pio2)
                  00440424    0000070a     ADC_testbuf.o (.text.mmwDemo_adcFileReadTask)
                  00440b2e    00000002     freertos.xwrL64xx.m4f.ti-arm-clang.release.lib : CacheP_null.obj (.text.CacheP_wb)
                  00440b30    000006e8     dpc.o (.text.DPC_Execute)
                  00441218    0000066c     datapath_tracker3d.xwrL64xx.m4f.ti-arm-clang.release.lib : udopproc.obj (.text.uDopProc_configHwa)
                  00441884    000005fe     drivers.xwrL64xx.m4f.ti-arm-clang.release.lib : hwa.obj (.text.HWA_configCommon)
                  00441e82    00000002     freertos.xwrL64xx.m4f.ti-arm-clang.release.lib : ClockP_freertos_m4.obj (.text.ClockP_timerClearOverflowInt)
                  00441e84    00000594     libc.a : e_powf.c.obj (.text.powf)
                  00442418    0000057c     datapath_tracker3d.xwrL64xx.m4f.ti-arm-clang.release.lib : mpdproc.obj (.text.assignPointsToZones)
                  00442994    00000004     freertos.xwrL64xx.m4f.ti-arm-clang.release.lib : ClockP_freertos_m4.obj (.text.ClockP_getTimerCount)
                  00442998    00000570     datapath_tracker3d.xwrL64xx.m4f.ti-arm-clang.release.lib : cfarprochwa.obj (.text.CFAR_DET_HWA_cfarRange_ProcList)
                  00442f08    00000570     freertos.xwrL64xx.m4f.ti-arm-clang.release.lib : printf.obj (.text._vsnprintf)
                  00443478    00000568     dpc.o (.text.uDopProc_configParser)
                  004439e0    0000054e     dpc.o (.text.DoaProc_configParser)
                  00443f2e    00000002     drivers.xwrL64xx.m4f.ti-arm-clang.release.lib : hwa.obj (.text.HWA_init)
                  00443f30    00000546     alg_classifier.xwrL64xx.m4f.ti-arm-clang.release.lib : classifier_layers.obj (.text.conv2_op)
                  00444476    00000002     freertos.xwrL64xx.m4f.ti-arm-clang.release.lib : power_xwrLx4xx_freertos.obj (.text.Power_initPolicy)
                  00444478    0000052e     mmwave_control_config.o (.text.Mmwave_populateDefaultChirpControlCfg)
                  004449a6    00000002     libclang_rt.builtins.a : aeabi_div0.c.obj (.text.__aeabi_ldiv0)
                  004449a8    00000528     libc.a : s_cos.c.obj (.text.cos)
                  00444ed0    00000528            : s_sin.c.obj (.text.sin)
                  004453f8    000004ee     alg_gtrack3d.xwrL64xx.m4f.ti-arm-clang.release.lib : gtrack_module.obj (.text.gtrack_moduleAllocate)
                  004458e6    000004c4     mmw_cli.o (.text.CLI_init)
                  00445daa    00000002     libc.a : _lock.c.obj (.text._nop)
                  00445dac    000004bc     alg_gtrack3d.xwrL64xx.m4f.ti-arm-clang.release.lib : gtrack_utilities_3d.obj (.text.gtrack_matrixInv)
                  00446268    000004a8     freertos.xwrL64xx.m4f.ti-arm-clang.release.lib : printf.obj (.text._etoa)
                  00446710    0000048c     dpc.o (.text.CfarProc_configParser)
                  00446b9c    00000488     vitalsign.o (.text.MmwDemo_runPreProcess)
                  00447024    00000004     libsysbm.a : hostexit.c.obj (.text.HOSTexit)
                  00447028    00000474     libc.a : strtod.c.obj (.text.strtod)
                  0044749c    00000004     control.xwrL64xx.m4f.ti-arm-clang.release.lib : mmwave_link_xWRLx4xx.obj (.text.MMWave_ExitCriticalRegion)
                  004474a0    00000468                                                   : mmwave_link_common.obj (.text.MMWave_configLink)
                  00447908    00000440     freertos.xwrL64xx.m4f.ti-arm-clang.release.lib : printf.obj (.text._ftoa)
                  00447d48    00000430     dpc.o (.text.DPC_Config)
                  00448178    000003e6     dpc.o (.text.RangeProc_configParser)
                  0044855e    00000002     freertos.xwrL64xx.m4f.ti-arm-clang.release.lib : printf.obj (.text._out_null)
                  00448560    000003e0     alg_gtrack3d.xwrL64xx.m4f.ti-arm-clang.release.lib : gtrack_unit_score.obj (.text.gtrack_unitScore)
                  00448940    000003b0     freertos.xwrL64xx.m4f.ti-arm-clang.release.lib : HwiP_armv7m.obj (.text.hwi)
                  00448cf0    000003a8     datapath_tracker3d.xwrL64xx.m4f.ti-arm-clang.release.lib : udopproc.obj (.text.uDopProc_ConfigTriggerHwa)
                  00449098    0000037c     range_phase_bias_measurement.o (.text.mmwDemo_rangeBiasRxChPhaseMeasure)
                  00449414    0000037a     board.xwrL64xx.m4f.ti-arm-clang.release.lib : flash_nor_qspi.obj (.text.Flash_norQspiOpen)
                  0044978e    00000002     alg_gtrack3d.xwrL64xx.m4f.ti-arm-clang.release.lib : gtrack_unit_stop.obj (.text.gtrack_unitStop)
                  00449790    00000342     drivers.xwrL64xx.m4f.ti-arm-clang.release.lib : i2c_v0.obj (.text.I2C_hwiFxn)
                  00449ad2    0000032a                                                   : uart_sci.obj (.text.UART_open)
                  00449dfc    00000320     datapath_tracker3d.xwrL64xx.m4f.ti-arm-clang.release.lib : udopproc.obj (.text.DPU_uDopProc_process)
                  0044a11c    00000004     control.xwrL64xx.m4f.ti-arm-clang.release.lib : mmwave_link_xWRLx4xx.obj (.text.MMWave_TimeStamp)
                  0044a120    00000320     factory_cal.o (.text.mmwDemo_factoryCal)
                  0044a440    00000310     drivers.xwrL64xx.m4f.ti-arm-clang.release.lib : soc_rcm.obj (.text.SOC_rcmGetPeripheralClock)
                  0044a750    0000030a                                                   : edma.obj (.text.EDMA_init)
                  0044aa5a    000002f6     datapath_tracker3d.xwrL64xx.m4f.ti-arm-clang.release.lib : doaproc.obj (.text.doaProc_configEdma)
                  0044ad50    000002f0     libc.a : e_log10.c.obj (.text.log10)
                  0044b040    000002ec     datapath_tracker3d.xwrL64xx.m4f.ti-arm-clang.release.lib : cfarprochwa.obj (.text.CFAR_DET_HWA_cfarRange_ProcList_1tx_1rx)
                  0044b32c    000002e2     DSPF_sp_fftSPxSP_cn.o (.text.DSPF_sp_fftSPxSP_cn)
                  0044b60e    000002de     datapath_tracker3d.xwrL64xx.m4f.ti-arm-clang.release.lib : cfarprochwa.obj (.text.CFAR_DET_HWA_config_HWA)
                  0044b8ec    00000014     board.xwrL64xx.m4f.ti-arm-clang.release.lib : cpu.obj (.text.CPUcpsid)
                  0044b900    000002dc     libc.a : strcmp_t2.S.obj (.text:strcmp)
                  0044bbdc    00000004     control.xwrL64xx.m4f.ti-arm-clang.release.lib : mmwave_listlib.obj (.text.MMWave_listGetHead)
                  0044bbe0    000002cc     mmw_cli.o (.text.CLI_MMWaveSensorStart)
                  0044beac    000002bc     alg_classifier.xwrL64xx.m4f.ti-arm-clang.release.lib : classifier_layers.obj (.text.conv1_op)
                  0044c168    000002b8     libc.a : _printfi.c.obj (.text._pconv_a)
                  0044c420    00000294     vitalsign_with_tracking.o (.text.vitalsign_with_tracking)
                  0044c6b4    00000274     drivers.xwrL64xx.m4f.ti-arm-clang.release.lib : i2c_v0.obj (.text.I2C_open)
                  0044c928    00000258     freertos.xwrL64xx.m4f.ti-arm-clang.release.lib : power_xwrLx4xx_freertos.obj (.text.Power_sleepPolicy)
                  0044cb80    00000244     datapath_tracker3d.xwrL64xx.m4f.ti-arm-clang.release.lib : trackerproc.obj (.text.DPU_TrackerProc_config)
                  0044cdc4    0000023c     control.xwrL64xx.m4f.ti-arm-clang.release.lib : mmwave_link_xWRLx4xx.obj (.text.MMWave_openLink)
                  0044d000    00000238     libc.a : _printfi.c.obj (.text._pconv_g)
                  0044d238    0000022e     drivers.xwrL64xx.m4f.ti-arm-clang.release.lib : qspi.obj (.text.QSPI_open)
                  0044d466    0000022c                                                   : uart_sci.obj (.text.UART_write)
                  0044d692    00000006                                                   : gpio.obj (.text.GPIO_moduleEnable)
                  0044d698    00000228     datapath_tracker3d.xwrL64xx.m4f.ti-arm-clang.release.lib : udopproc.obj (.text.DPU_uDopProc_config)
                  0044d8c0    00000228     power_management.o (.text.powerManagementTask)
                  0044dae8    00000222     drivers.xwrL64xx.m4f.ti-arm-clang.release.lib : i2c_v0.obj (.text.I2C_primeTransfer)
                  0044dd0a    00000002     power_management.o (.text.power_LPDSentryhook)
                  0044dd0c    00000218     alg_gtrack3d.xwrL64xx.m4f.ti-arm-clang.release.lib : gtrack_utilities.obj (.text.gtrack_computeJacobian)
                  0044df24    00000214     datapath_tracker3d.xwrL64xx.m4f.ti-arm-clang.release.lib : rangeprochwa.obj (.text.rangeProcHWA_ConfigEDMA_evtDecim)
                  0044e138    00000204     alg_gtrack3d.xwrL64xx.m4f.ti-arm-clang.release.lib : gtrack_step.obj (.text.gtrack_step)
                  0044e33c    000001fc     dpc.o (.text.MmwDemo_cfgDopplerParamMapping)
                  0044e538    000001f6     datapath_tracker3d.xwrL64xx.m4f.ti-arm-clang.release.lib : dpedma.obj (.text.DPEDMA_configSyncTransfer)
                  0044e72e    00000002     freertos.xwrL64xx.m4f.ti-arm-clang.release.lib : port.obj (.text.vPortConfigTimerForRunTimeStats)
                  0044e730    000001f4     alg_gtrack3d.xwrL64xx.m4f.ti-arm-clang.release.lib : gtrack_unit_event.obj (.text.gtrack_unitEvent)
                  0044e924    00000004     control.xwrL64xx.m4f.ti-arm-clang.release.lib : mmwave_listlib.obj (.text.MMWave_listGetNext)
                  0044e928    000001e8     datapath_tracker3d.xwrL64xx.m4f.ti-arm-clang.release.lib : udopproc.obj (.text.uDopProc_FeatExtraction)
                  0044eb10    000001de                                                              : dpedma.obj (.text.DPEDMA_configSyncA_singleFrame)
                  0044ecee    000001d8                                                              : dpedma.obj (.text.DPEDMA_configSyncAB)
                  0044eec6    00000002     --HOLE-- [fill = 0]
                  0044eec8    000001ca     freertos.xwrL64xx.m4f.ti-arm-clang.release.lib : MpuP_armv7m.obj (.text.mpu)
                  0044f092    00000002     --HOLE-- [fill = 0]
                  0044f094    000001c8     libc.a : strtoll.c.obj (.text.strtoll)
                  0044f25c    000001c6     drivers.xwrL64xx.m4f.ti-arm-clang.release.lib : hwa.obj (.text.HWA_open)
                  0044f422    00000002     --HOLE-- [fill = 0]
                  0044f424    000001c4     libc.a : e_logf.c.obj (.text.logf)
                  0044f5e8    000001b8     alg_gtrack3d.xwrL64xx.m4f.ti-arm-clang.release.lib : gtrack_unit_create.obj (.text.gtrack_unitCreate)
                  0044f7a0    000001b6     libclang_rt.builtins.a : adddf3.S.obj (.text.adddf3_subdf3)
                  0044f956    00000002     --HOLE-- [fill = 0]
                  0044f958    000001b4     datapath_tracker3d.xwrL64xx.m4f.ti-arm-clang.release.lib : mpdproc.obj (.text.stateMachine)
                  0044fb0c    000001b2                                                              : udopproc.obj (.text.uDopProc_configEdma_loopBack)
                  0044fcbe    000001b0     drivers.xwrL64xx.m4f.ti-arm-clang.release.lib : uart_sci.obj (.text.UART_read)
                  0044fe6e    00000002     --HOLE-- [fill = 0]
                  0044fe70    000001b0     utils.xwrL64xx.m4f.ti-arm-clang.release.lib : mathutils.obj (.text.mathUtils_genWindow)
                  00450020    000001ae     freertos.xwrL64xx.m4f.ti-arm-clang.release.lib : timers.obj (.text.prvTimerTask)
                  004501ce    00000002     --HOLE-- [fill = 0]
                  004501d0    000001a8     range_phase_bias_measurement.o (.text.mmwDemo_rangeBiasRxChPhaseMeasureConfig)
                  00450378    000001a6     drivers.xwrL64xx.m4f.ti-arm-clang.release.lib : edma.obj (.text.EDMA_deinit)
                  0045051e    00000002     --HOLE-- [fill = 0]
                  00450520    000001a0     libc.a : _printfi.c.obj (.text.fcvt)
                  004506c0    00000194     control.xwrL64xx.m4f.ti-arm-clang.release.lib : mmwave_link_common.obj (.text.MMWave_deviceGetVersion)
                  00450854    00000004     drivers.xwrL64xx.m4f.ti-arm-clang.release.lib : prcm.obj (.text.PRCMPeripheralStatusGet)
                  00450858    00000194     libc.a : s_exp2f.c.obj (.text.exp2f)
                  004509ec    00000190     drivers.xwrL64xx.m4f.ti-arm-clang.release.lib : uart_sci_edma.obj (.text.UART_edmaChannelConfig)
                  00450b7c    0000018c                                                   : qspi_edma.obj (.text.QSPI_edmaTransfer)
                  00450d08    00000182     datapath_tracker3d.xwrL64xx.m4f.ti-arm-clang.release.lib : udopproc.obj (.text.uDopProc_configEdma)
                  00450e8a    00000006     freertos.xwrL64xx.m4f.ti-arm-clang.release.lib : SemaphoreP_freertos.obj (.text.SemaphoreP_destruct)
                  00450e90    00000180     libc.a : _printfi.c.obj (.text._pconv_e)
                  00451010    00000180            : fwrite.c.obj (.text.fwrite)
                  00451190    0000017c     vitalsign.o (.text.MmwDemo_runVitalSigns)
                  0045130c    0000017a     drivers.xwrL64xx.m4f.ti-arm-clang.release.lib : uart_sci.obj (.text.UART_controllerIsr)
                  00451486    00000002     --HOLE-- [fill = 0]
                  00451488    00000176                                                   : power_xwrLx4xx.obj (.text.Power_sleep)
                  004515fe    00000176                                                   : qspi_edma.obj (.text.QSPI_edmaChannelConfig)
                  00451774    00000170     datapath_tracker3d.xwrL64xx.m4f.ti-arm-clang.release.lib : doaproc.obj (.text.DPU_DoaProc_config)
                  004518e4    00000004     drivers.xwrL64xx.m4f.ti-arm-clang.release.lib : soc.obj (.text.SOC_moduleSetClockFrequency)
                  004518e8    00000170     vitalsign.o (.text.MmwDemo_genTwiddle)
                  00451a58    00000170     drivers.xwrL64xx.m4f.ti-arm-clang.release.lib : soc_rcm.obj (.text.SOC_rcmEnablePeripheralClock)
                  00451bc8    00000170     libc.a : k_sin.c.obj (.text.__kernel_sin)
                  00451d38    00000170            : strtoull.c.obj (.text.strtoull)
                  00451ea8    0000016a     datapath_tracker3d.xwrL64xx.m4f.ti-arm-clang.release.lib : rangeprochwa.obj (.text.DPU_RangeProcHWA_config)
                  00452012    00000002     --HOLE-- [fill = 0]
                  00452014    0000016a     board.xwrL64xx.m4f.ti-arm-clang.release.lib : flash_nor_qspi.obj (.text.Flash_norQspiWrite)
                  0045217e    00000002     --HOLE-- [fill = 0]
                  00452180    00000168     drivers.xwrL64xx.m4f.ti-arm-clang.release.lib : power_xwrLx4xx.obj (.text.Power_Idle3)
                  004522e8    00000168     libc.a : k_cos.c.obj (.text.__kernel_cos)
                  00452450    00000168            : e_sqrt.c.obj (.text.sqrt)
                  004525b8    00000162     drivers.xwrL64xx.m4f.ti-arm-clang.release.lib : soc_rcm.obj (.text.SOC_rcmSetPeripheralClock)
                  0045271a    00000002     --HOLE-- [fill = 0]
                  0045271c    0000015c     datapath_tracker3d.xwrL64xx.m4f.ti-arm-clang.release.lib : dbscan.obj (.text.expandCluster)
                  00452878    0000015a     control.xwrL64xx.m4f.ti-arm-clang.release.lib : mmwave_link_xWRLx4xx.obj (.text.MMWave_initLink)
                  004529d2    00000006     alg_classifier.xwrL64xx.m4f.ti-arm-clang.release.lib : classifier_layers.obj (.text.classifier_bytes_needed)
                  004529d8    00000158     libc.a : e_asinf.c.obj (.text.asinf)
                  00452b30    00000158            : s_atanf.c.obj (.text.atanf)
                  00452c88    00000156     drivers.xwrL64xx.m4f.ti-arm-clang.release.lib : qspi.obj (.text.QSPI_readCmd)
                  00452dde    00000002     --HOLE-- [fill = 0]
                  00452de0    00000156     freertos.xwrL64xx.m4f.ti-arm-clang.release.lib : queue.obj (.text.xQueueSemaphoreTake)
                  00452f36    00000002     --HOLE-- [fill = 0]
                  00452f38    00000154     libc.a : e_log10f.c.obj (.text.log10f)
                  0045308c    00000150     alg_gtrack3d.xwrL64xx.m4f.ti-arm-clang.release.lib : gtrack_unit_update.obj (.text.gtrack_velocityStateHandling)
                  004531dc    0000014e     board.xwrL64xx.m4f.ti-arm-clang.release.lib : ina.obj (.text.SensorConfig228)
                  0045332a    0000014a     tracker_utils.o (.text.MmwDemo_CLIBoundaryBoxCfg)
                  00453474    00000148     mmw_cli.o (.text.CLI_MMWStart)
                  004535bc    00000148     drivers.xwrL64xx.m4f.ti-arm-clang.release.lib : uart_sci.obj (.text.UART_close)
                  00453704    00000148     datapath_tracker3d.xwrL64xx.m4f.ti-arm-clang.release.lib : rangeprochwa.obj (.text.rangeProcHWA_ParseConfig)
                  0045384c    00000144     freertos.xwrL64xx.m4f.ti-arm-clang.release.lib : printf.obj (.text._ntoa_format)
                  00453990    00000140     mmw_cli.o (.text.CLI_task)
                  00453ad0    00000140     alg_featExtract.xwrL64xx.m4f.ti-arm-clang.release.lib : featExtract_compute.obj (.text.featExtract_compute)
                  00453c10    00000140     alg_gtrack3d.xwrL64xx.m4f.ti-arm-clang.release.lib : gtrack_utilities.obj (.text.gtrack_cartesian2spherical)
                  00453d50    00000140     libc.a : e_log2f.c.obj (.text.log2f)
                  00453e90    0000013c     datapath_tracker3d.xwrL64xx.m4f.ti-arm-clang.release.lib : trackerproc.obj (.text.DPU_TrackerProc_process)
                  00453fcc    0000013c     libc.a : strtol.c.obj (.text.strtol)
                  00454108    0000013a     freertos.xwrL64xx.m4f.ti-arm-clang.release.lib : tasks.obj (.text.xTaskIncrementTick)
                  00454242    00000006                                                    : list.obj (.text.vListInitialiseItem)
                  00454248    00000138     mmw_cli.o (.text.CLI_MMWaveChirpCommonCfg)
                  00454380    00000138     mmw_cli.o (.text.CLI_MMWaveChirpTimingCfg)
                  004544b8    00000138     datapath_tracker3d.xwrL64xx.m4f.ti-arm-clang.release.lib : cfarprochwa.obj (.text.DPU_CFARProcHWA_process)
                  004545f0    00000138                                                              : udopproc.obj (.text.uDopProc_updateTrackIdFeatures)
                  00454728    00000136     libclang_rt.builtins.a : divdf3.S.obj (.text.__divdf3)
                  0045485e    00000002     --HOLE-- [fill = 0]
                  00454860    00000136     freertos.xwrL64xx.m4f.ti-arm-clang.release.lib : queue.obj (.text.xQueueGenericSend)
                  00454996    00000002     --HOLE-- [fill = 0]
                  00454998    00000136                                                    : queue.obj (.text.xQueueReceive)
                  00454ace    00000002     --HOLE-- [fill = 0]
                  00454ad0    00000132     drivers.xwrL64xx.m4f.ti-arm-clang.release.lib : edma.obj (.text.allocResource)
                  00454c02    00000130     freertos.xwrL64xx.m4f.ti-arm-clang.release.lib : ClockP_freertos_m4.obj (.text.ClockP_init)
                  00454d32    0000012e     mmwavelink_m4.lib : rl_device.o (.text.rl_initErrorCheck)
                  00454e60    0000012c     drivers.xwrL64xx.m4f.ti-arm-clang.release.lib : edma.obj (.text.EDMA_open)
                  00454f8c    0000012c     libc.a : strtoul.c.obj (.text.strtoul)
                  004550b8    00000126     dpc.o (.text.MmwDemo_calcActiveAntennaGeometry)
                  004551de    00000124     datapath_tracker3d.xwrL64xx.m4f.ti-arm-clang.release.lib : dpedma.obj (.text.DPEDMA_configDummyChannel)
                  00455302    00000002     --HOLE-- [fill = 0]
                  00455304    00000120     libc.a : fopen.c.obj (.text._openfile)
                  00455424    00000004     libclang_rt.builtins.a : aeabi_memcpy.S.obj (.text.__aeabi_memcpy)
                  00455428    00000120     libc.a : s_ceil.c.obj (.text.ceil)
                  00455548    00000120            : s_floor.c.obj (.text.floor)
                  00455668    00000120     freertos.xwrL64xx.m4f.ti-arm-clang.release.lib : HeapP_internal.obj (.text.pvHeapMalloc)
                  00455788    0000011c     mmw_cli.o (.text.CLI_MMWaveCfarCfg)
                  004558a4    0000011a     freertos.xwrL64xx.m4f.ti-arm-clang.release.lib : tasks.obj (.text.xTaskResumeAll)
                  004559be    00000118     datapath_tracker3d.xwrL64xx.m4f.ti-arm-clang.release.lib : dpedma.obj (.text.DPEDMA_freeEDMAChannel)
                  00455ad6    00000002     --HOLE-- [fill = 0]
                  00455ad8    00000118     freertos.xwrL64xx.m4f.ti-arm-clang.release.lib : tasks.obj (.text.prvAddNewTaskToReadyList)
                  00455bf0    00000112     mmw_cli.o (.text.CLI_MMWaveVersion)
                  00455d02    00000002     --HOLE-- [fill = 0]
                  00455d04    00000110     tracker_utils.o (.text.MmwDemo_CLITrackingCfg)
                  00455e14    00000004     libclang_rt.builtins.a : aeabi_memmove.S.obj (.text.__aeabi_memmove)
                  00455e18    00000110     alg_gtrack3d.xwrL64xx.m4f.ti-arm-clang.release.lib : gtrack_math.obj (.text.gtrack_calcRotMatZX)
                  00455f28    0000010e     datapath_tracker3d.xwrL64xx.m4f.ti-arm-clang.release.lib : doaproc.obj (.text.doaProc_InternalLoop)
                  00456036    0000010c                                                              : cfarprochwa.obj (.text.CFAR_DET_HWA_config_EDMA)
                  00456142    00000006     libc.a : exit.c.obj (.text:abort)
                  00456148    0000010c     vitalsign.o (.text.MmwDemo_computePhaseUnwrap)
                  00456254    0000010c     libc.a : memory.c.obj (.text.aligned_alloc)
                  00456360    0000010c            : s_scalbn.c.obj (.text.scalbn)
                  0045646c    00000108     board.xwrL64xx.m4f.ti-arm-clang.release.lib : flash_nor_qspi.obj (.text.Flash_norQspiReset)
                  00456574    00000108     alg_gtrack3d.xwrL64xx.m4f.ti-arm-clang.release.lib : gtrack_unit_start.obj (.text.gtrack_unitStart)
                  0045667c    00000106                                                        : gtrack_utilities_3d.obj (.text.gtrack_matrixComputePJT)
                  00456782    00000002     --HOLE-- [fill = 0]
                  00456784    00000104     drivers.xwrL64xx.m4f.ti-arm-clang.release.lib : edma.obj (.text.EDMA_transferCompletionMasterIsrFxn)
                  00456888    00000100     datapath_tracker3d.xwrL64xx.m4f.ti-arm-clang.release.lib : mpdproc.obj (.text.DPU_MpdProc_process)
                  00456988    000000fc     libclang_rt.builtins.a : muldf3.S.obj (.text.__muldf3)
                  00456a84    000000fc     libc.a : fputs.c.obj (.text.fputs)
                  00456b80    000000fc     dpc.o (.text.rangeBiasRxChPhaseMeasure_quadfit)
                  00456c7c    000000fa     drivers.xwrL64xx.m4f.ti-arm-clang.release.lib : edma.obj (.text.EDMA_freeResource)
                  00456d76    00000002     --HOLE-- [fill = 0]
                  00456d78    000000fa                                                   : qspi.obj (.text.QSPI_readMemMapMode)
                  00456e72    00000002     --HOLE-- [fill = 0]
                  00456e74    000000f8     mmw_cli.o (.text.CLI_MMWaveAdcLogging)
                  00456f6c    000000f8     dpc.o (.text.DPC_Init)
                  00457064    000000f4     libc.a : fread.c.obj (.text.fread)
                  00457158    000000f4     freertos.xwrL64xx.m4f.ti-arm-clang.release.lib : tasks.obj (.text.prvIdleTask)
                  0045724c    000000ee                                                    : tasks.obj (.text.vTaskDelete)
                  0045733a    000000ec     mmw_cli.o (.text.CLI_MMWaveFactoryCalConfig)
                  00457426    00000002     --HOLE-- [fill = 0]
                  00457428    000000ec     alg_gtrack3d.xwrL64xx.m4f.ti-arm-clang.release.lib : gtrack_module.obj (.text.gtrack_modulePresence)
                  00457514    000000ec                                                        : gtrack_utilities.obj (.text.gtrack_spherical2cartesian)
                  00457600    000000e8     drivers.xwrL64xx.m4f.ti-arm-clang.release.lib : qspi.obj (.text.QSPI_writeCmd)
                  004576e8    000000e8                                                   : uart_sci_edma.obj (.text.UART_readDma)
                  004577d0    000000e8     alg_classifier.xwrL64xx.m4f.ti-arm-clang.release.lib : classifier_predict.obj (.text.classifier_predict)
                  004578b8    000000e8                                                          : classifier_layers.obj (.text.layer_norm)
                  004579a0    000000e4     ti_board_config.o (.text.mmwDemo_PowerMeasurement)
                  00457a84    000000e2     alg_gtrack3d.xwrL64xx.m4f.ti-arm-clang.release.lib : gtrack_utilities_3d.obj (.text.gtrack_computeMahalanobis)
                  00457b66    00000002     --HOLE-- [fill = 0]
                  00457b68    000000e0     mmw_cli.o (.text.CLI_MMWaveFrameCfg)
                  00457c48    000000de     alg_gtrack3d.xwrL64xx.m4f.ti-arm-clang.release.lib : gtrack_unit_predict.obj (.text.gtrack_unitPredict)
                  00457d26    000000dc     datapath_tracker3d.xwrL64xx.m4f.ti-arm-clang.release.lib : cfarprochwa.obj (.text.DPU_CFARProcHWA_config)
                  00457e02    00000002     --HOLE-- [fill = 0]
                  00457e04    000000dc                                                              : trackerproc.obj (.text.DPU_TrackerProc_CartesianToSpherical)
                  00457ee0    000000dc                                                              : trackerproc.obj (.text.DPU_trackerProc_updateParamTables)
                  00457fbc    00000044     libsysbm.a : hostunlink.c.obj (.text.HOSTunlink)

.text.2    0    00460000    0000bce0     
                  00460000    000000dc     libc.a : memory.c.obj (.text.free)
                  004600dc    000000d8     drivers.xwrL64xx.m4f.ti-arm-clang.release.lib : edma.obj (.text.EDMA_allocResource)
                  004601b4    000000d8     dpc.o (.text.MmwDemo_compressPointCloudList)
                  0046028c    000000d8     drivers.xwrL64xx.m4f.ti-arm-clang.release.lib : uart_sci_edma.obj (.text.UART_writeDma)
                  00460364    000000d8     libc.a : setvbuf.c.obj (.text.setvbuf)
                  0046043c    000000d6     drivers.xwrL64xx.m4f.ti-arm-clang.release.lib : edma.obj (.text.EDMA_unregisterIntr)
                  00460512    00000002     --HOLE-- [fill = 0]
                  00460514    000000d6     dpc.o (.text.MpdProc_configParser)
                  004605ea    000000d4     drivers.xwrL64xx.m4f.ti-arm-clang.release.lib : i2c_v0.obj (.text.I2C_transfer)
                  004606be    000000d4     freertos.xwrL64xx.m4f.ti-arm-clang.release.lib : TimerP_rti.obj (.text.TimerP_setup)
                  00460792    000000d0     control.xwrL64xx.m4f.ti-arm-clang.release.lib : mmwave_fullcfg.obj (.text.MMWave_addChirp)
                  00460862    00000002     --HOLE-- [fill = 0]
                  00460864    000000d0     libc.a : s_scalbnf.c.obj (.text.scalbnf)
                  00460934    000000ce     board.xwrL64xx.m4f.ti-arm-clang.release.lib : flash_nor_qspi.obj (.text.Flash_norQspiSet4ByteAddrMode)
                  00460a02    000000ce     mmw_cli.o (.text.MmwDemo_CLIMicroDopplerParamCfg)
                  00460ad0    000000ce     alg_gtrack3d.xwrL64xx.m4f.ti-arm-clang.release.lib : gtrack_delete.obj (.text.gtrack_delete)
                  00460b9e    000000ce     mmwavelink_m4.lib : rl_device.o (.text.rl_mmWaveLinkInit)
                  00460c6c    000000cc     datapath_tracker3d.xwrL64xx.m4f.ti-arm-clang.release.lib : dbscan.obj (.text.calculateDistances)
                  00460d38    000000cc                                                              : dbscan.obj (.text.dbscan)
                  00460e04    000000ca     drivers.xwrL64xx.m4f.ti-arm-clang.release.lib : edma.obj (.text.EDMA_registerIntr)
                  00460ece    000000ca     alg_gtrack3d.xwrL64xx.m4f.ti-arm-clang.release.lib : gtrack_utilities_3d.obj (.text.gtrack_censor2world)
                  00460f98    000000ca     dpc.o (.text.mmwDemo_doaProcConfig)
                  00461062    00000004     libc.a : printf.c.obj (.text._outc)
                  00461066    00000002     --HOLE-- [fill = 0]
                  00461068    000000c8     mmw_cli.o (.text.CLI_MMWaveCompRangeBiasAndRxChanPhaseCfg)
                  00461130    000000c8     mmw_cli.o (.text.CLI_MmwDemo_AntGeometryCfg)
                  004611f8    000000c8     libc.a : s_cosf.c.obj (.text.cosf)
                  004612c0    000000c6     mmw_cli.o (.text.CLI_help)
                  00461386    000000c4     drivers.xwrL64xx.m4f.ti-arm-clang.release.lib : hwa.obj (.text.HWA_enableParamSetInterrupt)
                  0046144a    000000c4     tracker_utils.o (.text.MmwDemo_CLIPresenceParamCfg)
                  0046150e    000000c4     alg_classifier.xwrL64xx.m4f.ti-arm-clang.release.lib : classifier_create.obj (.text.classifier_create)
                  004615d2    00000002     --HOLE-- [fill = 0]
                  004615d4    000000c4     alg_featExtract.xwrL64xx.m4f.ti-arm-clang.release.lib : featExtract_create.obj (.text.featExtract_create)
                  00461698    000000c4     libc.a : s_round.c.obj (.text.round)
                  0046175c    000000c2     mmwavelink_m4.lib : rl_device.o (.text.rl_mmWaveDfpVerGet)
                  0046181e    000000c0     mmw_cli.o (.text.CLI_MMWaveSigProcChainCfg)
                  004618de    000000bc     mmw_cli.o (.text.CLI_MMWaveGuiMonSel)
                  0046199a    000000bc     mmw_cli.o (.text.CLI_MMWaveMpdBoundaryBox)
                  00461a56    00000002     --HOLE-- [fill = 0]
                  00461a58    000000bc     drivers.xwrL64xx.m4f.ti-arm-clang.release.lib : qspi.obj (.text.QSPI_spiConfigWrite)
                  00461b14    000000bc     freertos.xwrL64xx.m4f.ti-arm-clang.release.lib : SysTickTimerP.obj (.text.SysTickTimerP_setup)
                  00461bd0    000000ba     mmw_cli.o (.text.CLI_open)
                  00461c8a    00000002     --HOLE-- [fill = 0]
                  00461c8c    000000ba     freertos.xwrL64xx.m4f.ti-arm-clang.release.lib : HwiP_armv7m_handlers_freertos.obj (.text.hwi)
                  00461d46    000000b8     datapath_tracker3d.xwrL64xx.m4f.ti-arm-clang.release.lib : dpedmahwa.obj (.text.DPEDMAHWA_configTwoHotSignature)
                  00461dfe    000000b8     board.xwrL64xx.m4f.ti-arm-clang.release.lib : flash_nor_qspi.obj (.text.Flash_norQspiErase)
                  00461eb6    000000b8                                                 : flash_nor_qspi.obj (.text.Flash_norQspiEraseSector)
                  00461f6e    00000002     --HOLE-- [fill = 0]
                  00461f70    000000b4     alg_featExtract.xwrL64xx.m4f.ti-arm-clang.release.lib : featExtract_utilities.obj (.text.featExtract_interpFreq)
                  00462024    000000b2     power_management.o (.text.power_LPDSresumehook)
                  004620d6    00000002     --HOLE-- [fill = 0]
                  004620d8    000000b0     datapath_tracker3d.xwrL64xx.m4f.ti-arm-clang.release.lib : cfarprochwa.obj (.text.CFAR_DET_HWA_ConvertFovToIdx)
                  00462188    000000b0     drivers.xwrL64xx.m4f.ti-arm-clang.release.lib : hwa.obj (.text.HWA_configRam)
                  00462238    000000b0     control.xwrL64xx.m4f.ti-arm-clang.release.lib : mmwave_fullcfg.obj (.text.MMWave_getChirpHandle)
                  004622e8    000000b0                                                   : mmwave.obj (.text.MMWave_init)
                  00462398    000000b0     tracker_utils.o (.text.MmwDemo_CLIStaticBoundaryBoxCfg)
                  00462448    000000b0     libclang_rt.builtins.a : udivmoddi4.S.obj (.text)
                  004624f8    000000ae     mmw_cli.o (.text.CLI_readLine)
                  004625a6    000000ae     ti_dpl_config.o (.text.TimerP_init)
                  00462654    000000ac     control.xwrL64xx.m4f.ti-arm-clang.release.lib : mmwave_fullcfg.obj (.text.MMWave_addProfile)
                  00462700    000000ac     libsysbm.a : open.c.obj (.text.open)
                  004627ac    000000aa     alg_gtrack3d.xwrL64xx.m4f.ti-arm-clang.release.lib : gtrack_math.obj (.text.gtrack_matrixCovFilter)
                  00462856    000000a8     freertos.xwrL64xx.m4f.ti-arm-clang.release.lib : tasks.obj (.text.xTaskPriorityInherit)
                  004628fe    00000002     --HOLE-- [fill = 0]
                  00462900    000000a6     control.xwrL64xx.m4f.ti-arm-clang.release.lib : mmwave_link_common.obj (.text.MMWave_deinitLink)
                  004629a6    00000002     --HOLE-- [fill = 0]
                  004629a8    000000a6     mmw_cli.o (.text.MmwDemo_CLISensorWarmReset)
                  00462a4e    000000a6     vitalsign_with_tracking.o (.text.MmwDemo_startSensor)
                  00462af4    000000a6     interrupts.o (.text.mmwDemoFrameStartISR)
                  00462b9a    000000a6     freertos.xwrL64xx.m4f.ti-arm-clang.release.lib : tasks.obj (.text.xTaskRemoveFromEventList)
                  00462c40    000000a4     drivers.xwrL64xx.m4f.ti-arm-clang.release.lib : power_xwrLx4xx.obj (.text.Power_init)
                  00462ce4    000000a4                                                   : soc_rcm.obj (.text.SOC_rcmStartInitSharedRam)
                  00462d88    000000a4     freertos.xwrL64xx.m4f.ti-arm-clang.release.lib : printf.obj (.text._ntoa_long_long)
                  00462e2c    000000a4                                                    : printf.obj (.text._out_rev)
                  00462ed0    000000a4     board.xwrL64xx.m4f.ti-arm-clang.release.lib : ina.obj (.text.currentRead228)
                  00462f74    000000a4     alg_gtrack3d.xwrL64xx.m4f.ti-arm-clang.release.lib : gtrack_utilities_3d.obj (.text.gtrack_calcMeasurementLimits)
                  00463018    000000a4                                                        : gtrack_utilities_3d.obj (.text.gtrack_cart2sph)
                  004630bc    000000a2     datapath_tracker3d.xwrL64xx.m4f.ti-arm-clang.release.lib : rangeprochwa.obj (.text.DPU_RangeProcHWA_init)
                  0046315e    000000a2     control.xwrL64xx.m4f.ti-arm-clang.release.lib : mmwave_fullcfg.obj (.text.MMWave_getChirpCfg)
                  00463200    000000a2     drivers.xwrL64xx.m4f.ti-arm-clang.release.lib : uart_sci.obj (.text.UART_flushTxFifo)
                  004632a2    000000a0     mmw_cli.o (.text.CLI_MMWaveMajorMotionStateCfg)
                  00463342    000000a0     mmw_cli.o (.text.CLI_MMWaveMinorMotionStateCfg)
                  004633e2    000000a0     drivers.xwrL64xx.m4f.ti-arm-clang.release.lib : i2c_v0.obj (.text.I2C_close)
                  00463482    000000a0     tracker_utils.o (.text.MmwDemo_CLIAllocationParamCfg)
                  00463522    00000002     --HOLE-- [fill = 0]
                  00463524    000000a0     alg_gtrack3d.xwrL64xx.m4f.ti-arm-clang.release.lib : gtrack_utilities_3d.obj (.text.gtrack_calcDistance)
                  004635c4    000000a0     freertos.xwrL64xx.m4f.ti-arm-clang.release.lib : tasks.obj (.text.prvAddCurrentTaskToDelayedList)
                  00463664    000000a0                                                    : timers.obj (.text.prvSampleTimeNow)
                  00463704    0000009e     datapath_tracker3d.xwrL64xx.m4f.ti-arm-clang.release.lib : rangeprochwa.obj (.text.DPU_RangeProcHWA_control)
                  004637a2    00000002     --HOLE-- [fill = 0]
                  004637a4    0000009e     alg_gtrack3d.xwrL64xx.m4f.ti-arm-clang.release.lib : gtrack_math.obj (.text.gtrack_matrixMakeSymmetrical)
                  00463842    00000002     --HOLE-- [fill = 0]
                  00463844    0000009c     control.xwrL64xx.m4f.ti-arm-clang.release.lib : mmwave_fullcfg.obj (.text.MMWave_delProfile)
                  004638e0    0000009c     libc.a : s_floorf.c.obj (.text.floorf)
                  0046397c    0000009c            : e_sqrtf.c.obj (.text.sqrtf)
                  00463a18    00000098     datapath_tracker3d.xwrL64xx.m4f.ti-arm-clang.release.lib : cfarprochwa.obj (.text.CFAR_DET_HWA_ConfigRangeView)
                  00463ab0    00000098     control.xwrL64xx.m4f.ti-arm-clang.release.lib : mmwave.obj (.text.MMWave_factoryCalibConfig)
                  00463b48    00000098     libc.a : _bufread.c.obj (.text.__TI_buff_read)
                  00463be0    00000098     dpc.o (.text.mmwDemo_rangeProcConfig)
                  00463c78    00000098     dpc.o (.text.mmwDemo_uDopProcConfig)
                  00463d10    00000098     libc.a : s_tanf.c.obj (.text.tanf)
                  00463da8    00000096     vitalsign_with_tracking.o (.text.MmwDemo_stopSensor)
                  00463e3e    00000096     freertos.xwrL64xx.m4f.ti-arm-clang.release.lib : tasks.obj (.text.vTaskStartScheduler)
                  00463ed4    0000000c     datapath_tracker3d.xwrL64xx.m4f.ti-arm-clang.release.lib : cfarprochwa.obj (.text.CFAR_DET_HWA_edmaDoneIsrCallback)
                  00463ee0    00000096     drivers.xwrL64xx.m4f.ti-arm-clang.release.lib : power_xwrLx4xx_asm.obj (.text)
                  00463f76    00000094     mmw_cli.o (.text.CLI_MMWaveSensorPositionCfg)
                  0046400a    00000002     --HOLE-- [fill = 0]
                  0046400c    00000094     datapath_tracker3d.xwrL64xx.m4f.ti-arm-clang.release.lib : doaproc.obj (.text.DPU_DoaProc_init)
                  004640a0    00000094     control.xwrL64xx.m4f.ti-arm-clang.release.lib : mmwave_link_common.obj (.text.MMWave_LinkInitCommon)
                  00464134    00000094     drivers.xwrL64xx.m4f.ti-arm-clang.release.lib : uart_sci.obj (.text.UART_init)
                  004641c8    00000094     freertos.xwrL64xx.m4f.ti-arm-clang.release.lib : printf.obj (.text._ntoa_long)
                  0046425c    00000094     alg_gtrack3d.xwrL64xx.m4f.ti-arm-clang.release.lib : gtrack_utilities_3d.obj (.text.gtrack_calcMeasurementSpread)
                  004642f0    00000092     monitors.o (.text.mmwDemo_LiveMonConfig)
                  00464382    00000002     --HOLE-- [fill = 0]
                  00464384    00000092     power_management.o (.text.power_idle3resumehook)
                  00464416    00000002     --HOLE-- [fill = 0]
                  00464418    00000090     mmw_cli.o (.text.CLI_MMWaveChannelCfg)
                  004644a8    00000090     datapath_tracker3d.xwrL64xx.m4f.ti-arm-clang.release.lib : dpedmahwa.obj (.text.DPEDMAHWA_configOneHotSignature)
                  00464538    00000090     drivers.xwrL64xx.m4f.ti-arm-clang.release.lib : edma.obj (.text.EDMADisableTransferRegion)
                  004645c8    00000090                                                   : edma.obj (.text.EDMAEnableTransferRegion)
                  00464658    00000090     alg_featExtract.xwrL64xx.m4f.ti-arm-clang.release.lib : featExtract_math.obj (.text.featExtract_circularRotateVector)
                  004646e8    00000090     alg_gtrack3d.xwrL64xx.m4f.ti-arm-clang.release.lib : gtrack_math.obj (.text.gtrack_sincosd)
                  00464778    0000008e     tracker_utils.o (.text.MmwDemo_CLIGatingParamCfg)
                  00464806    00000002     --HOLE-- [fill = 0]
                  00464808    0000008e     freertos.xwrL64xx.m4f.ti-arm-clang.release.lib : tasks.obj (.text.prvInitialiseNewTask)
                  00464896    00000002     --HOLE-- [fill = 0]
                  00464898    0000008e     drivers.xwrL64xx.m4f.ti-arm-clang.release.lib : power_xwrLx4xx.obj (.text.restoreNVICRegs)
                  00464926    0000008e     freertos.xwrL64xx.m4f.ti-arm-clang.release.lib : HeapP_internal.obj (.text.vHeapFree)
                  004649b4    0000008c     datapath_tracker3d.xwrL64xx.m4f.ti-arm-clang.release.lib : cfarprochwa.obj (.text.CFARHWA_convHwaCfarDetListToDetMask)
                  00464a40    0000008c     alg_gtrack3d.xwrL64xx.m4f.ti-arm-clang.release.lib : gtrack_math.obj (.text.gtrack_matrixMultiply)
                  00464acc    0000008a     power_management.o (.text.power_Idleresumehook)
                  00464b56    00000002     --HOLE-- [fill = 0]
                  00464b58    00000088     datapath_tracker3d.xwrL64xx.m4f.ti-arm-clang.release.lib : udopproc.obj (.text.DPU_uDopProc_init)
                  00464be0    00000088     libc.a : fputc.c.obj (.text.fputc)
                  00464c68    00000088     vitalsign_with_tracking.o (.text.mmwDemo_mmWaveInit)
                  00464cf0    00000086     datapath_tracker3d.xwrL64xx.m4f.ti-arm-clang.release.lib : cfarprochwa.obj (.text.CFAR_DET_HWA_saveConfiguration)
                  00464d76    00000086                                                              : cfarprochwa.obj (.text.CFAR_DET_HWA_triggerCFAR)
                  00464dfc    00000086     drivers.xwrL64xx.m4f.ti-arm-clang.release.lib : uart_sci_edma.obj (.text.UART_txEdmaIsrFxn)
                  00464e82    00000086     alg_gtrack3d.xwrL64xx.m4f.ti-arm-clang.release.lib : gtrack_utilities_3d.obj (.text.gtrack_computeMahalanobisPartial)
                  00464f08    00000086     drivers.xwrL64xx.m4f.ti-arm-clang.release.lib : power_xwrLx4xx.obj (.text.saveNVICRegs)
                  00464f8e    00000084     alg_gtrack3d.xwrL64xx.m4f.ti-arm-clang.release.lib : gtrack_utilities_3d.obj (.text.gtrack_isPointBehindTarget)
                  00465012    00000084     board.xwrL64xx.m4f.ti-arm-clang.release.lib : ina.obj (.text.i2cReadAddress)
                  00465096    00000084     freertos.xwrL64xx.m4f.ti-arm-clang.release.lib : queue.obj (.text.xQueueReceiveFromISR)
                  0046511a    00000002     --HOLE-- [fill = 0]
                  0046511c    00000082     drivers.xwrL64xx.m4f.ti-arm-clang.release.lib : qspi.obj (.text.QSPI_init)
                  0046519e    00000082     freertos.xwrL64xx.m4f.ti-arm-clang.release.lib : tasks.obj (.text.vTaskSwitchContext)
                  00465220    00000080     drivers.xwrL64xx.m4f.ti-arm-clang.release.lib : uart_sci_edma.obj (.text.UART_rxEdmaIsrFxn)
                  004652a0    00000080     vitalsign_with_tracking.o (.text.mmwDemo_freeDmaChannels)
                  00465320    0000007e     alg_gtrack3d.xwrL64xx.m4f.ti-arm-clang.release.lib : gtrack_module.obj (.text.gtrack_moduleUpdate)
                  0046539e    0000007e     libc.a : s_roundf.c.obj (.text.roundf)
                  0046541c    0000007c     mmw_cli.o (.text.CLI_MMWaveAdcDataSourceCfg)
                  00465498    0000007c     board.xwrL64xx.m4f.ti-arm-clang.release.lib : flash_nor_qspi.obj (.text.Flash_norQspiWaitReady)
                  00465514    0000007a     datapath_tracker3d.xwrL64xx.m4f.ti-arm-clang.release.lib : cfarprochwa.obj (.text.DPU_CFARProcHWA_init)
                  0046558e    0000007a     freertos.xwrL64xx.m4f.ti-arm-clang.release.lib : timers.obj (.text.prvCheckForValidListAndQueue)
                  00465608    0000007a                                                    : queue.obj (.text.prvCopyDataToQueue)
                  00465682    00000078     datapath_tracker3d.xwrL64xx.m4f.ti-arm-clang.release.lib : dpedma.obj (.text.DPEDMA_setup_shadow_link)
                  004656fa    00000002     --HOLE-- [fill = 0]
                  004656fc    00000078     drivers.xwrL64xx.m4f.ti-arm-clang.release.lib : hwa.obj (.text.HWA_paramDoneISR)
                  00465774    00000078     libc.a : sscanf.c.obj (.text._chkmbc)
                  004657ec    00000078     alg_gtrack3d.xwrL64xx.m4f.ti-arm-clang.release.lib : gtrack_math.obj (.text.gtrack_matrixTransposeMultiply)
                  00465864    00000078     power_management.o (.text.power_idle3entryhook)
                  004658dc    00000078     alg_classifier.xwrL64xx.m4f.ti-arm-clang.release.lib : classifier_layers.obj (.text.softmax_func_approx)
                  00465954    00000078     freertos.xwrL64xx.m4f.ti-arm-clang.release.lib : tasks.obj (.text.vTaskPriorityDisinheritAfterTimeout)
                  004659cc    00000076     mmw_cli.o (.text.CLI_MMWaveExtensionHandler)
                  00465a42    00000002     --HOLE-- [fill = 0]
                  00465a44    00000076     drivers.xwrL64xx.m4f.ti-arm-clang.release.lib : hwa.obj (.text.HWA_getDMAChanIndex)
                  00465aba    00000076     control.xwrL64xx.m4f.ti-arm-clang.release.lib : mmwave_fullcfg.obj (.text.MMWave_getProfileCfg)
                  00465b30    00000076                                                   : mmwave_fullcfg.obj (.text.MMWave_getProfileHandle)
                  00465ba6    00000076                                                   : mmwave.obj (.text.MMWave_open)
                  00465c1c    00000076     freertos.xwrL64xx.m4f.ti-arm-clang.release.lib : DebugP_freertos.obj (.text._DebugP_logZone)
                  00465c92    00000076     board.xwrL64xx.m4f.ti-arm-clang.release.lib : ina.obj (.text.i2cWriteAddress)
                  00465d08    00000074     ti_drivers_open_close.o (.text.Drivers_edmaOpen)
                  00465d7c    00000074     drivers.xwrL64xx.m4f.ti-arm-clang.release.lib : hwa.obj (.text.HWA_disableParamSetInterrupt)
                  00465df0    00000074     alg_gtrack3d.xwrL64xx.m4f.ti-arm-clang.release.lib : gtrack_listlib.obj (.text.gtrack_listRemoveElement)
                  00465e64    00000074                                                        : gtrack_math.obj (.text.gtrack_matrixCovNormalize)
                  00465ed8    00000074     mmwavelink_m4.lib : rl_device.o (.text.rl_fecssDevPwrOn)
                  00465f4c    00000072     mmw_cli.o (.text.CLI_MMWaveAoaCfg)
                  00465fbe    00000072     drivers.xwrL64xx.m4f.ti-arm-clang.release.lib : edma.obj (.text.EDMA_close)
                  00466030    00000072     control.xwrL64xx.m4f.ti-arm-clang.release.lib : mmwave.obj (.text.MMWave_getTemperatureReport)
                  004660a2    00000072     drivers.xwrL64xx.m4f.ti-arm-clang.release.lib : power_xwrLx4xx.obj (.text.Power_configureWakeup)
                  00466114    00000072     alg_gtrack3d.xwrL64xx.m4f.ti-arm-clang.release.lib : gtrack_math.obj (.text.gtrack_matrixCovAcc)
                  00466186    00000002     --HOLE-- [fill = 0]
                  00466188    00000072     freertos.xwrL64xx.m4f.ti-arm-clang.release.lib : queue.obj (.text.prvUnlockQueue)
                  004661fa    00000072                                                    : tasks.obj (.text.xTaskPriorityDisinherit)
                  0046626c    00000070     drivers.xwrL64xx.m4f.ti-arm-clang.release.lib : edma.obj (.text.EDMAConfigureChannelRegion)
                  004662dc    00000070     mmwave_control_config.o (.text.Mmwave_populateDefaultOpenCfg)
                  0046634c    00000070     freertos.xwrL64xx.m4f.ti-arm-clang.release.lib : SemaphoreP_freertos.obj (.text.SemaphoreP_constructBinary)
                  004663bc    00000070     libc.a : fclose.c.obj (.text.__TI_closefile)
                  0046642c    0000006e     datapath_tracker3d.xwrL64xx.m4f.ti-arm-clang.release.lib : dpedma.obj (.text.DPEDMA_startTransfer)
                  0046649a    0000006e     drivers.xwrL64xx.m4f.ti-arm-clang.release.lib : hwa.obj (.text.HWA_getDMAconfig)
                  00466508    0000006e     tracker_utils.o (.text.MmwDemoCLIMaxAccelerationParamCfg)
                  00466576    0000006e     mmw_cli.o (.text.MmwDemo_CLIMeasureRangeBiasAndRxChanPhaseCfg)
                  004665e4    0000006e     libclang_rt.builtins.a : truncdfsf2.S.obj (.text.__truncdfsf2)
                  00466652    00000002     --HOLE-- [fill = 0]
                  00466654    0000006c     ti_drivers_open_close.o (.text.Drivers_close)
                  004666c0    0000006c     tracker_utils.o (.text.MmwDemo_CLIStateParamCfg)
                  0046672c    0000006c     drivers.xwrL64xx.m4f.ti-arm-clang.release.lib : qspi_edma.obj (.text.QSPI_edmaChannelFree)
                  00466798    0000006c     libc.a : _printfi.c.obj (.text._mcpy)
                  00466804    0000006c     alg_gtrack3d.xwrL64xx.m4f.ti-arm-clang.release.lib : gtrack_utilities_3d.obj (.text.gtrack_sph2cart)
                  00466870    0000006c                                                        : gtrack_unit_report.obj (.text.gtrack_unitReport)
                  004668dc    0000006c     libc.a : memory.c.obj (.text.split)
                  00466948    0000006c     freertos.xwrL64xx.m4f.ti-arm-clang.release.lib : port.obj (.text.xPortStartScheduler)
                  004669b4    0000006a                                                    : AddrTranslateP.obj (.text.AddrTranslateP_getLocalAddr)
                  00466a1e    0000006a                                                    : queue.obj (.text.xQueueGenericReset)
                  00466a88    0000006a                                                    : queue.obj (.text.xQueueGenericSendFromISR)
                  00466af2    00000068     ti_board_open_close.o (.text.Board_flashOpen)
                  00466b5a    00000002     --HOLE-- [fill = 0]
                  00466b5c    00000068     mmw_demo_utils.o (.text.MmwDemo_FillTrackerSensorPositionCfg)
                  00466bc4    00000068     drivers.xwrL64xx.m4f.ti-arm-clang.release.lib : uart_sci.obj (.text.UART_readCancelNoCB)
                  00466c2c    00000068                                                   : uart_sci.obj (.text.UART_writeCancelNoCB)
                  00466c94    00000068     alg_classifier.xwrL64xx.m4f.ti-arm-clang.release.lib : classifier_layers.obj (.text.dense_op)
                  00466cfc    00000068     datapath_tracker3d.xwrL64xx.m4f.ti-arm-clang.release.lib : dbscan.obj (.text.findNeighbours)
                  00466d64    00000004     libc.a : printf.c.obj (.text._outs)
                  00466d68    00000068            : s_frexp.c.obj (.text.frexp)
                  00466dd0    00000068            : fseek.c.obj (.text.fseeko)
                  00466e38    00000068            : getdevice.c.obj (.text.getdevice)
                  00466ea0    00000068     alg_gtrack3d.xwrL64xx.m4f.ti-arm-clang.release.lib : gtrack_utilities_3d.obj (.text.gtrack_isPointInsideBox)
                  00466f08    00000066     freertos.xwrL64xx.m4f.ti-arm-clang.release.lib : SemaphoreP_freertos.obj (.text.SemaphoreP_pend)
                  00466f6e    00000066                                                    : SemaphoreP_freertos.obj (.text.SemaphoreP_post)
                  00466fd4    00000066     dpc.o (.text.mpdProc_dpuInit)
                  0046703a    00000064     drivers.xwrL64xx.m4f.ti-arm-clang.release.lib : edma.obj (.text.EDMAFreeChannelRegion)
                  0046709e    00000002     --HOLE-- [fill = 0]
                  004670a0    00000064     libsysbm.a : hostrename.c.obj (.text.HOSTrename)
                  00467104    00000064     drivers.xwrL64xx.m4f.ti-arm-clang.release.lib : hwa.obj (.text.HWA_enable)
                  00467168    00000064                                                   : hwa.obj (.text.HWA_getDriverAccess)
                  004671cc    00000064                                                   : soc_rcm.obj (.text.SOC_rcmWaitMemInitSharedRam)
                  00467230    00000064     freertos.xwrL64xx.m4f.ti-arm-clang.release.lib : port.obj (.text.xPortPendSVHandler)
                  00467294    00000064                                                    : timers.obj (.text.xTimerCreateTimerTask)
                  004672f8    00000062     datapath_tracker3d.xwrL64xx.m4f.ti-arm-clang.release.lib : rangeprochwa.obj (.text.DPU_RangeProcHWA_process)
                  0046735a    00000002     --HOLE-- [fill = 0]
                  0046735c    00000062     libclang_rt.builtins.a : aeabi_dcmp.S.obj (.text.__aeabi_dcmp)
                  004673be    00000062     dpc.o (.text.cfarProc_dpuInit)
                  00467420    00000062     dpc.o (.text.doaProc_dpuInit)
                  00467482    00000002     --HOLE-- [fill = 0]
                  00467484    00000062     alg_gtrack3d.xwrL64xx.m4f.ti-arm-clang.release.lib : gtrack_module.obj (.text.gtrack_modulePredict)
                  004674e6    00000062     dpc.o (.text.rangeProc_dpuInit)
                  00467548    00000062     dpc.o (.text.udopProc_dpuInit)
                  004675aa    00000060     mmw_cli.o (.text.CLI_MMWaveSensorStop)
                  0046760a    00000060     board.xwrL64xx.m4f.ti-arm-clang.release.lib : flash.obj (.text.Flash_offsetToBlkPage)
                  0046766a    00000060     libc.a : _io_perm.c.obj (.text.__TI_wrt_ok)
                  004676ca    00000002     --HOLE-- [fill = 0]
                  004676cc    00000060     libsysbm.a : close.c.obj (.text.close)
                  0046772c    00000060     alg_classifier.xwrL64xx.m4f.ti-arm-clang.release.lib : classifier_layers.obj (.text.gav1d)
                  0046778c    00000060     libc.a : printf.c.obj (.text.printf)
                  004677ec    0000005e     drivers.xwrL64xx.m4f.ti-arm-clang.release.lib : hwa.obj (.text.HWA_readCFARPeakCountReg)
                  0046784a    0000005e     control.xwrL64xx.m4f.ti-arm-clang.release.lib : mmwave_fullcfg.obj (.text.MMWave_getNumChirps)
                  004678a8    0000005e     freertos.xwrL64xx.m4f.ti-arm-clang.release.lib : DebugP_log.obj (.text._DebugP_assert)
                  00467906    0000005e     alg_gtrack3d.xwrL64xx.m4f.ti-arm-clang.release.lib : gtrack_utilities.obj (.text.gtrack_unrollRadialVelocity)
                  00467964    0000005e     dpc.o (.text.mmwDemo_cfarProcConfig)
                  004679c2    0000005e     dpc.o (.text.mmwDemo_mpdProcConfig)
                  00467a20    0000005c     control.xwrL64xx.m4f.ti-arm-clang.release.lib : mmwave_fullcfg.obj (.text.MMWave_getNumProfiles)
                  00467a7c    0000005c     libclang_rt.builtins.a : fixunsdfdi.S.obj (.text.__fixunsdfdi)
                  00467ad8    0000005c     freertos.xwrL64xx.m4f.ti-arm-clang.release.lib : tasks.obj (.text.xTaskCheckForTimeOut)
                  00467b34    0000005a     main.o (.text.main)
                  00467b8e    0000005a     dpc.o (.text.mmwDemo_trackerConfig)
                  00467be8    00000058     libsysbm.a : hostlseek.c.obj (.text.HOSTlseek)
                  00467c40    00000058                : hostopen.c.obj (.text.HOSTopen)
                  00467c98    00000058     drivers.xwrL64xx.m4f.ti-arm-clang.release.lib : hwa.obj (.text.HWA_getHWAMemInfo)
                  00467cf0    00000058     libclang_rt.builtins.a : comparedf2.c.obj (.text.__ledf2)
                  00467d48    00000058     freertos.xwrL64xx.m4f.ti-arm-clang.release.lib : queue.obj (.text.xQueueGiveFromISR)
                  00467da0    00000056     drivers.xwrL64xx.m4f.ti-arm-clang.release.lib : i2c_v0.obj (.text.I2C_completeCurrTransfer)
                  00467df6    00000056     libc.a : _ltoa.c.obj (.text.__TI_ltoa)
                  00467e4c    00000056     mmw_flash_cal.o (.text.mmwDemo_flashWrite)
                  00467ea2    00000054     mmw_cli.o (.text.CLI_MMWaveClusterParamCfg)
                  00467ef6    00000002     --HOLE-- [fill = 0]
                  00467ef8    00000054     libsysbm.a : hostread.c.obj (.text.HOSTread)
                  00467f4c    00000054                : hostwrite.c.obj (.text.HOSTwrite)
                  00467fa0    00000054     drivers.xwrL64xx.m4f.ti-arm-clang.release.lib : qspi.obj (.text.QSPI_close)
                  00467ff4    00000054     libclang_rt.builtins.a : comparedf2.c.obj (.text.__gedf2)
                  00468048    00000054     libc.a : _printfi.c.obj (.text._pconv_f)
                  0046809c    00000054     alg_featExtract.xwrL64xx.m4f.ti-arm-clang.release.lib : featExtract_utilities.obj (.text.featExtract_specShiftAroundFreq)
                  004680f0    00000054     dpc.o (.text.trackerProc_dpuInit)
                  00468144    00000052     mmw_cli.o (.text.CLI_MMWaveRangeSelCfg)
                  00468196    00000002     --HOLE-- [fill = 0]
                  00468198    00000052     alg_gtrack3d.xwrL64xx.m4f.ti-arm-clang.release.lib : gtrack_module.obj (.text.gtrack_moduleReport)
                  004681ea    00000002     --HOLE-- [fill = 0]
                  004681ec    00000052     freertos.xwrL64xx.m4f.ti-arm-clang.release.lib : HeapP_internal.obj (.text.vHeapGetHeapStats)
                  0046823e    00000052                                                    : timers.obj (.text.xTimerGenericCommand)
                  00468290    00000050     drivers.xwrL64xx.m4f.ti-arm-clang.release.lib : hwa.obj (.text.HWA_reset)
                  004682e0    00000050     control.xwrL64xx.m4f.ti-arm-clang.release.lib : mmwave.obj (.text.MMWave_start)
                  00468330    00000050     drivers.xwrL64xx.m4f.ti-arm-clang.release.lib : soc.obj (.text.SOC_virtToPhy)
                  00468380    00000050     freertos.xwrL64xx.m4f.ti-arm-clang.release.lib : SemaphoreP_freertos.obj (.text.SemaphoreP_constructMutex)
                  004683d0    00000050     libc.a : fflush.c.obj (.text.__TI_doflush)
                  00468420    00000050     datapath_tracker3d.xwrL64xx.m4f.ti-arm-clang.release.lib : doaproc.obj (.text.doaProc_setInputEdma)
                  00468470    0000004e                                                              : doaproc.obj (.text.DPU_DoaProc_process)
                  004684be    0000004e     ti_drivers_open_close.o (.text.Drivers_uartOpen)
                  0046850c    0000004e     vitalsign_with_tracking.o (.text.MmwDemo_openSensor)
                  0046855a    0000004e     libc.a : _io_perm.c.obj (.text.__TI_rd_ok)
                  004685a8    0000004e            : _printfi.c.obj (.text._ecpy)
                  004685f6    0000004c     mmw_cli.o (.text.CLI_write)
                  00468642    00000002     --HOLE-- [fill = 0]
                  00468644    0000004c     freertos.xwrL64xx.m4f.ti-arm-clang.release.lib : ClockP_freertos.obj (.text.ClockP_getTimeUsec)
                  00468690    0000004c     ti_drivers_open_close.o (.text.Drivers_i2cOpen)
                  004686dc    0000004c     ti_drivers_open_close.o (.text.Drivers_qspiOpen)
                  00468728    0000004c     mmw_cli.o (.text.MmwDemo_CLIClassifierParamCfg)
                  00468774    0000004c     vitalsign_with_tracking.o (.text.MmwDemo_configSensor)
                  004687c0    0000004c     alg_featExtract.xwrL64xx.m4f.ti-arm-clang.release.lib : featExtract_math.obj (.text.featExtract_vectorEntropy)
                  0046880c    0000004a     mmw_cli.o (.text.CLI_MMWaveprofileSwitchCfg)
                  00468856    0000004a     drivers.xwrL64xx.m4f.ti-arm-clang.release.lib : edma.obj (.text.EDMADisableChInShadowRegRegion)
                  004688a0    0000004a     control.xwrL64xx.m4f.ti-arm-clang.release.lib : mmwave.obj (.text.MMWave_deinit)
                  004688ea    00000002     --HOLE-- [fill = 0]
                  004688ec    0000004a     drivers.xwrL64xx.m4f.ti-arm-clang.release.lib : prcm.obj (.text.PRCMLPDSEnter)
                  00468936    0000004a                                                   : prcm.obj (.text.PRCMSetSRAMRetention)
                  00468980    0000004a                                                   : prcm.obj (.text.PRCMSleepEnter)
                  004689ca    0000004a     ti_drivers_config.o (.text.System_init)
                  00468a14    0000004a     alg_gtrack3d.xwrL64xx.m4f.ti-arm-clang.release.lib : gtrack_module.obj (.text.gtrack_moduleAssociate)
                  00468a5e    00000048     datapath_tracker3d.xwrL64xx.m4f.ti-arm-clang.release.lib : cfarprochwa.obj (.text.CFAR_DET_HWA_ConfigAoaFov)
                  00468aa6    00000048                                                              : cfarprochwa.obj (.text.CFAR_DET_HWA_prepareHwaRunTime)
                  00468aee    00000048                                                              : cfarprochwa.obj (.text.CFAR_DET_HWA_prepareHwaRunTimeScndPass)
                  00468b36    00000048     drivers.xwrL64xx.m4f.ti-arm-clang.release.lib : hwa.obj (.text.HWA_setSoftwareTrigger)
                  00468b7e    00000002     --HOLE-- [fill = 0]
                  00468b80    00000048                                                   : prcm.obj (.text.PRCMLPDSRestoreInfoSet)
                  00468bc8    00000048     ti_board_config.o (.text.SensorConfig)
                  00468c10    00000048     libclang_rt.builtins.a : fixdfsi.S.obj (.text.__fixdfsi)
                  00468c58    00000048     alg_gtrack3d.xwrL64xx.m4f.ti-arm-clang.release.lib : gtrack_utilities_3d.obj (.text.gtrack_calcDim)
                  00468ca0    00000048                                                        : gtrack_utilities_3d.obj (.text.gtrack_isInsideBoresightStaticZone)
                  00468ce8    00000048     datapath_tracker3d.xwrL64xx.m4f.ti-arm-clang.release.lib : rangeprochwa.obj (.text.rangeProcHWA_EDMA_transferCompletionCallbackFxn)
                  00468d30    00000048     mmwavelink_m4.lib : rl_device.o (.text.rl_fecssRfFactoryCal)
                  00468d78    00000048                       : rl_device.o (.text.rl_fecssRfRuntimeCal)
                  00468dc0    00000048                       : rl_device.o (.text.rl_fecssRlRuntimeTxClpcCal)
                  00468e08    00000048     freertos.xwrL64xx.m4f.ti-arm-clang.release.lib : boot_armv7m.obj (.text:_c_int00)
                  00468e50    00000046     drivers.xwrL64xx.m4f.ti-arm-clang.release.lib : edma.obj (.text.EDMA_getBaseAddr)
                  00468e96    00000046     control.xwrL64xx.m4f.ti-arm-clang.release.lib : mmwave.obj (.text.MMWave_config)
                  00468edc    00000046     alg_featExtract.xwrL64xx.m4f.ti-arm-clang.release.lib : featExtract_utilities.obj (.text.featExtract_computeSpectralEntropy)
                  00468f22    00000046     interrupts.o (.text.mmwDemo_registerFrameStartInterrupt)
                  00468f68    00000046     mmw_demo_utils.o (.text.timerCallbackDefcfg)
                  00468fae    00000046     freertos.xwrL64xx.m4f.ti-arm-clang.release.lib : queue.obj (.text.vQueueWaitForMessageRestricted)
                  00468ff4    00000044     drivers.xwrL64xx.m4f.ti-arm-clang.release.lib : hwa.obj (.text.HWA_enableDoneInterrupt)
                  00469038    00000044     control.xwrL64xx.m4f.ti-arm-clang.release.lib : mmwave_link_common.obj (.text.MMWave_startLink)
                  0046907c    00000044                                                   : mmwave.obj (.text.MMWave_stop)
                  004690c0    00000044     drivers.xwrL64xx.m4f.ti-arm-clang.release.lib : power_xwrLx4xx.obj (.text.Power_getTransitionLatency)
                  00469104    00000044     libclang_rt.builtins.a : fixunsdfsi.S.obj (.text.__fixunsdfsi)
                  00469148    00000044     alg_classifier.xwrL64xx.m4f.ti-arm-clang.release.lib : classifier_delete.obj (.text.classifier_delete)
                  0046918c    00000044     mmw_flash_cal.o (.text.mmwDemo_flashRead)
                  004691d0    00000044     freertos.xwrL64xx.m4f.ti-arm-clang.release.lib : HeapP_internal.obj (.text.prvInsertBlockIntoFreeList)
[...]
00469ee9  __aeabi_ul2f                                   
00469ee9  __floatundisf                                  
00469f21  gtrack_matrixSetDiag                           
00469f57  SOC_enableMDLLClock                            
00469f8d  __TI_cleanup                                   
00469fc1  __TI_writemsg                                  
00469feb  C$$IO$$                                        
0046a029  vQueueDelete                                   
0046a05d  EDMA_getHandle                                 
0046a08f  MMWave_close                                   
0046a0c1  MMWave_stopLink                                
0046a0f5  Module_clockEnable                             
0046a127  Power_getThresholds                            
0046a18b  xQueueCreateMutexStatic                        
0046a1bd  Drivers_edmaClose                              
0046a1ed  HWA_disableDoneInterrupt                       
0046a21d  SOC_rcmWaitMemInitTpcc                         
0046a24d  __TI_readmsg                                   
0046a27d  __aeabi_dcmpun                                 
0046a27d  __unorddf2                                     
0046a2dd  dbscanOutputDataInit                           
0046a30d  exit                                           
0046a33d  featExtract_linearInterpolate                  
0046a36d  fopen                                          
0046a39d  gtrack_matrixAdd                               
0046a3cd  gtrack_matrixSub                               
0046a42d  sscanf                                         
0046a4b9  ClockP_timerTickIsr                            
0046a4e7  DPC_ObjDet_MemPoolAlloc                        
0046a515  DPEDMA_linkParamSets                           
0046a543  EDMAEnableChInShadowRegRegion                  
0046a571  QSPI_getHandle                                 
0046a5a1  __aeabi_i2d                                    
0046a5a1  __floatsidf                                    
0046a5d1  featExtract_cumulativeWeightedSum              
0046a5ff  DPU_MpdProc_config                             
0046a659  SOC_rcmSetM4ClockSrc                           
0046a685  __aeabi_ul2d                                   
0046a685  __floatundidf                                  
0046a6b1  fclose                                         
0046a6dd  finddevice                                     
0046a709  lseek                                          
0046a735  read                                           
0046a761  rl_mmWaveLinkDeInit                            
0046a78d  unlink                                         
0046a7b9  write                                          
0046a7e5  gtrack_alloc                                   
0046a80f  mmwDemo_flashInit                              
0046a839  vPortSuppressTicksAndSleep                     
0046a863  vTaskPlaceOnEventListRestricted                
0046a88d  xQueueGiveMutexRecursive                       
0046a8b7  featExtract_delete                             
0046a909  memmove                                        
0046a931  pxPortInitialiseStack                          
0046a959  vQueueAddToRegistry                            
0046a981  xQueueTakeMutexRecursive                       
0046a9a9  ClockP_sleep                                   
0046a9f5  MMWave_listAdd                                 
0046aa1b  MMWave_osalSemCreate                           
0046aa41  gtrack_free                                    
0046aa67  DPEDMA_setDestinationAddress                   
0046aa8b  DPEDMA_setSourceAddress                        
0046aaaf  EDMALinkChannel                                
0046aad3  EDMAReadIntrStatusRegion                       
0046aaf7  MMWave_osalMutexCreate                         
0046ab1b  SOC_rcmStartMemInitTpcc                        
0046ab41  puts                                           
0046ab65  uxListRemove                                   
0046ab89  EDMA_allocDmaChannel                           
0046ab91  vPortSVCHandler                                
0046abb5  vprintf_                                       
0046abd9  xQueueGenericCreateStatic                      
0046abfd  xTaskGetSchedulerState                         
0046ac21  Dpl_init                                       
0046ac43  Drivers_open                                   
0046ac65  GPIO_setDirMode                                
0046ac87  SOC_controlModuleUnlockMMR                     
0046aca9  gtrack_listEnqueue                             
0046accb  memccpy                                        
0046ad0f  strspn                                         
0046ad31  DebugP_logZoneEnable                           
0046ad51  PRCMPeripheralClkEnable                        
0046ad71  PRCMSetPSCONDFTRTAOverride                     
0046ad91  __aeabi_ui2d                                   
0046ad91  __floatunsidf                                  
0046adb1  featExtract_vectorSum                          
0046add1  gtrack_listDequeue                             
0046adf1  mmwDemo_dpcTask                                
0046ae31  strcspn                                        
0046ae51  vPortEnterCritical                             
0046ae71  vTaskPlaceOnEventList                          
0046ae91  EDMAClrIntrRegion                              
0046aeaf  Flash_read                                     
0046aecd  Flash_write                                    
0046aeeb  MMWaveMon_TxnSynthFreqCfg                      
0046af09  SOC_memoryInit                                 
0046af27  TimerP_Params_init                             
0046af45  TimerP_isr0                                    
0046af65  _DebugP_assertNoLog                            
0046af85  gtrack_vectorScalarMulAcc                      
0046afa3  DPU_MpdProc_init                               
0046afbf  HeapP_alloc                                    
0046afdb  I2C_Transaction_init                           
0046aff7  MMWave_decodeError                             
0046b015  MMWave_listCat                                 
0046b04d  Power_idleWicIsr                               
0046b069  SOC_triggerWarmReset                           
0046b0a1  vApplicationGetIdleTaskMemory                  
0046b0bd  vApplicationGetTimerTaskMemory                 
0046b0d9  vListInsertEnd                                 
0046b0f5  HeapP_free                                     
0046b10f  HeapP_getHeapStats                             
0046b129  SysTickTimerP_Params_init                      
0046b143  UART_deinit                                    
0046b15d  gtrack_vectorAdd                               
0046b179  gtrack_vectorSub                               
0046b195  mmwreinitTask                                  
0046b1c9  stack_init                                     
0046b1e3  vPortExitCritical                              
0046b1fd  vPortFree                                      
0046b217  vTaskInternalSetTimeOutState                   
0046b231  Board_driversClose                             
0046b249  DPU_TrackerProc_init                           
0046b261  Drivers_uartClose                              
0046b291  MMWave_listRemove                              
0046b2a9  PRCMLPDSWakeUpGPIOSelect                       
0046b2c1  PRCMLPDSWakeUpSYNCIOSelect                     
0046b2d9  QSPI_readCmdParams_init                        
0046b2f1  QSPI_writeCmdParams_init                       
0046b309  TaskP_yield                                    
0046b351  pvTaskIncrementMutexHeldCount                  
0046b369  EDMADmaSetPaRAMEntry                           
0046b37f  HwiP_inISR                                     
0046b395  MMWaveMon_RxSatLiveCfg                         
0046b3ab  MMWave_encodeError                             
0046b3c1  Power_idleFunc                                 
0046b3d7  QSPI_transaction_init                          
0046b3ed  SOC_getEfusePgVersion                          
0046b403  SOC_isDeviceAOP                                
0046b419  SOC_rcmReadSynthTrimValid                      
0046b431  featExtract_vectorScalarMul                    
0046b449  gtrack_matrixGetDiag                           
0046b461  gtrack_matrixInit                              
0046b479  gtrack_vectorScalarMul                         
0046b48f  mathUtils_ceilLog2                             
0046b4a5  vListInitialise                                
0046b4bb  CPUcpsie                                       
0046b4cf  ClockP_usecToTicks                             
0046b4e3  EDMA_getRegionId                               
0046b4f7  GPIO_pinWriteHigh                              
0046b50b  GPIO_pinWriteLow                               
0046b533  Power_disablePolicy                            
0046b547  SOC_controlModuleLockMMR                       
0046b55d  __aeabi_uldivmod                               
0046b5ad  Flash_eraseBlk                                 
0046b5d1  PRCMMCUInit                                    
0046b5e3  SOC_clocksEnable                               
0046b5f5  SysTickTimerP_start                            
0046b607  SysTickTimerP_stop                             
0046b619  classifier_free                                
0046b62b  classifier_malloc                              
0046b63d  featExtract_free                               
0046b64f  featExtract_malloc                             
0046b661  freertos_main                                  
0046b675  mathUtils_pow2roundup                          
0046b699  TI_memcpy_small                                
0046b6ab  DPEDMA_local2Global                            
0046b74b  PRCMLPDSIntervalSet                            
0046b75b  PRCMLPDSWakeUpSPISelect                        
0046b76b  PRCMLPDSWakeUpUartRxSelect                     
0046b77b  PRCMLPDSWakeupSourceDisable                    
0046b78b  Power_enablePolicy                             
0046b79b  QSPI_setAddressByteCount                       
0046b7ab  QSPI_setDummyBitCount                          
0046b7bb  QSPI_setReadCmd                                
0046b7cb  QSPI_setRxLines                                
0046b7db  QSPI_setWriteCmd                               
0046b7eb  _MmwDemo_debugAssert                           
0046b7fb  gtrack_unitGetC                                
0046b80b  gtrack_unitGetSpread                           
0046b81b  lroundf                                        
0046b82b  vTaskStepTick                                  
0046b83b  vTaskSuspendAll                                
0046b84b  wcslen                                         
0046b85b  EDMACCPaRAMEntry_init                          
0046b869  Flash_close                                    
0046b8af  PRCMIsRdrStateIdle                             
0046b8bd  PRCMLPDSWakeupSourceEnable                     
0046b8cb  Pinmux_init                                    
0046b8d9  PowerClock_init                                
0046b8f5  SysTickTimerP_getCount                         
0046b903  SysTickTimerP_getReloadCount                   
0046b911  gtrack_unitGetMCenter                          
0046b921  gtrack_vectorInit                              
0046b959  vTaskMissedYield                               
0046b967  TI_memset_small                                
0046ba59  PRCMSlowClkCtrGet                              
0046ba65  Power_getConstraintMask                        
0046ba71  Power_getLowPowModeTaken                       
0046ba7d  Power_setLowPowModeTaken                       
0046ba89  SOC_moduleClockEnable                          
0046baa1  putchar                                        
0046bab9  xTaskGetCurrentTaskHandle                      
0046bac5  xTaskGetTickCount                              
0046badb  Cycleprofiler_getTimeStamp                     
0046baf9  MMWave_osalMutexDelete                         
0046bb03  MMWave_osalMutexLock                           
0046bb0d  MMWave_osalMutexUnlock                         
0046bb17  MMWave_osalSemDelete                           
0046bb21  MMWave_osalSemSignal                           
0046bb2b  MMWave_osalSemWait                             
0046bb3f  Mmwave_populateDefaultCalibrationCfg           
0046bb71  TimerP_start                                   
0046bb7b  TimerP_stop                                    
0046bb85  __aeabi_memset                                 
0046bb85  __aeabi_memset4                                
0046bb85  __aeabi_memset8                                
0046bbad  gtrack_listInit                                
0046bbb7  mathUtils_floorLog2                            
0046bbc1  EDMA_allocParam                                
0046bbc9  EDMA_allocTcc                                  
0046bbd1  EDMA_freeDmaChannel                            
0046bbd9  EDMA_freeParam                                 
0046bbe1  EDMA_freeTcc                                   
0046bc99  TimerP_clearOverflowInt                        
0046bca1  __aeabi_errno_addr                             
0046bca9  __aeabi_memclr                                 
0046bca9  __aeabi_memclr4                                
0046bca9  __aeabi_memclr8                                
0046bcb9  gtrack_unitDelete                              
0046bcc1  malloc                                         
0046bcc9  __mpu_init                                     
0046bccd  fseek                                          
0046bcd1  gtrack_listGetFirst                            
0046bcd5  gtrack_listGetNext                             
0046bcd9  putchar_                                       
0046bcdd  remove                                         
0046c930  __aeabi_ctype_table_                           
0046c930  __aeabi_ctype_table_C                          
0046ce98  defaultSceneryParams                           
0046d308  Power_config                                   
0046f3d0  I2C_defaultTransaction                         
0046f3f4  pInit                                          
0046fe6c  defaultAllocationParams                        
0047027c  defaultGatingParams                            
004709fc  defaultStateParams                             
00470ab0  ValidDigSampRates                              
00470cd0  uxTopUsedPriority                              
004724e8  gMmwMssMCB                                     
00473718  vsDataMeanBuf                                  
00473a98  _ftable                                        
00473b88  appPresenceParamTable                          
00473c78  Power_module                                   
00473d40  parkInfo                                       
00474020  _device                                        
00474098  gFlashDevCfg_MX25V1635F                        
00474234  appAllocationParamTable                        
004742f4  _stream                                        
00474344  appGatingParamTable                            
004743d4  brevFft                                        
00474454  gMpuRegionConfig                               
00474544  gUartParams                                    
0047457c  appMaxAccelerationParams                       
004745ac  appStateParamTable                             
004745dc  gFlashAttrs_MX25V1635F                         
0047460c  gHwaAttrs                                      
0047463c  gSocModulesClockFrequency                      
0047466c  EdmaCallbackcnt                                
00474670  gFactoryCalibDataStorage                       
00474698  gHwaEDMAChanMapping                            
004746b8  gSocModules                                    
004746d8  gFlashNorQspiFxns                              
004746f4  gCLIMMWaveExtensionTable                       
00474724  gClockConfig                                   
00474738  gDefaultAntGeometry                            
0047474c  appInitialRadialVelocity                       
0047475c  gEdmaConfig                                    
0047476c  gFlashConfig                                   
0047477c  gFlashToSpiProtocolMap                         
0047478c  gAddrTranslateConfig                           
00474798  gI2cParams                                     
004747a4  gMpuConfig                                     
004747b0  __TI_cleanup_ptr                               
004747b4  __TI_dtors_ptr                                 
004747b8  demoStartTime                                  
004747c8  gEdmaParams                                    
004747d0  gFlashParams                                   
004747d8  gI2cConfig                                     
004747e0  gQspiConfig                                    
004747f0  gUartConfig                                    
004747f8  previousHeartPeak                              
00474800  FreeRTOS_errno                                 
00474804  MMWave_ISRHandle                               
00474808  __TI_ft_end                                    
0047480c  __aeabi_errno                                  
00474810  _lock                                          
00474814  _unlock                                        
00474818  gCfarHwaObj                                    
0047481c  gDebugLogZone                                  
00474820  gDebugTargetCode                               
00474824  gEdmaConfigNum                                 
00474828  gFlashConfigNum                                
0047482c  gGtrackMemoryUsed                              
00474830  gHwaConfigNum                                  
00474834  gHwaObjectPtr                                  
00474838  gI2cConfigNum                                  
0047483c  gNearestCluster                                
00474840  gPreStoredAdcTestBuffInd                       
00474844  gPreStoredAdcTestBuffRdInd                     
00474848  gQspiConfigNum                                 
0047484c  gQspiParams                                    
00474850  gSocClk                                        
00474854  gTestMinMpdCentroid                            
00474858  gTestRangeLED                                  
0047485c  gUartConfigNum                                 
00474860  hwadoneisr                                     
00474870  pinParkCfg                                     
00474880  pxCurrentTCB                                   
00474884  sensPerChirpLuTable                            
00474888  sensorStop                                     
004748a4  vsBaseAddr                                     
004748a8  vsDataCount                                    
004748ac  vsLoop                                         
004748da  breathHistIndex                                
004748dc  heartHistIndex                                 
004748de  indicateNoTarget                               
004748e0  vsMeanCntOffset0                               
004748e2  vsMeanCntOffset1                               
004748e4  vsRangeBin                                     
004748e7  demoLowPwrStateTaken                           
004748e9  gIsDefCfgUsed                                  
004748ea  idleExited                                     
004748eb  isSensorStarted                                
60000000  gMmwL3                                         
ffffffff  __TI_pprof_out_hndl                            
ffffffff  __TI_prof_data_size                            
ffffffff  __TI_prof_data_start                           
ffffffff  __binit__                                      
ffffffff  binit                                          
UNDEFED   __TI_CINIT_Base                                
UNDEFED   __TI_CINIT_Limit                               
UNDEFED   __TI_Handler_Table_Base                        
UNDEFED   __TI_Handler_Table_Limit                       
UNDEFED   _system_post_cinit                             

[1110 symbols]
