******************************************************************************
            TI ARM Clang Linker PC v4.0.2                      
******************************************************************************
>> Linked Fri Apr 25 23:20:02 2025

OUTPUT FILE NAME:   <vital_signs_xwrl64xx.out>
ENTRY POINT SYMBOL: "_c_int00"  address: 00468e69


MEMORY CONFIGURATION

         name            origin    length      used     unused   attr    fill
----------------------  --------  ---------  --------  --------  ----  --------
  M4F_VECS              00400000   00000200  00000140  000000c0  RWIX
  M4F_RAM12             00400200   00057e00  00057e00  00000000  RWIX
  M4F_RBL               00458000   00008000  00004000  00004000  RWIX
  M4F_RAM3              00460000   00020000  000149a7  0000b659  RWIX
  HWASS_SHM_MEM         60000000   00080000  00068000  00018000  RWIX


SEGMENT ALLOCATION MAP

run origin  load origin   length   init length attrs members
----------  ----------- ---------- ----------- ----- -------
00400000    00400000    00000140   00000140    rw-
  00400000    00400000    00000140   00000140    rw- .vectors
00400200    00400200    00039040   00000000    rw-
  00400200    00400200    00039040   00000000    rw- .bss
00439240    00439240    0001edc0   0001edc0    r-x
  00439240    00439240    0001edc0   0001edc0    r-x .text.1
00458000    00458000    00004000   00000000    rw-
  00458000    00458000    00002000   00000000    rw- .stack
  0045a000    0045a000    00002000   00000000    rw- .sysmem
00460000    00460000    0000bd94   0000bd94    r-x
  00460000    00460000    0000bd94   0000bd94    r-x .text.2
0046bd98    0046bd98    00000008   00000008    rw-
  0046bd98    0046bd98    00000008   00000008    rw- .data.1
0046bda0    0046bda0    00005002   00005002    r--
  0046bda0    0046bda0    00005002   00005002    r-- .rodata
00470da8    00470da8    00003c09   00003c09    rw-
  00470da8    00470da8    00003c09   00003c09    rw- .data.2
60000000    60000000    00068000   00000000    rw-
  60000000    60000000    00068000   00000000    rw- .l3


SECTION ALLOCATION MAP

 output                                  attributes/
section   page    origin      length       input sections
--------  ----  ----------  ----------   ----------------
.vectors   0    00400000    00000140     
                  00400000    00000140     freertos.xwrL64xx.m4f.ti-arm-clang.release.lib : HwiP_armv7m_handlers_freertos.obj (.vectors)

.bss       0    00400200    00039040     UNINITIALIZED
                  00400200    0000b400     (.common:vsDataAngleFftOutBuf)
                  0040b600    00008000     (.common:gDpcTaskStack)
                  00413600    00007000     (.common:gMmwCoreLocMem)
                  0041a600    00006400     (.common:gMmwCoreLocMem2)
                  00420a00    00004000     control.xwrL64xx.m4f.ti-arm-clang.release.lib : mmwave_fullcfg.obj (.bss.gMmwHeapMem)
                  00424a00    00004000     (.common:gCliTskStack)
                  00428a00    00004000     (.common:gMainTaskStack)
                  0042ca00    00002000     (.common:gTlvTaskStack)
                  0042ea00    000013ec     (.common:distances)
                  0042fdec    00001000     freertos.xwrL64xx.m4f.ti-arm-clang.release.lib : port.obj (.bss.uxIdleTaskStack)
                  00430dec    00000014                                                    : timers.obj (.bss.xActiveTimerList1)
                  00430e00    00001000     (.common:gAdcFileTaskStack)
                  00431e00    00001000     (.common:gPowerTaskStack)
                  00432e00    00001000     (.common:gmmwinitTaskStack)
                  00433e00    00001000     (.common:vitalSignsSpectrumTwiddle)
                  00434e00    00000800     (.common:gMmwCoreLocMem3)
                  00435600    00000400                                                    : port.obj (.bss.uxTimerTaskStack)
                  00435a00    00000400     (.common:vsDataAngleFftOutBufLogAbsSum)
                  00435e00    00000354     (.common:gCLI)
                  00436154    000002a0     (.common:gMMWave_MCB)
                  004363f4    00000280     (.common:gHwiCtrl)
                  00436674    0000021c     ti_drivers_config.o (.bss.gUartObjects)
                  00436890    000001f4     (.common:doaProcDpuCfg)
                  00436a84    000001f0     (.common:appSceneryParamTable)
                  00436c74    0000000a     (.common:tempStats)
                  00436c7e    00000002     control.xwrL64xx.m4f.ti-arm-clang.release.lib : mmwave_link_xWRLx4xx.obj (.bss.MMWave_openLink.clpcTxcodes.0)
                  00436c80    000001d8     (.common:guDopProcHeapMem)
                  00436e58    00000028     (.common:intrObj_rangeProc)
                  00436e80    000001cc     datapath_tracker3d.xwrL64xx.m4f.ti-arm-clang.release.lib : cfarprochwa.obj (.bss.gCfarProcHeapMem)
                  0043704c    00000194     ti_drivers_config.o (.bss.gQspiObjects)
                  004371e0    00000188     (.common:uDopProcDpuCfg)
                  00437368    00000018     (.common:vitalSignsAntenna)
                  00437380    00000184     datapath_tracker3d.xwrL64xx.m4f.ti-arm-clang.release.lib : mpdproc.obj (.bss.gMpdProcHeapMem)
                  00437504    00000184     (.common:mpdProcDpuCfg)
                  00437688    00000038     (.common:gClockCtrl)
                  004376c0    00000164                                                              : rangeprochwa.obj (.bss.gRangeProcHeapMem)
                  00437824    00000014     freertos.xwrL64xx.m4f.ti-arm-clang.release.lib : timers.obj (.bss.xActiveTimerList2)
                  00437838    00000008     libsysbm.a : hostopen.c.obj (.bss.parmbuf)
                  00437840    00000154     datapath_tracker3d.xwrL64xx.m4f.ti-arm-clang.release.lib : trackerproc.obj (.bss.gTrackerProcHeapMem)
                  00437994    00000024     (.common:i2cTransaction)
                  004379b8    00000008     (.common:demoEndTime)
                  004379c0    00000150                                                              : doaproc.obj (.bss.gDoaProcHeapMem)
                  00437b10    00000140     freertos.xwrL64xx.m4f.ti-arm-clang.release.lib : tasks.obj (.bss.pxReadyTasksLists)
                  00437c50    0000012c     (.common:Power_contextSave)
                  00437d7c    00000128     (.common:rangeProcDpuCfg)
                  00437ea4    00000120     libsysbm.a : trgmsg.c.obj (.bss:_CIOBUF_)
                  00437fc4    00000118     ti_drivers_config.o (.bss.gI2cObjects)
                  004380dc    00000100     freertos.xwrL64xx.m4f.ti-arm-clang.release.lib : timers.obj (.bss.prvCheckForValidListAndQueue.ucStaticTimerQueueStorage)
                  004381dc    00000100     (.common:HwaParamsetIntr)
                  004382dc    00000100     (.common:xQueueRegistry)
                  004383dc    000000f0     (.common:vsDataPerFrame)
                  004384cc    000000d4     (.common:cfarProcDpuCfg)
                  004385a0    000000b0     ti_drivers_config.o (.bss.gEdmaObjects)
                  00438650    000000a0     libc.a : defs.c.obj (.bss.__TI_tmpnams)
                  004386f0    00000094     mmwavelink_m4.lib : rl_device.o (.bss.z_FeDriverData)
                  00438784    00000088     (.common:vitalSignsOutput)
                  0043880c    00000080     (.common:angleFFTSpectrumTwiddle)
                  0043888c    0000007c     freertos.xwrL64xx.m4f.ti-arm-clang.release.lib : port.obj (.bss.xIdleTaskTCB)
                  00438908    0000007c                                                    : port.obj (.bss.xTimerTaskTCB)
                  00438984    0000007c     (.common:gAdcFileTaskObj)
                  00438a00    0000007c     (.common:gCliTaskObj)
                  00438a7c    0000007c     (.common:gDpcTaskObj)
                  00438af8    0000007c     (.common:gMainTaskObj)
                  00438b74    0000007c     (.common:gPowerTaskObj)
                  00438bf0    0000007c     (.common:gTlvTaskObj)
                  00438c6c    0000007c     (.common:gmmwinitTaskObj)
                  00438ce8    00000070     (.common:gHwaObject)
                  00438d58    00000060                                                    : DebugP_freertos.obj (.bss.gDebugLogLockObj)
                  00438db8    00000060     (.common:gMmwOsalMutex)
                  00438e18    00000060     (.common:gMmwOsalSem)
                  00438e78    00000048                                                    : timers.obj (.bss.prvCheckForValidListAndQueue.xStaticTimerQueue)
                  00438ec0    00000048     (.common:gPowerSemObj)
                  00438f08    00000048     (.common:gRovDummyQueue)
                  00438f50    00000048     (.common:gmmwinitObj)
                  00438f98    00000040     control.xwrL64xx.m4f.ti-arm-clang.release.lib : mmwave_fullcfg.obj (.bss.gMmwHeapObj)
                  00438fd8    00000040     (.common:AppDebugData)
                  00439018    00000020     (.common:gHwiFrameStartHwiObject)
                  00439038    00000020     (.common:gTimerHwiObj)
                  00439058    00000020     (.common:idleHwiObj)
                  00439078    00000014     freertos.xwrL64xx.m4f.ti-arm-clang.release.lib : tasks.obj (.bss.xDelayedTaskList1)
                  0043908c    00000014                                                    : tasks.obj (.bss.xDelayedTaskList2)
                  004390a0    00000014                                                    : tasks.obj (.bss.xPendingReadyList)
                  004390b4    00000014                                                    : tasks.obj (.bss.xSuspendedTaskList)
                  004390c8    00000014                                                    : tasks.obj (.bss.xTasksWaitingTermination)
                  004390dc    00000014     (.common:idleHwiPrms)
                  004390f0    00000014     (.common:intrObj_cfarProc)
                  00439104    00000014     (.common:intrObj_doaProc)
                  00439118    00000014     (.common:intrObj_uDopProc)
                  0043912c    00000010     (.common:gFlashObject_MX25V1635F)
                  0043913c    00000004                                                    : timers.obj (.bss.pxCurrentTimerList)
                  00439140    00000010     datapath_tracker3d.xwrL64xx.m4f.ti-arm-clang.release.lib : trackerproc.obj (.bss.gTrackerProcDescrpHdlHeapMem)
                  00439150    00000010     (.common:rxData)
                  00439160    00000010     (.common:txData)
                  00439170    00000008     (.common:demoTimeus)
                  00439178    00000008     (.common:frmPrdus)
                  00439180    00000008     (.common:gEdmaHandle)
                  00439188    00000008     (.common:gMmwDemoFlash)
                  00439190    00000008     (.common:slpTimeus)
                  00439198    00000008     (.common:test)
                  004391a0    00000008     (.common:ullIdleTime)
                  004391a8    00000008     (.common:ullSleepTime)
                  004391b0    00000004     freertos.xwrL64xx.m4f.ti-arm-clang.release.lib : tasks.obj (.bss.pxDelayedTaskList)
                  004391b4    00000004                                                    : tasks.obj (.bss.pxOverflowDelayedTaskList)
                  004391b8    00000004                                                    : timers.obj (.bss.pxOverflowTimerList)
                  004391bc    00000004     libc.a : memory.c.obj (.bss.sys_free)
                  004391c0    00000004     (.common:gAdcFileTask)
                  004391c4    00000004     (.common:gCliTask)
                  004391c8    00000004     (.common:gDpcTask)
                  004391cc    00000004     (.common:gFlashHandle)
                  004391d0    00000004     (.common:gI2cHandle)
                  004391d4    00000004     (.common:gMainTask)
                  004391d8    00000004     (.common:gPowerSem)
                  004391dc    00000004     (.common:gPowerTask)
                  004391e0    00000004     (.common:gPreStoredAdcTestBuff)
                  004391e4    00000004     (.common:gQspiHandle)
                  004391e8    00000004     (.common:gTimerBaseAddr)
                  004391ec    00000004     (.common:gTlvTask)
                  004391f0    00000004     (.common:gUartHandle)
                  004391f4    00000004     (.common:gmmwinit)
                  004391f8    00000004     (.common:gmmwinitTask)
                  004391fc    00000004     (.common:gpioBaseAddrLed)
                  00439200    00000004     (.common:hwRes)
                  00439204    00000004     (.common:hwaHandle)
                  00439208    00000004     (.common:pinNumLed)
                  0043920c    00000004     (.common:radialDistance)
                  00439210    00000004     (.common:tan_input)
                  00439214    00000004     (.common:tan_output)
                  00439218    00000004     (.common:xDistForVS)
                  0043921c    00000004     (.common:yDistForVS)
                  00439220    00000002     control.xwrL64xx.m4f.ti-arm-clang.release.lib : mmwave_link_xWRLx4xx.obj (.bss.MMWave_openLink.clpcTxcodes.1)
                  00439222    00000002     (.common:vsLastFramePeakIdxI)
                  00439224    00000002     (.common:vsLastFramePeakIdxJ)
                  00439226    00000001                                                   : mmwave_link_xWRLx4xx.obj (.bss.MMWave_openLink.clpcCalTemp)
                  00439227    00000001     (.common:pgVersion)
                  00439228    00000018     --HOLE--

.stack     0    00458000    00002000     UNINITIALIZED
                  00458000    00000004     freertos.xwrL64xx.m4f.ti-arm-clang.release.lib : boot_armv7m.obj (.stack)
                  00458004    00001ffc     --HOLE--

.sysmem    0    0045a000    00002000     UNINITIALIZED
                  0045a000    00000010     libc.a : memory.c.obj (.sysmem)
                  0045a010    00001ff0     --HOLE--

.l3        0    60000000    00068000     UNINITIALIZED
                  60000000    00068000     vitalsign_with_tracking.o (.l3)

__llvm_prf_cnts 
*          0    00400200    00000000     UNINITIALIZED

__llvm_prf_bits 
*          0    00400200    00000000     UNINITIALIZED

.text.1    0    00439240    0001edc0     
                  00439240    00000de8     vitalsign_with_tracking.o (.text.mmwDemo_TransmitProcessedOutputTask)
                  0043a028    00000c04     libc.a : _scanfi.c.obj (.text.__TI_scanfi)
                  0043ac2c    00000004     ti_board_open_close.o (.text.Board_driversOpen)
                  0043ac30    00000afc     vitalsign.o (.text.MmwDemo_computeVitalSignProcessing)
                  0043b72c    00000004     freertos.xwrL64xx.m4f.ti-arm-clang.release.lib : ClockP_freertos.obj (.text.ClockP_getTicks)
                  0043b730    00000a80     libc.a : e_pow.c.obj (.text.pow)
                  0043c1b0    00000a0a     datapath_tracker3d.xwrL64xx.m4f.ti-arm-clang.release.lib : cfarprochwa.obj (.text.CFAR_DET_HWA_cfarRangeDoppler_ProcList)
                  0043cbba    00000006     drivers.xwrL64xx.m4f.ti-arm-clang.release.lib : edma.obj (.text.EDMA_isInterruptEnabled)
                  0043cbc0    000009d4     libc.a : _printfi.c.obj (.text:__TI_printfi)
                  0043d594    000008b6     datapath_tracker3d.xwrL64xx.m4f.ti-arm-clang.release.lib : rangeprochwa.obj (.text.rangeProcHWA_HardwareConfig)
                  0043de4a    00000002     ti_board_config.o (.text.Board_init)
                  0043de4c    00000824     alg_gtrack3d.xwrL64xx.m4f.ti-arm-clang.release.lib : gtrack_unit_update.obj (.text.gtrack_unitUpdate)
                  0043e670    00000800     datapath_tracker3d.xwrL64xx.m4f.ti-arm-clang.release.lib : doaproc.obj (.text.doaProc_configHwa)
                  0043ee70    00000794     dpc.o (.text.DPC_Execute)
                  0043f604    0000075a     drivers.xwrL64xx.m4f.ti-arm-clang.release.lib : hwa.obj (.text.HWA_configParamSet)
                  0043fd5e    00000002     freertos.xwrL64xx.m4f.ti-arm-clang.release.lib : CacheP_null.obj (.text.CacheP_inv)
                  0043fd60    00000734     alg_gtrack3d.xwrL64xx.m4f.ti-arm-clang.release.lib : gtrack_create.obj (.text.gtrack_create)
                  00440494    00000004     freertos.xwrL64xx.m4f.ti-arm-clang.release.lib : ClockP_freertos_m4.obj (.text.ClockP_getTimerCount)
                  00440498    00000724     libc.a : k_rem_pio2.c.obj (.text.__kernel_rem_pio2)
                  00440bbc    0000070a     ADC_testbuf.o (.text.mmwDemo_adcFileReadTask)
                  004412c6    00000002     freertos.xwrL64xx.m4f.ti-arm-clang.release.lib : CacheP_null.obj (.text.CacheP_wb)
                  004412c8    0000066c     datapath_tracker3d.xwrL64xx.m4f.ti-arm-clang.release.lib : udopproc.obj (.text.uDopProc_configHwa)
                  00441934    000005fe     drivers.xwrL64xx.m4f.ti-arm-clang.release.lib : hwa.obj (.text.HWA_configCommon)
                  00441f32    00000002     freertos.xwrL64xx.m4f.ti-arm-clang.release.lib : ClockP_freertos_m4.obj (.text.ClockP_timerClearOverflowInt)
                  00441f34    00000594     libc.a : e_powf.c.obj (.text.powf)
                  004424c8    0000057c     datapath_tracker3d.xwrL64xx.m4f.ti-arm-clang.release.lib : mpdproc.obj (.text.assignPointsToZones)
                  00442a44    00000004     libsysbm.a : hostexit.c.obj (.text.HOSTexit)
                  00442a48    00000570     datapath_tracker3d.xwrL64xx.m4f.ti-arm-clang.release.lib : cfarprochwa.obj (.text.CFAR_DET_HWA_cfarRange_ProcList)
                  00442fb8    00000570     freertos.xwrL64xx.m4f.ti-arm-clang.release.lib : printf.obj (.text._vsnprintf)
                  00443528    00000568     dpc.o (.text.uDopProc_configParser)
                  00443a90    0000054e     dpc.o (.text.DoaProc_configParser)
                  00443fde    00000002     drivers.xwrL64xx.m4f.ti-arm-clang.release.lib : hwa.obj (.text.HWA_init)
                  00443fe0    00000546     alg_classifier.xwrL64xx.m4f.ti-arm-clang.release.lib : classifier_layers.obj (.text.conv2_op)
                  00444526    00000002     freertos.xwrL64xx.m4f.ti-arm-clang.release.lib : power_xwrLx4xx_freertos.obj (.text.Power_initPolicy)
                  00444528    0000052e     mmwave_control_config.o (.text.Mmwave_populateDefaultChirpControlCfg)
                  00444a56    00000002     libclang_rt.builtins.a : aeabi_div0.c.obj (.text.__aeabi_ldiv0)
                  00444a58    00000528     libc.a : s_cos.c.obj (.text.cos)
                  00444f80    00000528            : s_sin.c.obj (.text.sin)
                  004454a8    000004ee     alg_gtrack3d.xwrL64xx.m4f.ti-arm-clang.release.lib : gtrack_module.obj (.text.gtrack_moduleAllocate)
                  00445996    000004c4     mmw_cli.o (.text.CLI_init)
                  00445e5a    00000002     libc.a : _lock.c.obj (.text._nop)
                  00445e5c    000004bc     alg_gtrack3d.xwrL64xx.m4f.ti-arm-clang.release.lib : gtrack_utilities_3d.obj (.text.gtrack_matrixInv)
                  00446318    000004a8     freertos.xwrL64xx.m4f.ti-arm-clang.release.lib : printf.obj (.text._etoa)
                  004467c0    0000048c     dpc.o (.text.CfarProc_configParser)
                  00446c4c    00000488     vitalsign.o (.text.MmwDemo_runPreProcess)
                  004470d4    00000004     control.xwrL64xx.m4f.ti-arm-clang.release.lib : mmwave_link_xWRLx4xx.obj (.text.MMWave_ExitCriticalRegion)
                  004470d8    00000474     libc.a : strtod.c.obj (.text.strtod)
                  0044754c    00000004     control.xwrL64xx.m4f.ti-arm-clang.release.lib : mmwave_link_xWRLx4xx.obj (.text.MMWave_TimeStamp)
                  00447550    00000468                                                   : mmwave_link_common.obj (.text.MMWave_configLink)
                  004479b8    00000440     freertos.xwrL64xx.m4f.ti-arm-clang.release.lib : printf.obj (.text._ftoa)
                  00447df8    00000430     dpc.o (.text.DPC_Config)
                  00448228    000003e6     dpc.o (.text.RangeProc_configParser)
                  0044860e    00000002     freertos.xwrL64xx.m4f.ti-arm-clang.release.lib : printf.obj (.text._out_null)
                  00448610    000003e0     alg_gtrack3d.xwrL64xx.m4f.ti-arm-clang.release.lib : gtrack_unit_score.obj (.text.gtrack_unitScore)
                  004489f0    000003b0     freertos.xwrL64xx.m4f.ti-arm-clang.release.lib : HwiP_armv7m.obj (.text.hwi)
                  00448da0    000003a8     datapath_tracker3d.xwrL64xx.m4f.ti-arm-clang.release.lib : udopproc.obj (.text.uDopProc_ConfigTriggerHwa)
                  00449148    0000037c     range_phase_bias_measurement.o (.text.mmwDemo_rangeBiasRxChPhaseMeasure)
                  004494c4    0000037a     board.xwrL64xx.m4f.ti-arm-clang.release.lib : flash_nor_qspi.obj (.text.Flash_norQspiOpen)
                  0044983e    00000002     alg_gtrack3d.xwrL64xx.m4f.ti-arm-clang.release.lib : gtrack_unit_stop.obj (.text.gtrack_unitStop)
                  00449840    00000342     drivers.xwrL64xx.m4f.ti-arm-clang.release.lib : i2c_v0.obj (.text.I2C_hwiFxn)
                  00449b82    0000032a                                                   : uart_sci.obj (.text.UART_open)
                  00449eac    00000320     datapath_tracker3d.xwrL64xx.m4f.ti-arm-clang.release.lib : udopproc.obj (.text.DPU_uDopProc_process)
                  0044a1cc    00000004     control.xwrL64xx.m4f.ti-arm-clang.release.lib : mmwave_listlib.obj (.text.MMWave_listGetHead)
                  0044a1d0    00000320     factory_cal.o (.text.mmwDemo_factoryCal)
                  0044a4f0    00000310     drivers.xwrL64xx.m4f.ti-arm-clang.release.lib : soc_rcm.obj (.text.SOC_rcmGetPeripheralClock)
                  0044a800    0000030a                                                   : edma.obj (.text.EDMA_init)
                  0044ab0a    000002f6     datapath_tracker3d.xwrL64xx.m4f.ti-arm-clang.release.lib : doaproc.obj (.text.doaProc_configEdma)
                  0044ae00    000002f0     libc.a : e_log10.c.obj (.text.log10)
                  0044b0f0    000002ec     datapath_tracker3d.xwrL64xx.m4f.ti-arm-clang.release.lib : cfarprochwa.obj (.text.CFAR_DET_HWA_cfarRange_ProcList_1tx_1rx)
                  0044b3dc    000002e2     DSPF_sp_fftSPxSP_cn.o (.text.DSPF_sp_fftSPxSP_cn)
                  0044b6be    000002de     datapath_tracker3d.xwrL64xx.m4f.ti-arm-clang.release.lib : cfarprochwa.obj (.text.CFAR_DET_HWA_config_HWA)
                  0044b99c    00000004     control.xwrL64xx.m4f.ti-arm-clang.release.lib : mmwave_listlib.obj (.text.MMWave_listGetNext)
                  0044b9a0    000002dc     libc.a : strcmp_t2.S.obj (.text:strcmp)
                  0044bc7c    00000004     drivers.xwrL64xx.m4f.ti-arm-clang.release.lib : prcm.obj (.text.PRCMPeripheralStatusGet)
                  0044bc80    000002cc     mmw_cli.o (.text.CLI_MMWaveSensorStart)
                  0044bf4c    000002bc     alg_classifier.xwrL64xx.m4f.ti-arm-clang.release.lib : classifier_layers.obj (.text.conv1_op)
                  0044c208    000002b8     libc.a : _printfi.c.obj (.text._pconv_a)
                  0044c4c0    00000294     vitalsign_with_tracking.o (.text.vitalsign_with_tracking)
                  0044c754    00000274     drivers.xwrL64xx.m4f.ti-arm-clang.release.lib : i2c_v0.obj (.text.I2C_open)
                  0044c9c8    00000258     freertos.xwrL64xx.m4f.ti-arm-clang.release.lib : power_xwrLx4xx_freertos.obj (.text.Power_sleepPolicy)
                  0044cc20    00000244     datapath_tracker3d.xwrL64xx.m4f.ti-arm-clang.release.lib : trackerproc.obj (.text.DPU_TrackerProc_config)
                  0044ce64    0000023c     control.xwrL64xx.m4f.ti-arm-clang.release.lib : mmwave_link_xWRLx4xx.obj (.text.MMWave_openLink)
                  0044d0a0    00000238     libc.a : _printfi.c.obj (.text._pconv_g)
                  0044d2d8    0000022e     drivers.xwrL64xx.m4f.ti-arm-clang.release.lib : qspi.obj (.text.QSPI_open)
                  0044d506    0000022c                                                   : uart_sci.obj (.text.UART_write)
                  0044d732    00000006                                                   : gpio.obj (.text.GPIO_moduleEnable)
                  0044d738    00000228     datapath_tracker3d.xwrL64xx.m4f.ti-arm-clang.release.lib : udopproc.obj (.text.DPU_uDopProc_config)
                  0044d960    00000228     power_management.o (.text.powerManagementTask)
                  0044db88    00000222     drivers.xwrL64xx.m4f.ti-arm-clang.release.lib : i2c_v0.obj (.text.I2C_primeTransfer)
                  0044ddaa    00000002     power_management.o (.text.power_LPDSentryhook)
                  0044ddac    00000218     alg_gtrack3d.xwrL64xx.m4f.ti-arm-clang.release.lib : gtrack_utilities.obj (.text.gtrack_computeJacobian)
                  0044dfc4    00000214     datapath_tracker3d.xwrL64xx.m4f.ti-arm-clang.release.lib : rangeprochwa.obj (.text.rangeProcHWA_ConfigEDMA_evtDecim)
                  0044e1d8    00000204     alg_gtrack3d.xwrL64xx.m4f.ti-arm-clang.release.lib : gtrack_step.obj (.text.gtrack_step)
                  0044e3dc    000001fc     dpc.o (.text.MmwDemo_cfgDopplerParamMapping)
                  0044e5d8    000001f6     datapath_tracker3d.xwrL64xx.m4f.ti-arm-clang.release.lib : dpedma.obj (.text.DPEDMA_configSyncTransfer)
                  0044e7ce    00000002     freertos.xwrL64xx.m4f.ti-arm-clang.release.lib : port.obj (.text.vPortConfigTimerForRunTimeStats)
                  0044e7d0    000001f4     alg_gtrack3d.xwrL64xx.m4f.ti-arm-clang.release.lib : gtrack_unit_event.obj (.text.gtrack_unitEvent)
                  0044e9c4    00000004     drivers.xwrL64xx.m4f.ti-arm-clang.release.lib : soc.obj (.text.SOC_moduleSetClockFrequency)
                  0044e9c8    000001e8     datapath_tracker3d.xwrL64xx.m4f.ti-arm-clang.release.lib : udopproc.obj (.text.uDopProc_FeatExtraction)
                  0044ebb0    000001de                                                              : dpedma.obj (.text.DPEDMA_configSyncA_singleFrame)
                  0044ed8e    000001d8                                                              : dpedma.obj (.text.DPEDMA_configSyncAB)
                  0044ef66    00000002     --HOLE-- [fill = 0]
                  0044ef68    000001ca     freertos.xwrL64xx.m4f.ti-arm-clang.release.lib : MpuP_armv7m.obj (.text.mpu)
                  0044f132    00000002     --HOLE-- [fill = 0]
                  0044f134    000001c8     libc.a : strtoll.c.obj (.text.strtoll)
                  0044f2fc    000001c6     drivers.xwrL64xx.m4f.ti-arm-clang.release.lib : hwa.obj (.text.HWA_open)
                  0044f4c2    00000002     --HOLE-- [fill = 0]
                  0044f4c4    000001c4     libc.a : e_logf.c.obj (.text.logf)
                  0044f688    000001b8     alg_gtrack3d.xwrL64xx.m4f.ti-arm-clang.release.lib : gtrack_unit_create.obj (.text.gtrack_unitCreate)
                  0044f840    000001b6     libclang_rt.builtins.a : adddf3.S.obj (.text.adddf3_subdf3)
                  0044f9f6    00000002     --HOLE-- [fill = 0]
                  0044f9f8    000001b4     datapath_tracker3d.xwrL64xx.m4f.ti-arm-clang.release.lib : mpdproc.obj (.text.stateMachine)
                  0044fbac    000001b2                                                              : udopproc.obj (.text.uDopProc_configEdma_loopBack)
                  0044fd5e    000001b0     drivers.xwrL64xx.m4f.ti-arm-clang.release.lib : uart_sci.obj (.text.UART_read)
                  0044ff0e    00000002     --HOLE-- [fill = 0]
                  0044ff10    000001b0     utils.xwrL64xx.m4f.ti-arm-clang.release.lib : mathutils.obj (.text.mathUtils_genWindow)
                  004500c0    000001ae     freertos.xwrL64xx.m4f.ti-arm-clang.release.lib : timers.obj (.text.prvTimerTask)
                  0045026e    00000002     --HOLE-- [fill = 0]
                  00450270    000001a8     range_phase_bias_measurement.o (.text.mmwDemo_rangeBiasRxChPhaseMeasureConfig)
                  00450418    000001a6     drivers.xwrL64xx.m4f.ti-arm-clang.release.lib : edma.obj (.text.EDMA_deinit)
                  004505be    00000002     --HOLE-- [fill = 0]
                  004505c0    000001a0     libc.a : _printfi.c.obj (.text.fcvt)
                  00450760    00000194     control.xwrL64xx.m4f.ti-arm-clang.release.lib : mmwave_link_common.obj (.text.MMWave_deviceGetVersion)
                  004508f4    00000004     libclang_rt.builtins.a : aeabi_memcpy.S.obj (.text.__aeabi_memcpy)
                  004508f8    00000194     libc.a : s_exp2f.c.obj (.text.exp2f)
                  00450a8c    00000190     drivers.xwrL64xx.m4f.ti-arm-clang.release.lib : uart_sci_edma.obj (.text.UART_edmaChannelConfig)
                  00450c1c    0000018c                                                   : qspi_edma.obj (.text.QSPI_edmaTransfer)
                  00450da8    00000182     datapath_tracker3d.xwrL64xx.m4f.ti-arm-clang.release.lib : udopproc.obj (.text.uDopProc_configEdma)
                  00450f2a    00000006     freertos.xwrL64xx.m4f.ti-arm-clang.release.lib : SemaphoreP_freertos.obj (.text.SemaphoreP_destruct)
                  00450f30    00000180     libc.a : _printfi.c.obj (.text._pconv_e)
                  004510b0    00000180            : fwrite.c.obj (.text.fwrite)
                  00451230    0000017c     vitalsign.o (.text.MmwDemo_runVitalSigns)
                  004513ac    0000017a     drivers.xwrL64xx.m4f.ti-arm-clang.release.lib : uart_sci.obj (.text.UART_controllerIsr)
                  00451526    00000002     --HOLE-- [fill = 0]
                  00451528    00000176                                                   : power_xwrLx4xx.obj (.text.Power_sleep)
                  0045169e    00000176                                                   : qspi_edma.obj (.text.QSPI_edmaChannelConfig)
                  00451814    00000170     datapath_tracker3d.xwrL64xx.m4f.ti-arm-clang.release.lib : doaproc.obj (.text.DPU_DoaProc_config)
                  00451984    00000004     libclang_rt.builtins.a : aeabi_memmove.S.obj (.text.__aeabi_memmove)
                  00451988    00000170     vitalsign.o (.text.MmwDemo_genTwiddle)
                  00451af8    00000170     drivers.xwrL64xx.m4f.ti-arm-clang.release.lib : soc_rcm.obj (.text.SOC_rcmEnablePeripheralClock)
                  00451c68    00000170     libc.a : k_sin.c.obj (.text.__kernel_sin)
                  00451dd8    00000170            : strtoull.c.obj (.text.strtoull)
                  00451f48    0000016a     datapath_tracker3d.xwrL64xx.m4f.ti-arm-clang.release.lib : rangeprochwa.obj (.text.DPU_RangeProcHWA_config)
                  004520b2    00000002     --HOLE-- [fill = 0]
                  004520b4    0000016a     board.xwrL64xx.m4f.ti-arm-clang.release.lib : flash_nor_qspi.obj (.text.Flash_norQspiWrite)
                  0045221e    00000002     --HOLE-- [fill = 0]
                  00452220    00000168     drivers.xwrL64xx.m4f.ti-arm-clang.release.lib : power_xwrLx4xx.obj (.text.Power_Idle3)
                  00452388    00000168     libc.a : k_cos.c.obj (.text.__kernel_cos)
                  004524f0    00000168            : e_sqrt.c.obj (.text.sqrt)
                  00452658    00000162     drivers.xwrL64xx.m4f.ti-arm-clang.release.lib : soc_rcm.obj (.text.SOC_rcmSetPeripheralClock)
                  004527ba    00000002     --HOLE-- [fill = 0]
                  004527bc    0000015c     datapath_tracker3d.xwrL64xx.m4f.ti-arm-clang.release.lib : dbscan.obj (.text.expandCluster)
                  00452918    0000015a     control.xwrL64xx.m4f.ti-arm-clang.release.lib : mmwave_link_xWRLx4xx.obj (.text.MMWave_initLink)
                  00452a72    00000006     alg_classifier.xwrL64xx.m4f.ti-arm-clang.release.lib : classifier_layers.obj (.text.classifier_bytes_needed)
                  00452a78    00000158     libc.a : e_asinf.c.obj (.text.asinf)
                  00452bd0    00000158            : s_atanf.c.obj (.text.atanf)
                  00452d28    00000156     drivers.xwrL64xx.m4f.ti-arm-clang.release.lib : qspi.obj (.text.QSPI_readCmd)
                  00452e7e    00000002     --HOLE-- [fill = 0]
                  00452e80    00000156     freertos.xwrL64xx.m4f.ti-arm-clang.release.lib : queue.obj (.text.xQueueSemaphoreTake)
                  00452fd6    00000002     --HOLE-- [fill = 0]
                  00452fd8    00000154     libc.a : e_log10f.c.obj (.text.log10f)
                  0045312c    00000150     alg_gtrack3d.xwrL64xx.m4f.ti-arm-clang.release.lib : gtrack_unit_update.obj (.text.gtrack_velocityStateHandling)
                  0045327c    0000014e     board.xwrL64xx.m4f.ti-arm-clang.release.lib : ina.obj (.text.SensorConfig228)
                  004533ca    0000014a     tracker_utils.o (.text.MmwDemo_CLIBoundaryBoxCfg)
                  00453514    00000148     mmw_cli.o (.text.CLI_MMWStart)
                  0045365c    00000148     drivers.xwrL64xx.m4f.ti-arm-clang.release.lib : uart_sci.obj (.text.UART_close)
                  004537a4    00000148     datapath_tracker3d.xwrL64xx.m4f.ti-arm-clang.release.lib : rangeprochwa.obj (.text.rangeProcHWA_ParseConfig)
                  004538ec    00000144     freertos.xwrL64xx.m4f.ti-arm-clang.release.lib : printf.obj (.text._ntoa_format)
                  00453a30    00000140     mmw_cli.o (.text.CLI_task)
                  00453b70    00000140     alg_featExtract.xwrL64xx.m4f.ti-arm-clang.release.lib : featExtract_compute.obj (.text.featExtract_compute)
                  00453cb0    00000140     alg_gtrack3d.xwrL64xx.m4f.ti-arm-clang.release.lib : gtrack_utilities.obj (.text.gtrack_cartesian2spherical)
                  00453df0    00000140     libc.a : e_log2f.c.obj (.text.log2f)
                  00453f30    0000013c     datapath_tracker3d.xwrL64xx.m4f.ti-arm-clang.release.lib : trackerproc.obj (.text.DPU_TrackerProc_process)
                  0045406c    0000013c     libc.a : strtol.c.obj (.text.strtol)
                  004541a8    0000013a     freertos.xwrL64xx.m4f.ti-arm-clang.release.lib : tasks.obj (.text.xTaskIncrementTick)
                  004542e2    00000006                                                    : list.obj (.text.vListInitialiseItem)
                  004542e8    00000138     mmw_cli.o (.text.CLI_MMWaveChirpCommonCfg)
                  00454420    00000138     mmw_cli.o (.text.CLI_MMWaveChirpTimingCfg)
                  00454558    00000138     datapath_tracker3d.xwrL64xx.m4f.ti-arm-clang.release.lib : cfarprochwa.obj (.text.DPU_CFARProcHWA_process)
                  00454690    00000138                                                              : udopproc.obj (.text.uDopProc_updateTrackIdFeatures)
                  004547c8    00000136     libclang_rt.builtins.a : divdf3.S.obj (.text.__divdf3)
                  004548fe    00000002     --HOLE-- [fill = 0]
                  00454900    00000136     freertos.xwrL64xx.m4f.ti-arm-clang.release.lib : queue.obj (.text.xQueueGenericSend)
                  00454a36    00000002     --HOLE-- [fill = 0]
                  00454a38    00000136                                                    : queue.obj (.text.xQueueReceive)
                  00454b6e    00000002     --HOLE-- [fill = 0]
                  00454b70    00000132     drivers.xwrL64xx.m4f.ti-arm-clang.release.lib : edma.obj (.text.allocResource)
                  00454ca2    00000130     freertos.xwrL64xx.m4f.ti-arm-clang.release.lib : ClockP_freertos_m4.obj (.text.ClockP_init)
                  00454dd2    0000012e     mmwavelink_m4.lib : rl_device.o (.text.rl_initErrorCheck)
                  00454f00    0000012c     drivers.xwrL64xx.m4f.ti-arm-clang.release.lib : edma.obj (.text.EDMA_open)
                  0045502c    0000012c     libc.a : strtoul.c.obj (.text.strtoul)
                  00455158    00000126     dpc.o (.text.MmwDemo_calcActiveAntennaGeometry)
                  0045527e    00000124     datapath_tracker3d.xwrL64xx.m4f.ti-arm-clang.release.lib : dpedma.obj (.text.DPEDMA_configDummyChannel)
                  004553a2    00000002     --HOLE-- [fill = 0]
                  004553a4    00000120     libc.a : fopen.c.obj (.text._openfile)
                  004554c4    00000004            : printf.c.obj (.text._outc)
                  004554c8    00000120            : s_ceil.c.obj (.text.ceil)
                  004555e8    00000120            : s_floor.c.obj (.text.floor)
                  00455708    00000120     freertos.xwrL64xx.m4f.ti-arm-clang.release.lib : HeapP_internal.obj (.text.pvHeapMalloc)
                  00455828    0000011c     mmw_cli.o (.text.CLI_MMWaveCfarCfg)
                  00455944    0000011a     freertos.xwrL64xx.m4f.ti-arm-clang.release.lib : tasks.obj (.text.xTaskResumeAll)
                  00455a5e    00000118     datapath_tracker3d.xwrL64xx.m4f.ti-arm-clang.release.lib : dpedma.obj (.text.DPEDMA_freeEDMAChannel)
                  00455b76    00000002     --HOLE-- [fill = 0]
                  00455b78    00000118     freertos.xwrL64xx.m4f.ti-arm-clang.release.lib : tasks.obj (.text.prvAddNewTaskToReadyList)
                  00455c90    00000112     mmw_cli.o (.text.CLI_MMWaveVersion)
                  00455da2    00000002     --HOLE-- [fill = 0]
                  00455da4    00000110     tracker_utils.o (.text.MmwDemo_CLITrackingCfg)
                  00455eb4    00000004     libc.a : printf.c.obj (.text._outs)
                  00455eb8    00000110     alg_gtrack3d.xwrL64xx.m4f.ti-arm-clang.release.lib : gtrack_math.obj (.text.gtrack_calcRotMatZX)
                  00455fc8    0000010e     datapath_tracker3d.xwrL64xx.m4f.ti-arm-clang.release.lib : doaproc.obj (.text.doaProc_InternalLoop)
                  004560d6    0000010c                                                              : cfarprochwa.obj (.text.CFAR_DET_HWA_config_EDMA)
                  004561e2    00000006     libc.a : exit.c.obj (.text:abort)
                  004561e8    0000010c     vitalsign.o (.text.MmwDemo_computePhaseUnwrap)
                  004562f4    0000010c     libc.a : memory.c.obj (.text.aligned_alloc)
                  00456400    0000010c            : s_scalbn.c.obj (.text.scalbn)
                  0045650c    00000108     board.xwrL64xx.m4f.ti-arm-clang.release.lib : flash_nor_qspi.obj (.text.Flash_norQspiReset)
                  00456614    00000108     alg_gtrack3d.xwrL64xx.m4f.ti-arm-clang.release.lib : gtrack_unit_start.obj (.text.gtrack_unitStart)
                  0045671c    00000106                                                        : gtrack_utilities_3d.obj (.text.gtrack_matrixComputePJT)
                  00456822    00000002     --HOLE-- [fill = 0]
                  00456824    00000104     drivers.xwrL64xx.m4f.ti-arm-clang.release.lib : edma.obj (.text.EDMA_transferCompletionMasterIsrFxn)
                  00456928    00000100     datapath_tracker3d.xwrL64xx.m4f.ti-arm-clang.release.lib : mpdproc.obj (.text.DPU_MpdProc_process)
                  00456a28    000000fe     dpc.o (.text.DPC_Init)
                  00456b26    00000002     --HOLE-- [fill = 0]
                  00456b28    000000fc     libclang_rt.builtins.a : muldf3.S.obj (.text.__muldf3)
                  00456c24    000000fc     libc.a : fputs.c.obj (.text.fputs)
                  00456d20    000000fc     dpc.o (.text.rangeBiasRxChPhaseMeasure_quadfit)
                  00456e1c    000000fa     drivers.xwrL64xx.m4f.ti-arm-clang.release.lib : edma.obj (.text.EDMA_freeResource)
                  00456f16    00000002     --HOLE-- [fill = 0]
                  00456f18    000000fa                                                   : qspi.obj (.text.QSPI_readMemMapMode)
                  00457012    00000002     --HOLE-- [fill = 0]
                  00457014    000000f8     mmw_cli.o (.text.CLI_MMWaveAdcLogging)
                  0045710c    000000f4     libc.a : fread.c.obj (.text.fread)
                  00457200    000000f4     freertos.xwrL64xx.m4f.ti-arm-clang.release.lib : tasks.obj (.text.prvIdleTask)
                  004572f4    000000ee                                                    : tasks.obj (.text.vTaskDelete)
                  004573e2    000000ec     mmw_cli.o (.text.CLI_MMWaveFactoryCalConfig)
                  004574ce    00000002     --HOLE-- [fill = 0]
                  004574d0    000000ec     alg_gtrack3d.xwrL64xx.m4f.ti-arm-clang.release.lib : gtrack_module.obj (.text.gtrack_modulePresence)
                  004575bc    000000ec                                                        : gtrack_utilities.obj (.text.gtrack_spherical2cartesian)
                  004576a8    000000e8     drivers.xwrL64xx.m4f.ti-arm-clang.release.lib : qspi.obj (.text.QSPI_writeCmd)
                  00457790    000000e8                                                   : uart_sci_edma.obj (.text.UART_readDma)
                  00457878    000000e8     alg_classifier.xwrL64xx.m4f.ti-arm-clang.release.lib : classifier_predict.obj (.text.classifier_predict)
                  00457960    000000e8                                                          : classifier_layers.obj (.text.layer_norm)
                  00457a48    000000e4     ti_board_config.o (.text.mmwDemo_PowerMeasurement)
                  00457b2c    000000e2     alg_gtrack3d.xwrL64xx.m4f.ti-arm-clang.release.lib : gtrack_utilities_3d.obj (.text.gtrack_computeMahalanobis)
                  00457c0e    00000002     --HOLE-- [fill = 0]
                  00457c10    000000e0     mmw_cli.o (.text.CLI_MMWaveFrameCfg)
                  00457cf0    000000de     alg_gtrack3d.xwrL64xx.m4f.ti-arm-clang.release.lib : gtrack_unit_predict.obj (.text.gtrack_unitPredict)
                  00457dce    000000dc     datapath_tracker3d.xwrL64xx.m4f.ti-arm-clang.release.lib : cfarprochwa.obj (.text.DPU_CFARProcHWA_config)
                  00457eaa    00000002     --HOLE-- [fill = 0]
                  00457eac    000000dc                                                              : trackerproc.obj (.text.DPU_TrackerProc_CartesianToSpherical)
                  00457f88    00000078                                                              : dpedma.obj (.text.DPEDMA_setup_shadow_link)

.text.2    0    00460000    0000bd94     
                  00460000    000000dc     datapath_tracker3d.xwrL64xx.m4f.ti-arm-clang.release.lib : trackerproc.obj (.text.DPU_trackerProc_updateParamTables)
                  004600dc    000000dc     libc.a : memory.c.obj (.text.free)
                  004601b8    000000d8     drivers.xwrL64xx.m4f.ti-arm-clang.release.lib : edma.obj (.text.EDMA_allocResource)
                  00460290    000000d8     dpc.o (.text.MmwDemo_compressPointCloudList)
                  00460368    000000d8     drivers.xwrL64xx.m4f.ti-arm-clang.release.lib : uart_sci_edma.obj (.text.UART_writeDma)
                  00460440    000000d8     libc.a : setvbuf.c.obj (.text.setvbuf)
                  00460518    000000d6     drivers.xwrL64xx.m4f.ti-arm-clang.release.lib : edma.obj (.text.EDMA_unregisterIntr)
                  004605ee    00000002     --HOLE-- [fill = 0]
                  004605f0    000000d6     dpc.o (.text.MpdProc_configParser)
                  004606c6    000000d4     drivers.xwrL64xx.m4f.ti-arm-clang.release.lib : i2c_v0.obj (.text.I2C_transfer)
                  0046079a    000000d4     freertos.xwrL64xx.m4f.ti-arm-clang.release.lib : TimerP_rti.obj (.text.TimerP_setup)
                  0046086e    000000d0     control.xwrL64xx.m4f.ti-arm-clang.release.lib : mmwave_fullcfg.obj (.text.MMWave_addChirp)
                  0046093e    00000002     --HOLE-- [fill = 0]
                  00460940    000000d0     libc.a : s_scalbnf.c.obj (.text.scalbnf)
                  00460a10    000000ce     board.xwrL64xx.m4f.ti-arm-clang.release.lib : flash_nor_qspi.obj (.text.Flash_norQspiSet4ByteAddrMode)
                  00460ade    000000ce     mmw_cli.o (.text.MmwDemo_CLIMicroDopplerParamCfg)
                  00460bac    000000ce     alg_gtrack3d.xwrL64xx.m4f.ti-arm-clang.release.lib : gtrack_delete.obj (.text.gtrack_delete)
                  00460c7a    000000ce     mmwavelink_m4.lib : rl_device.o (.text.rl_mmWaveLinkInit)
                  00460d48    000000cc     datapath_tracker3d.xwrL64xx.m4f.ti-arm-clang.release.lib : dbscan.obj (.text.calculateDistances)
                  00460e14    000000cc                                                              : dbscan.obj (.text.dbscan)
                  00460ee0    000000ca     drivers.xwrL64xx.m4f.ti-arm-clang.release.lib : edma.obj (.text.EDMA_registerIntr)
                  00460faa    000000ca     alg_gtrack3d.xwrL64xx.m4f.ti-arm-clang.release.lib : gtrack_utilities_3d.obj (.text.gtrack_censor2world)
                  00461074    000000ca     dpc.o (.text.mmwDemo_doaProcConfig)
                  0046113e    00000002     --HOLE-- [fill = 0]
                  00461140    000000c8     mmw_cli.o (.text.CLI_MMWaveCompRangeBiasAndRxChanPhaseCfg)
                  00461208    000000c8     mmw_cli.o (.text.CLI_MmwDemo_AntGeometryCfg)
                  004612d0    000000c8     libc.a : s_cosf.c.obj (.text.cosf)
                  00461398    000000c6     mmw_cli.o (.text.CLI_help)
                  0046145e    000000c4     drivers.xwrL64xx.m4f.ti-arm-clang.release.lib : hwa.obj (.text.HWA_enableParamSetInterrupt)
                  00461522    000000c4     tracker_utils.o (.text.MmwDemo_CLIPresenceParamCfg)
                  004615e6    000000c4     alg_classifier.xwrL64xx.m4f.ti-arm-clang.release.lib : classifier_create.obj (.text.classifier_create)
                  004616aa    00000002     --HOLE-- [fill = 0]
                  004616ac    000000c4     alg_featExtract.xwrL64xx.m4f.ti-arm-clang.release.lib : featExtract_create.obj (.text.featExtract_create)
                  00461770    000000c4     libc.a : s_round.c.obj (.text.round)
                  00461834    000000c2     mmwavelink_m4.lib : rl_device.o (.text.rl_mmWaveDfpVerGet)
                  004618f6    000000c0     mmw_cli.o (.text.CLI_MMWaveSigProcChainCfg)
                  004619b6    000000bc     mmw_cli.o (.text.CLI_MMWaveGuiMonSel)
                  00461a72    000000bc     mmw_cli.o (.text.CLI_MMWaveMpdBoundaryBox)
                  00461b2e    00000002     --HOLE-- [fill = 0]
                  00461b30    000000bc     drivers.xwrL64xx.m4f.ti-arm-clang.release.lib : qspi.obj (.text.QSPI_spiConfigWrite)
                  00461bec    000000bc     freertos.xwrL64xx.m4f.ti-arm-clang.release.lib : SysTickTimerP.obj (.text.SysTickTimerP_setup)
                  00461ca8    000000ba     mmw_cli.o (.text.CLI_open)
                  00461d62    00000002     --HOLE-- [fill = 0]
                  00461d64    000000ba     freertos.xwrL64xx.m4f.ti-arm-clang.release.lib : HwiP_armv7m_handlers_freertos.obj (.text.hwi)
                  00461e1e    000000b8     datapath_tracker3d.xwrL64xx.m4f.ti-arm-clang.release.lib : dpedmahwa.obj (.text.DPEDMAHWA_configTwoHotSignature)
                  00461ed6    000000b8     board.xwrL64xx.m4f.ti-arm-clang.release.lib : flash_nor_qspi.obj (.text.Flash_norQspiErase)
                  00461f8e    000000b8                                                 : flash_nor_qspi.obj (.text.Flash_norQspiEraseSector)
                  00462046    00000002     --HOLE-- [fill = 0]
                  00462048    000000b4     alg_featExtract.xwrL64xx.m4f.ti-arm-clang.release.lib : featExtract_utilities.obj (.text.featExtract_interpFreq)
                  004620fc    000000b2     power_management.o (.text.power_LPDSresumehook)
                  004621ae    00000002     --HOLE-- [fill = 0]
                  004621b0    000000b0     datapath_tracker3d.xwrL64xx.m4f.ti-arm-clang.release.lib : cfarprochwa.obj (.text.CFAR_DET_HWA_ConvertFovToIdx)
                  00462260    000000b0     drivers.xwrL64xx.m4f.ti-arm-clang.release.lib : hwa.obj (.text.HWA_configRam)
                  00462310    000000b0     control.xwrL64xx.m4f.ti-arm-clang.release.lib : mmwave_fullcfg.obj (.text.MMWave_getChirpHandle)
                  004623c0    000000b0                                                   : mmwave.obj (.text.MMWave_init)
                  00462470    000000b0     tracker_utils.o (.text.MmwDemo_CLIStaticBoundaryBoxCfg)
                  00462520    000000b0     libclang_rt.builtins.a : udivmoddi4.S.obj (.text)
                  004625d0    000000ae     mmw_cli.o (.text.CLI_readLine)
                  0046267e    000000ae     ti_dpl_config.o (.text.TimerP_init)
                  0046272c    000000ac     control.xwrL64xx.m4f.ti-arm-clang.release.lib : mmwave_fullcfg.obj (.text.MMWave_addProfile)
                  004627d8    000000ac     libsysbm.a : open.c.obj (.text.open)
                  00462884    000000aa     alg_gtrack3d.xwrL64xx.m4f.ti-arm-clang.release.lib : gtrack_math.obj (.text.gtrack_matrixCovFilter)
                  0046292e    000000a8     freertos.xwrL64xx.m4f.ti-arm-clang.release.lib : tasks.obj (.text.xTaskPriorityInherit)
                  004629d6    00000002     --HOLE-- [fill = 0]
                  004629d8    000000a6     control.xwrL64xx.m4f.ti-arm-clang.release.lib : mmwave_link_common.obj (.text.MMWave_deinitLink)
                  00462a7e    00000002     --HOLE-- [fill = 0]
                  00462a80    000000a6     mmw_cli.o (.text.MmwDemo_CLISensorWarmReset)
                  00462b26    000000a6     vitalsign_with_tracking.o (.text.MmwDemo_startSensor)
                  00462bcc    000000a6     interrupts.o (.text.mmwDemoFrameStartISR)
                  00462c72    000000a6     freertos.xwrL64xx.m4f.ti-arm-clang.release.lib : tasks.obj (.text.xTaskRemoveFromEventList)
                  00462d18    000000a4     drivers.xwrL64xx.m4f.ti-arm-clang.release.lib : power_xwrLx4xx.obj (.text.Power_init)
                  00462dbc    000000a4                                                   : soc_rcm.obj (.text.SOC_rcmStartInitSharedRam)
                  00462e60    000000a4     freertos.xwrL64xx.m4f.ti-arm-clang.release.lib : printf.obj (.text._ntoa_long_long)
                  00462f04    000000a4                                                    : printf.obj (.text._out_rev)
                  00462fa8    000000a4     board.xwrL64xx.m4f.ti-arm-clang.release.lib : ina.obj (.text.currentRead228)
                  0046304c    000000a4     alg_gtrack3d.xwrL64xx.m4f.ti-arm-clang.release.lib : gtrack_utilities_3d.obj (.text.gtrack_calcMeasurementLimits)
                  004630f0    000000a4                                                        : gtrack_utilities_3d.obj (.text.gtrack_cart2sph)
                  00463194    000000a2     datapath_tracker3d.xwrL64xx.m4f.ti-arm-clang.release.lib : rangeprochwa.obj (.text.DPU_RangeProcHWA_init)
                  00463236    000000a2     control.xwrL64xx.m4f.ti-arm-clang.release.lib : mmwave_fullcfg.obj (.text.MMWave_getChirpCfg)
                  004632d8    000000a2     drivers.xwrL64xx.m4f.ti-arm-clang.release.lib : uart_sci.obj (.text.UART_flushTxFifo)
                  0046337a    000000a0     mmw_cli.o (.text.CLI_MMWaveMajorMotionStateCfg)
                  0046341a    000000a0     mmw_cli.o (.text.CLI_MMWaveMinorMotionStateCfg)
                  004634ba    000000a0     drivers.xwrL64xx.m4f.ti-arm-clang.release.lib : i2c_v0.obj (.text.I2C_close)
                  0046355a    000000a0     tracker_utils.o (.text.MmwDemo_CLIAllocationParamCfg)
                  004635fa    00000002     --HOLE-- [fill = 0]
                  004635fc    000000a0     alg_gtrack3d.xwrL64xx.m4f.ti-arm-clang.release.lib : gtrack_utilities_3d.obj (.text.gtrack_calcDistance)
                  0046369c    000000a0     freertos.xwrL64xx.m4f.ti-arm-clang.release.lib : tasks.obj (.text.prvAddCurrentTaskToDelayedList)
                  0046373c    000000a0                                                    : timers.obj (.text.prvSampleTimeNow)
                  004637dc    0000009e     datapath_tracker3d.xwrL64xx.m4f.ti-arm-clang.release.lib : rangeprochwa.obj (.text.DPU_RangeProcHWA_control)
                  0046387a    00000002     --HOLE-- [fill = 0]
                  0046387c    0000009e     alg_gtrack3d.xwrL64xx.m4f.ti-arm-clang.release.lib : gtrack_math.obj (.text.gtrack_matrixMakeSymmetrical)
                  0046391a    00000002     --HOLE-- [fill = 0]
                  0046391c    0000009c     control.xwrL64xx.m4f.ti-arm-clang.release.lib : mmwave_fullcfg.obj (.text.MMWave_delProfile)
                  004639b8    0000009c     libc.a : s_floorf.c.obj (.text.floorf)
                  00463a54    0000009c            : e_sqrtf.c.obj (.text.sqrtf)
                  00463af0    00000098     datapath_tracker3d.xwrL64xx.m4f.ti-arm-clang.release.lib : cfarprochwa.obj (.text.CFAR_DET_HWA_ConfigRangeView)
                  00463b88    00000098     control.xwrL64xx.m4f.ti-arm-clang.release.lib : mmwave.obj (.text.MMWave_factoryCalibConfig)
                  00463c20    00000098     libc.a : _bufread.c.obj (.text.__TI_buff_read)
                  00463cb8    00000098     dpc.o (.text.mmwDemo_rangeProcConfig)
                  00463d50    00000098     dpc.o (.text.mmwDemo_uDopProcConfig)
                  00463de8    00000098     libc.a : s_tanf.c.obj (.text.tanf)
                  00463e80    00000096     vitalsign_with_tracking.o (.text.MmwDemo_stopSensor)
                  00463f16    00000096     freertos.xwrL64xx.m4f.ti-arm-clang.release.lib : tasks.obj (.text.vTaskStartScheduler)
                  00463fac    00000004     ti_dpl_config.o (.text.boot)
                  00463fb0    00000096     drivers.xwrL64xx.m4f.ti-arm-clang.release.lib : power_xwrLx4xx_asm.obj (.text)
                  00464046    00000094     mmw_cli.o (.text.CLI_MMWaveSensorPositionCfg)
                  004640da    00000002     --HOLE-- [fill = 0]
                  004640dc    00000094     datapath_tracker3d.xwrL64xx.m4f.ti-arm-clang.release.lib : doaproc.obj (.text.DPU_DoaProc_init)
                  00464170    00000094     control.xwrL64xx.m4f.ti-arm-clang.release.lib : mmwave_link_common.obj (.text.MMWave_LinkInitCommon)
                  00464204    00000094     drivers.xwrL64xx.m4f.ti-arm-clang.release.lib : uart_sci.obj (.text.UART_init)
                  00464298    00000094     freertos.xwrL64xx.m4f.ti-arm-clang.release.lib : printf.obj (.text._ntoa_long)
                  0046432c    00000094     alg_gtrack3d.xwrL64xx.m4f.ti-arm-clang.release.lib : gtrack_utilities_3d.obj (.text.gtrack_calcMeasurementSpread)
                  004643c0    00000092     monitors.o (.text.mmwDemo_LiveMonConfig)
                  00464452    00000002     --HOLE-- [fill = 0]
                  00464454    00000092     power_management.o (.text.power_idle3resumehook)
                  004644e6    00000002     --HOLE-- [fill = 0]
                  004644e8    00000090     mmw_cli.o (.text.CLI_MMWaveChannelCfg)
                  00464578    00000090     datapath_tracker3d.xwrL64xx.m4f.ti-arm-clang.release.lib : dpedmahwa.obj (.text.DPEDMAHWA_configOneHotSignature)
                  00464608    00000090     drivers.xwrL64xx.m4f.ti-arm-clang.release.lib : edma.obj (.text.EDMADisableTransferRegion)
                  00464698    00000090                                                   : edma.obj (.text.EDMAEnableTransferRegion)
                  00464728    00000090     alg_featExtract.xwrL64xx.m4f.ti-arm-clang.release.lib : featExtract_math.obj (.text.featExtract_circularRotateVector)
                  004647b8    00000090     alg_gtrack3d.xwrL64xx.m4f.ti-arm-clang.release.lib : gtrack_math.obj (.text.gtrack_sincosd)
                  00464848    0000008e     tracker_utils.o (.text.MmwDemo_CLIGatingParamCfg)
                  004648d6    00000002     --HOLE-- [fill = 0]
                  004648d8    0000008e     freertos.xwrL64xx.m4f.ti-arm-clang.release.lib : tasks.obj (.text.prvInitialiseNewTask)
                  00464966    00000002     --HOLE-- [fill = 0]
                  00464968    0000008e     drivers.xwrL64xx.m4f.ti-arm-clang.release.lib : power_xwrLx4xx.obj (.text.restoreNVICRegs)
                  004649f6    0000008e     freertos.xwrL64xx.m4f.ti-arm-clang.release.lib : HeapP_internal.obj (.text.vHeapFree)
                  00464a84    0000008c     datapath_tracker3d.xwrL64xx.m4f.ti-arm-clang.release.lib : cfarprochwa.obj (.text.CFARHWA_convHwaCfarDetListToDetMask)
                  00464b10    0000008c     alg_gtrack3d.xwrL64xx.m4f.ti-arm-clang.release.lib : gtrack_math.obj (.text.gtrack_matrixMultiply)
                  00464b9c    0000008a     power_management.o (.text.power_Idleresumehook)
                  00464c26    00000002     --HOLE-- [fill = 0]
                  00464c28    00000088     datapath_tracker3d.xwrL64xx.m4f.ti-arm-clang.release.lib : udopproc.obj (.text.DPU_uDopProc_init)
                  00464cb0    00000088     libc.a : fputc.c.obj (.text.fputc)
                  00464d38    00000088     vitalsign_with_tracking.o (.text.mmwDemo_mmWaveInit)
                  00464dc0    00000086     datapath_tracker3d.xwrL64xx.m4f.ti-arm-clang.release.lib : cfarprochwa.obj (.text.CFAR_DET_HWA_saveConfiguration)
                  00464e46    00000086                                                              : cfarprochwa.obj (.text.CFAR_DET_HWA_triggerCFAR)
                  00464ecc    00000086     drivers.xwrL64xx.m4f.ti-arm-clang.release.lib : uart_sci_edma.obj (.text.UART_txEdmaIsrFxn)
                  00464f52    00000086     alg_gtrack3d.xwrL64xx.m4f.ti-arm-clang.release.lib : gtrack_utilities_3d.obj (.text.gtrack_computeMahalanobisPartial)
                  00464fd8    00000086     drivers.xwrL64xx.m4f.ti-arm-clang.release.lib : power_xwrLx4xx.obj (.text.saveNVICRegs)
                  0046505e    00000084     alg_gtrack3d.xwrL64xx.m4f.ti-arm-clang.release.lib : gtrack_utilities_3d.obj (.text.gtrack_isPointBehindTarget)
                  004650e2    00000084     board.xwrL64xx.m4f.ti-arm-clang.release.lib : ina.obj (.text.i2cReadAddress)
                  00465166    00000084     freertos.xwrL64xx.m4f.ti-arm-clang.release.lib : queue.obj (.text.xQueueReceiveFromISR)
                  004651ea    00000002     --HOLE-- [fill = 0]
                  004651ec    00000082     drivers.xwrL64xx.m4f.ti-arm-clang.release.lib : qspi.obj (.text.QSPI_init)
                  0046526e    00000082     freertos.xwrL64xx.m4f.ti-arm-clang.release.lib : tasks.obj (.text.vTaskSwitchContext)
                  004652f0    00000080     drivers.xwrL64xx.m4f.ti-arm-clang.release.lib : uart_sci_edma.obj (.text.UART_rxEdmaIsrFxn)
                  00465370    00000080     vitalsign_with_tracking.o (.text.mmwDemo_freeDmaChannels)
                  004653f0    0000007e     alg_gtrack3d.xwrL64xx.m4f.ti-arm-clang.release.lib : gtrack_module.obj (.text.gtrack_moduleUpdate)
                  0046546e    0000007e     libc.a : s_roundf.c.obj (.text.roundf)
                  004654ec    0000007c     mmw_cli.o (.text.CLI_MMWaveAdcDataSourceCfg)
                  00465568    0000007c     board.xwrL64xx.m4f.ti-arm-clang.release.lib : flash_nor_qspi.obj (.text.Flash_norQspiWaitReady)
                  004655e4    0000007a     datapath_tracker3d.xwrL64xx.m4f.ti-arm-clang.release.lib : cfarprochwa.obj (.text.DPU_CFARProcHWA_init)
                  0046565e    0000007a     freertos.xwrL64xx.m4f.ti-arm-clang.release.lib : timers.obj (.text.prvCheckForValidListAndQueue)
                  004656d8    0000007a                                                    : queue.obj (.text.prvCopyDataToQueue)
                  00465752    00000002     --HOLE-- [fill = 0]
                  00465754    00000078     drivers.xwrL64xx.m4f.ti-arm-clang.release.lib : hwa.obj (.text.HWA_paramDoneISR)
                  004657cc    00000078     libc.a : sscanf.c.obj (.text._chkmbc)
                  00465844    00000078     alg_gtrack3d.xwrL64xx.m4f.ti-arm-clang.release.lib : gtrack_math.obj (.text.gtrack_matrixTransposeMultiply)
                  004658bc    00000078     power_management.o (.text.power_idle3entryhook)
                  00465934    00000078     alg_classifier.xwrL64xx.m4f.ti-arm-clang.release.lib : classifier_layers.obj (.text.softmax_func_approx)
                  004659ac    00000078     freertos.xwrL64xx.m4f.ti-arm-clang.release.lib : tasks.obj (.text.vTaskPriorityDisinheritAfterTimeout)
                  00465a24    00000076     mmw_cli.o (.text.CLI_MMWaveExtensionHandler)
                  00465a9a    00000002     --HOLE-- [fill = 0]
                  00465a9c    00000076     drivers.xwrL64xx.m4f.ti-arm-clang.release.lib : hwa.obj (.text.HWA_getDMAChanIndex)
                  00465b12    00000076     control.xwrL64xx.m4f.ti-arm-clang.release.lib : mmwave_fullcfg.obj (.text.MMWave_getProfileCfg)
                  00465b88    00000076                                                   : mmwave_fullcfg.obj (.text.MMWave_getProfileHandle)
                  00465bfe    00000076                                                   : mmwave.obj (.text.MMWave_open)
                  00465c74    00000076     freertos.xwrL64xx.m4f.ti-arm-clang.release.lib : DebugP_freertos.obj (.text._DebugP_logZone)
                  00465cea    00000076     board.xwrL64xx.m4f.ti-arm-clang.release.lib : ina.obj (.text.i2cWriteAddress)
                  00465d60    00000074     ti_drivers_open_close.o (.text.Drivers_edmaOpen)
                  00465dd4    00000074     drivers.xwrL64xx.m4f.ti-arm-clang.release.lib : hwa.obj (.text.HWA_disableParamSetInterrupt)
                  00465e48    00000074     alg_gtrack3d.xwrL64xx.m4f.ti-arm-clang.release.lib : gtrack_listlib.obj (.text.gtrack_listRemoveElement)
                  00465ebc    00000074                                                        : gtrack_math.obj (.text.gtrack_matrixCovNormalize)
                  00465f30    00000074     mmwavelink_m4.lib : rl_device.o (.text.rl_fecssDevPwrOn)
                  00465fa4    00000072     mmw_cli.o (.text.CLI_MMWaveAoaCfg)
                  00466016    00000072     drivers.xwrL64xx.m4f.ti-arm-clang.release.lib : edma.obj (.text.EDMA_close)
                  00466088    00000072     control.xwrL64xx.m4f.ti-arm-clang.release.lib : mmwave.obj (.text.MMWave_getTemperatureReport)
                  004660fa    00000072     drivers.xwrL64xx.m4f.ti-arm-clang.release.lib : power_xwrLx4xx.obj (.text.Power_configureWakeup)
                  0046616c    00000072     alg_gtrack3d.xwrL64xx.m4f.ti-arm-clang.release.lib : gtrack_math.obj (.text.gtrack_matrixCovAcc)
                  004661de    00000002     --HOLE-- [fill = 0]
                  004661e0    00000072     freertos.xwrL64xx.m4f.ti-arm-clang.release.lib : queue.obj (.text.prvUnlockQueue)
                  00466252    00000072                                                    : tasks.obj (.text.xTaskPriorityDisinherit)
                  004662c4    00000070     drivers.xwrL64xx.m4f.ti-arm-clang.release.lib : edma.obj (.text.EDMAConfigureChannelRegion)
                  00466334    00000070     mmwave_control_config.o (.text.Mmwave_populateDefaultOpenCfg)
                  004663a4    00000070     freertos.xwrL64xx.m4f.ti-arm-clang.release.lib : SemaphoreP_freertos.obj (.text.SemaphoreP_constructBinary)
                  00466414    00000070     libc.a : fclose.c.obj (.text.__TI_closefile)
                  00466484    0000006e     datapath_tracker3d.xwrL64xx.m4f.ti-arm-clang.release.lib : dpedma.obj (.text.DPEDMA_startTransfer)
                  004664f2    0000006e     drivers.xwrL64xx.m4f.ti-arm-clang.release.lib : hwa.obj (.text.HWA_getDMAconfig)
                  00466560    0000006e     tracker_utils.o (.text.MmwDemoCLIMaxAccelerationParamCfg)
                  004665ce    0000006e     mmw_cli.o (.text.MmwDemo_CLIMeasureRangeBiasAndRxChanPhaseCfg)
                  0046663c    0000006e     libclang_rt.builtins.a : truncdfsf2.S.obj (.text.__truncdfsf2)
                  004666aa    00000002     --HOLE-- [fill = 0]
                  004666ac    0000006c     ti_drivers_open_close.o (.text.Drivers_close)
                  00466718    0000006c     tracker_utils.o (.text.MmwDemo_CLIStateParamCfg)
                  00466784    0000006c     drivers.xwrL64xx.m4f.ti-arm-clang.release.lib : qspi_edma.obj (.text.QSPI_edmaChannelFree)
                  004667f0    0000006c     libc.a : _printfi.c.obj (.text._mcpy)
                  0046685c    0000006c     alg_gtrack3d.xwrL64xx.m4f.ti-arm-clang.release.lib : gtrack_utilities_3d.obj (.text.gtrack_sph2cart)
                  004668c8    0000006c                                                        : gtrack_unit_report.obj (.text.gtrack_unitReport)
                  00466934    0000006c     libc.a : memory.c.obj (.text.split)
                  004669a0    0000006c     freertos.xwrL64xx.m4f.ti-arm-clang.release.lib : port.obj (.text.xPortStartScheduler)
                  00466a0c    0000006a                                                    : AddrTranslateP.obj (.text.AddrTranslateP_getLocalAddr)
                  00466a76    0000006a                                                    : queue.obj (.text.xQueueGenericReset)
                  00466ae0    0000006a                                                    : queue.obj (.text.xQueueGenericSendFromISR)
                  00466b4a    00000068     ti_board_open_close.o (.text.Board_flashOpen)
                  00466bb2    00000002     --HOLE-- [fill = 0]
                  00466bb4    00000068     mmw_demo_utils.o (.text.MmwDemo_FillTrackerSensorPositionCfg)
                  00466c1c    00000068     drivers.xwrL64xx.m4f.ti-arm-clang.release.lib : uart_sci.obj (.text.UART_readCancelNoCB)
                  00466c84    00000068                                                   : uart_sci.obj (.text.UART_writeCancelNoCB)
                  00466cec    00000068     alg_classifier.xwrL64xx.m4f.ti-arm-clang.release.lib : classifier_layers.obj (.text.dense_op)
                  00466d54    00000068     datapath_tracker3d.xwrL64xx.m4f.ti-arm-clang.release.lib : dbscan.obj (.text.findNeighbours)
                  00466dbc    00000004     libc.a : fseek.c.obj (.text.fseek)
                  00466dc0    00000068            : s_frexp.c.obj (.text.frexp)
                  00466e28    00000068            : fseek.c.obj (.text.fseeko)
                  00466e90    00000068            : getdevice.c.obj (.text.getdevice)
                  00466ef8    00000068     alg_gtrack3d.xwrL64xx.m4f.ti-arm-clang.release.lib : gtrack_utilities_3d.obj (.text.gtrack_isPointInsideBox)
                  00466f60    00000066     freertos.xwrL64xx.m4f.ti-arm-clang.release.lib : SemaphoreP_freertos.obj (.text.SemaphoreP_pend)
                  00466fc6    00000066                                                    : SemaphoreP_freertos.obj (.text.SemaphoreP_post)
                  0046702c    00000066     dpc.o (.text.mpdProc_dpuInit)
                  00467092    00000064     drivers.xwrL64xx.m4f.ti-arm-clang.release.lib : edma.obj (.text.EDMAFreeChannelRegion)
                  004670f6    00000002     --HOLE-- [fill = 0]
                  004670f8    00000064     libsysbm.a : hostrename.c.obj (.text.HOSTrename)
                  0046715c    00000064     drivers.xwrL64xx.m4f.ti-arm-clang.release.lib : hwa.obj (.text.HWA_enable)
                  004671c0    00000064                                                   : hwa.obj (.text.HWA_getDriverAccess)
                  00467224    00000064                                                   : soc_rcm.obj (.text.SOC_rcmWaitMemInitSharedRam)
                  00467288    00000008                                                   : edma.obj (.text.EDMA_allocDmaChannel)
                  00467290    00000064     freertos.xwrL64xx.m4f.ti-arm-clang.release.lib : port.obj (.text.xPortPendSVHandler)
                  004672f4    00000064                                                    : timers.obj (.text.xTimerCreateTimerTask)
                  00467358    00000062     datapath_tracker3d.xwrL64xx.m4f.ti-arm-clang.release.lib : rangeprochwa.obj (.text.DPU_RangeProcHWA_process)
                  004673ba    00000002     --HOLE-- [fill = 0]
                  004673bc    00000062     libclang_rt.builtins.a : aeabi_dcmp.S.obj (.text.__aeabi_dcmp)
                  0046741e    00000062     dpc.o (.text.cfarProc_dpuInit)
                  00467480    00000062     dpc.o (.text.doaProc_dpuInit)
                  004674e2    00000002     --HOLE-- [fill = 0]
                  004674e4    00000062     alg_gtrack3d.xwrL64xx.m4f.ti-arm-clang.release.lib : gtrack_module.obj (.text.gtrack_modulePredict)
                  00467546    00000062     dpc.o (.text.rangeProc_dpuInit)
                  004675a8    00000062     dpc.o (.text.udopProc_dpuInit)
                  0046760a    00000060     mmw_cli.o (.text.CLI_MMWaveSensorStop)
                  0046766a    00000060     board.xwrL64xx.m4f.ti-arm-clang.release.lib : flash.obj (.text.Flash_offsetToBlkPage)
                  004676ca    00000060     libc.a : _io_perm.c.obj (.text.__TI_wrt_ok)
                  0046772a    00000002     --HOLE-- [fill = 0]
                  0046772c    00000060     libsysbm.a : close.c.obj (.text.close)
                  0046778c    00000060     alg_classifier.xwrL64xx.m4f.ti-arm-clang.release.lib : classifier_layers.obj (.text.gav1d)
                  004677ec    00000060     libc.a : printf.c.obj (.text.printf)
                  0046784c    0000005e     drivers.xwrL64xx.m4f.ti-arm-clang.release.lib : hwa.obj (.text.HWA_readCFARPeakCountReg)
                  004678aa    0000005e     control.xwrL64xx.m4f.ti-arm-clang.release.lib : mmwave_fullcfg.obj (.text.MMWave_getNumChirps)
                  00467908    0000005e     freertos.xwrL64xx.m4f.ti-arm-clang.release.lib : DebugP_log.obj (.text._DebugP_assert)
                  00467966    0000005e     alg_gtrack3d.xwrL64xx.m4f.ti-arm-clang.release.lib : gtrack_utilities.obj (.text.gtrack_unrollRadialVelocity)
                  004679c4    0000005e     dpc.o (.text.mmwDemo_cfarProcConfig)
                  00467a22    0000005e     dpc.o (.text.mmwDemo_mpdProcConfig)
                  00467a80    0000005c     control.xwrL64xx.m4f.ti-arm-clang.release.lib : mmwave_fullcfg.obj (.text.MMWave_getNumProfiles)
                  00467adc    0000005c     libclang_rt.builtins.a : fixunsdfdi.S.obj (.text.__fixunsdfdi)
                  00467b38    0000005c     freertos.xwrL64xx.m4f.ti-arm-clang.release.lib : tasks.obj (.text.xTaskCheckForTimeOut)
                  00467b94    0000005a     main.o (.text.main)
                  00467bee    0000005a     dpc.o (.text.mmwDemo_trackerConfig)
                  00467c48    00000058     libsysbm.a : hostlseek.c.obj (.text.HOSTlseek)
                  00467ca0    00000058                : hostopen.c.obj (.text.HOSTopen)
                  00467cf8    00000058     drivers.xwrL64xx.m4f.ti-arm-clang.release.lib : hwa.obj (.text.HWA_getHWAMemInfo)
                  00467d50    00000058     libclang_rt.builtins.a : comparedf2.c.obj (.text.__ledf2)
                  00467da8    00000058     freertos.xwrL64xx.m4f.ti-arm-clang.release.lib : queue.obj (.text.xQueueGiveFromISR)
                  00467e00    00000056     drivers.xwrL64xx.m4f.ti-arm-clang.release.lib : i2c_v0.obj (.text.I2C_completeCurrTransfer)
                  00467e56    00000056     libc.a : _ltoa.c.obj (.text.__TI_ltoa)
                  00467eac    00000056     mmw_flash_cal.o (.text.mmwDemo_flashWrite)
                  00467f02    00000054     mmw_cli.o (.text.CLI_MMWaveClusterParamCfg)
                  00467f56    00000002     --HOLE-- [fill = 0]
                  00467f58    00000054     libsysbm.a : hostread.c.obj (.text.HOSTread)
                  00467fac    00000054                : hostwrite.c.obj (.text.HOSTwrite)
                  00468000    00000054     drivers.xwrL64xx.m4f.ti-arm-clang.release.lib : qspi.obj (.text.QSPI_close)
                  00468054    00000054     libclang_rt.builtins.a : comparedf2.c.obj (.text.__gedf2)
                  004680a8    00000054     libc.a : _printfi.c.obj (.text._pconv_f)
                  004680fc    00000054     alg_featExtract.xwrL64xx.m4f.ti-arm-clang.release.lib : featExtract_utilities.obj (.text.featExtract_specShiftAroundFreq)
                  00468150    00000054     dpc.o (.text.trackerProc_dpuInit)
                  004681a4    00000052     mmw_cli.o (.text.CLI_MMWaveRangeSelCfg)
                  004681f6    00000002     --HOLE-- [fill = 0]
                  004681f8    00000052     alg_gtrack3d.xwrL64xx.m4f.ti-arm-clang.release.lib : gtrack_module.obj (.text.gtrack_moduleReport)
                  0046824a    00000002     --HOLE-- [fill = 0]
                  0046824c    00000052     freertos.xwrL64xx.m4f.ti-arm-clang.release.lib : HeapP_internal.obj (.text.vHeapGetHeapStats)
                  0046829e    00000052                                                    : timers.obj (.text.xTimerGenericCommand)
                  004682f0    00000050     drivers.xwrL64xx.m4f.ti-arm-clang.release.lib : hwa.obj (.text.HWA_reset)
                  00468340    00000050     control.xwrL64xx.m4f.ti-arm-clang.release.lib : mmwave.obj (.text.MMWave_start)
                  00468390    00000050     drivers.xwrL64xx.m4f.ti-arm-clang.release.lib : soc.obj (.text.SOC_virtToPhy)
                  004683e0    00000050     freertos.xwrL64xx.m4f.ti-arm-clang.release.lib : SemaphoreP_freertos.obj (.text.SemaphoreP_constructMutex)
                  00468430    00000050     libc.a : fflush.c.obj (.text.__TI_doflush)
                  00468480    00000050     datapath_tracker3d.xwrL64xx.m4f.ti-arm-clang.release.lib : doaproc.obj (.text.doaProc_setInputEdma)
                  004684d0    0000004e                                                              : doaproc.obj (.text.DPU_DoaProc_process)
                  0046851e    0000004e     ti_drivers_open_close.o (.text.Drivers_uartOpen)
                  0046856c    0000004e     vitalsign_with_tracking.o (.text.MmwDemo_openSensor)
                  004685ba    0000004e     libc.a : _io_perm.c.obj (.text.__TI_rd_ok)
                  00468608    0000004e            : _printfi.c.obj (.text._ecpy)
                  00468656    0000004c     mmw_cli.o (.text.CLI_write)
                  004686a2    00000002     --HOLE-- [fill = 0]
                  004686a4    0000004c     freertos.xwrL64xx.m4f.ti-arm-clang.release.lib : ClockP_freertos.obj (.text.ClockP_getTimeUsec)
                  004686f0    0000004c     ti_drivers_open_close.o (.text.Drivers_i2cOpen)
                  0046873c    0000004c     ti_drivers_open_close.o (.text.Drivers_qspiOpen)
                  00468788    0000004c     mmw_cli.o (.text.MmwDemo_CLIClassifierParamCfg)
                  004687d4    0000004c     vitalsign_with_tracking.o (.text.MmwDemo_configSensor)
                  00468820    0000004c     alg_featExtract.xwrL64xx.m4f.ti-arm-clang.release.lib : featExtract_math.obj (.text.featExtract_vectorEntropy)
                  0046886c    0000004a     mmw_cli.o (.text.CLI_MMWaveprofileSwitchCfg)
                  004688b6    0000004a     drivers.xwrL64xx.m4f.ti-arm-clang.release.lib : edma.obj (.text.EDMADisableChInShadowRegRegion)
                  00468900    0000004a     control.xwrL64xx.m4f.ti-arm-clang.release.lib : mmwave.obj (.text.MMWave_deinit)
                  0046894a    00000002     --HOLE-- [fill = 0]
                  0046894c    0000004a     drivers.xwrL64xx.m4f.ti-arm-clang.release.lib : prcm.obj (.text.PRCMLPDSEnter)
                  00468996    0000004a                                                   : prcm.obj (.text.PRCMSetSRAMRetention)
                  004689e0    0000004a                                                   : prcm.obj (.text.PRCMSleepEnter)
                  00468a2a    0000004a     ti_drivers_config.o (.text.System_init)
                  00468a74    0000004a     alg_gtrack3d.xwrL64xx.m4f.ti-arm-clang.release.lib : gtrack_module.obj (.text.gtrack_moduleAssociate)
                  00468abe    00000048     datapath_tracker3d.xwrL64xx.m4f.ti-arm-clang.release.lib : cfarprochwa.obj (.text.CFAR_DET_HWA_ConfigAoaFov)
                  00468b06    00000048                                                              : cfarprochwa.obj (.text.CFAR_DET_HWA_prepareHwaRunTime)
                  00468b4e    00000048                                                              : cfarprochwa.obj (.text.CFAR_DET_HWA_prepareHwaRunTimeScndPass)
                  00468b96    00000048     drivers.xwrL64xx.m4f.ti-arm-clang.release.lib : hwa.obj (.text.HWA_setSoftwareTrigger)
                  00468bde    00000002     --HOLE-- [fill = 0]
                  00468be0    00000048                                                   : prcm.obj (.text.PRCMLPDSRestoreInfoSet)
                  00468c28    00000048     ti_board_config.o (.text.SensorConfig)
                  00468c70    00000048     libclang_rt.builtins.a : fixdfsi.S.obj (.text.__fixdfsi)
                  00468cb8    00000048     alg_gtrack3d.xwrL64xx.m4f.ti-arm-clang.release.lib : gtrack_utilities_3d.obj (.text.gtrack_calcDim)
                  00468d00    00000048                                                        : gtrack_utilities_3d.obj (.text.gtrack_isInsideBoresightStaticZone)
                  00468d48    00000048     datapath_tracker3d.xwrL64xx.m4f.ti-arm-clang.release.lib : rangeprochwa.obj (.text.rangeProcHWA_EDMA_transferCompletionCallbackFxn)
                  00468d90    00000048     mmwavelink_m4.lib : rl_device.o (.text.rl_fecssRfFactoryCal)
                  00468dd8    00000048                       : rl_device.o (.text.rl_fecssRfRuntimeCal)
                  00468e20    00000048                       : rl_device.o (.text.rl_fecssRlRuntimeTxClpcCal)
                  00468e68    00000048     freertos.xwrL64xx.m4f.ti-arm-clang.release.lib : boot_armv7m.obj (.text:_c_int00)
                  00468eb0    00000046     drivers.xwrL64xx.m4f.ti-arm-clang.release.lib : edma.obj (.text.EDMA_getBaseAddr)
                  00468ef6    00000046     control.xwrL64xx.m4f.ti-arm-clang.release.lib : mmwave.obj (.text.MMWave_config)
                  00468f3c    00000046     alg_featExtract.xwrL64xx.m4f.ti-arm-clang.release.lib : featExtract_utilities.obj (.text.featExtract_computeSpectralEntropy)
                  00468f82    00000046     interrupts.o (.text.mmwDemo_registerFrameStartInterrupt)
                  00468fc8    00000046     mmw_demo_utils.o (.text.timerCallbackDefcfg)
                  0046900e    00000046     freertos.xwrL64xx.m4f.ti-arm-clang.release.lib : queue.obj (.text.vQueueWaitForMessageRestricted)
                  00469054    00000044     libsysbm.a : hostunlink.c.obj (.text.HOSTunlink)
                  00469098    00000044     drivers.xwrL64xx.m4f.ti-arm-clang.release.lib : hwa.obj (.text.HWA_enableDoneInterrupt)
                  004690dc    00000044     control.xwrL64xx.m4f.ti-arm-clang.release.lib : mmwave_link_common.obj (.text.MMWave_startLink)
                  00469120    00000044                                                   : mmwave.obj (.text.MMWave_stop)
                  00469164    00000044     drivers.xwrL64xx.m4f.ti-arm-clang.release.lib : power_xwrLx4xx.obj (.text.Power_getTransitionLatency)
                  004691a8    00000044     libclang_rt.builtins.a : fixunsdfsi.S.obj (.text.__fixunsdfsi)
                  004691ec    00000044     alg_classifier.xwrL64xx.m4f.ti-arm-clang.release.lib : classifier_delete.obj (.text.classifier_delete)
                  00469230    00000044     mmw_flash_cal.o (.text.mmwDemo_flashRead)
[...]
00469f1f  Flash_open                                     
00469f55  Pinmux_config                                  
00469f8d  __aeabi_ul2f                                   
00469f8d  __floatundisf                                  
00469fc5  gtrack_matrixSetDiag                           
00469ffb  SOC_enableMDLLClock                            
0046a031  __TI_cleanup                                   
0046a065  __TI_writemsg                                  
0046a08f  C$$IO$$                                        
0046a0cd  vQueueDelete                                   
0046a101  EDMA_getHandle                                 
0046a133  MMWave_close                                   
0046a165  MMWave_stopLink                                
0046a199  Module_clockEnable                             
0046a1cb  Power_getThresholds                            
0046a22f  xQueueCreateMutexStatic                        
0046a261  Drivers_edmaClose                              
0046a291  HWA_disableDoneInterrupt                       
0046a2c1  SOC_rcmWaitMemInitTpcc                         
0046a2f1  __TI_readmsg                                   
0046a321  __aeabi_dcmpun                                 
0046a321  __unorddf2                                     
0046a381  dbscanOutputDataInit                           
0046a3b1  exit                                           
0046a3e1  featExtract_linearInterpolate                  
0046a411  fopen                                          
0046a441  gtrack_matrixAdd                               
0046a471  gtrack_matrixSub                               
0046a4d1  sscanf                                         
0046a55d  ClockP_timerTickIsr                            
0046a58b  DPC_ObjDet_MemPoolAlloc                        
0046a5b9  DPEDMA_linkParamSets                           
0046a5e7  EDMAEnableChInShadowRegRegion                  
0046a615  QSPI_getHandle                                 
0046a645  __aeabi_i2d                                    
0046a645  __floatsidf                                    
0046a675  featExtract_cumulativeWeightedSum              
0046a6a3  DPU_MpdProc_config                             
0046a6fd  SOC_rcmSetM4ClockSrc                           
0046a729  __aeabi_ul2d                                   
0046a729  __floatundidf                                  
0046a755  fclose                                         
0046a781  finddevice                                     
0046a7ad  lseek                                          
0046a7d9  read                                           
0046a805  rl_mmWaveLinkDeInit                            
0046a831  unlink                                         
0046a85d  write                                          
0046a889  gtrack_alloc                                   
0046a8b3  mmwDemo_flashInit                              
0046a8dd  vPortSuppressTicksAndSleep                     
0046a907  vTaskPlaceOnEventListRestricted                
0046a931  xQueueGiveMutexRecursive                       
0046a95b  featExtract_delete                             
0046a9ad  memmove                                        
0046a9d5  pxPortInitialiseStack                          
0046a9fd  vQueueAddToRegistry                            
0046aa25  xQueueTakeMutexRecursive                       
0046aa4d  ClockP_sleep                                   
0046aa99  MMWave_listAdd                                 
0046aabf  MMWave_osalSemCreate                           
0046aae5  gtrack_free                                    
0046ab0b  DPEDMA_setDestinationAddress                   
0046ab2f  DPEDMA_setSourceAddress                        
0046ab53  EDMALinkChannel                                
0046ab77  EDMAReadIntrStatusRegion                       
0046ab9b  MMWave_osalMutexCreate                         
0046abbf  SOC_rcmStartMemInitTpcc                        
0046abe5  puts                                           
0046ac09  uxListRemove                                   
0046ac2d  gtrack_listGetFirst                            
0046ac31  vPortSVCHandler                                
0046ac55  vprintf_                                       
0046ac79  xQueueGenericCreateStatic                      
0046ac9d  xTaskGetSchedulerState                         
0046acc1  Dpl_init                                       
0046ace3  Drivers_open                                   
0046ad05  GPIO_setDirMode                                
0046ad27  SOC_controlModuleUnlockMMR                     
0046ad49  gtrack_listEnqueue                             
0046ad6b  memccpy                                        
0046adaf  strspn                                         
0046add1  DebugP_logZoneEnable                           
0046adf1  PRCMPeripheralClkEnable                        
0046ae11  PRCMSetPSCONDFTRTAOverride                     
0046ae31  __aeabi_ui2d                                   
0046ae31  __floatunsidf                                  
0046ae51  featExtract_vectorSum                          
0046ae71  gtrack_listDequeue                             
0046ae91  mmwDemo_dpcTask                                
0046aed1  strcspn                                        
0046aef1  vPortEnterCritical                             
0046af11  vTaskPlaceOnEventList                          
0046af31  EDMAClrIntrRegion                              
0046af4f  Flash_read                                     
0046af6d  Flash_write                                    
0046af8b  MMWaveMon_TxnSynthFreqCfg                      
0046afa9  SOC_memoryInit                                 
0046afc7  TimerP_Params_init                             
0046afe5  TimerP_isr0                                    
0046b005  _DebugP_assertNoLog                            
0046b025  gtrack_vectorScalarMulAcc                      
0046b043  DPU_MpdProc_init                               
0046b05f  HeapP_alloc                                    
0046b07b  I2C_Transaction_init                           
0046b097  MMWave_decodeError                             
0046b0b5  MMWave_listCat                                 
0046b0ed  Power_idleWicIsr                               
0046b109  SOC_triggerWarmReset                           
0046b141  vApplicationGetIdleTaskMemory                  
0046b15d  vApplicationGetTimerTaskMemory                 
0046b179  vListInsertEnd                                 
0046b195  HeapP_free                                     
0046b1af  HeapP_getHeapStats                             
0046b1c9  SysTickTimerP_Params_init                      
0046b1e3  UART_deinit                                    
0046b1fd  gtrack_vectorAdd                               
0046b219  gtrack_vectorSub                               
0046b235  mmwreinitTask                                  
0046b269  stack_init                                     
0046b283  vPortExitCritical                              
0046b29d  vPortFree                                      
0046b2b7  vTaskInternalSetTimeOutState                   
0046b2d1  Board_driversClose                             
0046b2e9  DPU_TrackerProc_init                           
0046b301  Drivers_uartClose                              
0046b331  MMWave_listRemove                              
0046b349  PRCMLPDSWakeUpGPIOSelect                       
0046b361  PRCMLPDSWakeUpSYNCIOSelect                     
0046b379  QSPI_readCmdParams_init                        
0046b391  QSPI_writeCmdParams_init                       
0046b3a9  TaskP_yield                                    
0046b3f1  pvTaskIncrementMutexHeldCount                  
0046b409  EDMADmaSetPaRAMEntry                           
0046b41f  HwiP_inISR                                     
0046b435  MMWaveMon_RxSatLiveCfg                         
0046b44b  MMWave_encodeError                             
0046b461  Power_idleFunc                                 
0046b477  QSPI_transaction_init                          
0046b48d  SOC_getEfusePgVersion                          
0046b4a3  SOC_isDeviceAOP                                
0046b4b9  SOC_rcmReadSynthTrimValid                      
0046b4d1  featExtract_vectorScalarMul                    
0046b4e9  gtrack_matrixGetDiag                           
0046b501  gtrack_matrixInit                              
0046b519  gtrack_vectorScalarMul                         
0046b52f  mathUtils_ceilLog2                             
0046b545  vListInitialise                                
0046b55b  CPUcpsid                                       
0046b56f  CPUcpsie                                       
0046b583  ClockP_usecToTicks                             
0046b597  EDMA_getRegionId                               
0046b5ab  GPIO_pinWriteHigh                              
0046b5bf  GPIO_pinWriteLow                               
0046b5e7  Power_disablePolicy                            
0046b5fb  SOC_controlModuleLockMMR                       
0046b611  __aeabi_uldivmod                               
0046b661  Flash_eraseBlk                                 
0046b685  PRCMMCUInit                                    
0046b697  SOC_clocksEnable                               
0046b6a9  SysTickTimerP_start                            
0046b6bb  SysTickTimerP_stop                             
0046b6cd  classifier_free                                
0046b6df  classifier_malloc                              
0046b6f1  featExtract_free                               
0046b703  featExtract_malloc                             
0046b715  freertos_main                                  
0046b729  mathUtils_pow2roundup                          
0046b74d  TI_memcpy_small                                
0046b75f  DPEDMA_local2Global                            
0046b7ff  PRCMLPDSIntervalSet                            
0046b80f  PRCMLPDSWakeUpSPISelect                        
0046b81f  PRCMLPDSWakeUpUartRxSelect                     
0046b82f  PRCMLPDSWakeupSourceDisable                    
0046b83f  Power_enablePolicy                             
0046b84f  QSPI_setAddressByteCount                       
0046b85f  QSPI_setDummyBitCount                          
0046b86f  QSPI_setReadCmd                                
0046b87f  QSPI_setRxLines                                
0046b88f  QSPI_setWriteCmd                               
0046b89f  _MmwDemo_debugAssert                           
0046b8af  gtrack_unitGetC                                
0046b8bf  gtrack_unitGetSpread                           
0046b8cf  lroundf                                        
0046b8df  vTaskStepTick                                  
0046b8ef  vTaskSuspendAll                                
0046b8ff  wcslen                                         
0046b90f  EDMACCPaRAMEntry_init                          
0046b91d  Flash_close                                    
0046b963  PRCMIsRdrStateIdle                             
0046b971  PRCMLPDSWakeupSourceEnable                     
0046b97f  Pinmux_init                                    
0046b98d  PowerClock_init                                
0046b9a9  SysTickTimerP_getCount                         
0046b9b7  SysTickTimerP_getReloadCount                   
0046b9c5  gtrack_unitGetMCenter                          
0046b9d5  gtrack_vectorInit                              
0046ba0d  vTaskMissedYield                               
0046ba1b  TI_memset_small                                
0046bb19  PRCMSlowClkCtrGet                              
0046bb25  Power_getConstraintMask                        
0046bb31  Power_getLowPowModeTaken                       
0046bb3d  Power_setLowPowModeTaken                       
0046bb49  SOC_moduleClockEnable                          
0046bb61  putchar                                        
0046bb79  xTaskGetCurrentTaskHandle                      
0046bb85  xTaskGetTickCount                              
0046bb9b  Cycleprofiler_getTimeStamp                     
0046bbb9  MMWave_osalMutexDelete                         
0046bbc3  MMWave_osalMutexLock                           
0046bbcd  MMWave_osalMutexUnlock                         
0046bbd7  MMWave_osalSemDelete                           
0046bbe1  MMWave_osalSemSignal                           
0046bbeb  MMWave_osalSemWait                             
0046bbff  Mmwave_populateDefaultCalibrationCfg           
0046bc31  TimerP_start                                   
0046bc3b  TimerP_stop                                    
0046bc45  __aeabi_memset                                 
0046bc45  __aeabi_memset4                                
0046bc45  __aeabi_memset8                                
0046bc6d  gtrack_listInit                                
0046bc77  mathUtils_floorLog2                            
0046bc81  EDMA_allocParam                                
0046bc89  EDMA_allocTcc                                  
0046bc91  EDMA_freeDmaChannel                            
0046bc99  EDMA_freeParam                                 
0046bca1  EDMA_freeTcc                                   
0046bd59  TimerP_clearOverflowInt                        
0046bd61  __aeabi_errno_addr                             
0046bd69  __aeabi_memclr                                 
0046bd69  __aeabi_memclr4                                
0046bd69  __aeabi_memclr8                                
0046bd79  gtrack_unitDelete                              
0046bd81  malloc                                         
0046bd89  gtrack_listGetNext                             
0046bd8d  putchar_                                       
0046bd91  remove                                         
0046bd98  __TI_cleanup_ptr                               
0046bd9c  __TI_dtors_ptr                                 
0046c9f0  __aeabi_ctype_table_                           
0046c9f0  __aeabi_ctype_table_C                          
0046cf58  defaultSceneryParams                           
0046d3c8  Power_config                                   
0046f490  I2C_defaultTransaction                         
0046f4b4  pInit                                          
0046ff2c  defaultAllocationParams                        
0047033c  defaultGatingParams                            
00470abc  defaultStateParams                             
00470b70  ValidDigSampRates                              
00470d90  uxTopUsedPriority                              
004725a8  gMmwMssMCB                                     
004737d8  vsDataMeanBuf                                  
00473b58  _ftable                                        
00473c48  appPresenceParamTable                          
00473d38  Power_module                                   
00473e00  parkInfo                                       
004740e0  _device                                        
00474158  gFlashDevCfg_MX25V1635F                        
004742f4  appAllocationParamTable                        
004743b4  _stream                                        
00474404  appGatingParamTable                            
00474494  brevFft                                        
00474514  gMpuRegionConfig                               
00474604  gUartParams                                    
0047463c  appMaxAccelerationParams                       
0047466c  appStateParamTable                             
0047469c  gFlashAttrs_MX25V1635F                         
004746cc  gHwaAttrs                                      
004746fc  gSocModulesClockFrequency                      
0047472c  EdmaCallbackcnt                                
00474730  gFactoryCalibDataStorage                       
00474758  gHwaEDMAChanMapping                            
00474778  gSocModules                                    
00474798  gFlashNorQspiFxns                              
004747b4  gCLIMMWaveExtensionTable                       
004747e4  gClockConfig                                   
004747f8  gDefaultAntGeometry                            
0047480c  appInitialRadialVelocity                       
0047481c  gEdmaConfig                                    
0047482c  gFlashConfig                                   
0047483c  gFlashToSpiProtocolMap                         
0047484c  gAddrTranslateConfig                           
00474858  gI2cParams                                     
00474864  gMpuConfig                                     
00474870  demoStartTime                                  
00474880  gEdmaParams                                    
00474888  gFlashParams                                   
00474890  gI2cConfig                                     
00474898  gQspiConfig                                    
004748a8  gUartConfig                                    
004748b0  previousHeartPeak                              
004748b8  FreeRTOS_errno                                 
004748bc  MMWave_ISRHandle                               
004748c0  __TI_ft_end                                    
004748c4  __aeabi_errno                                  
004748c8  _lock                                          
004748cc  _unlock                                        
004748d0  gCfarHwaObj                                    
004748d4  gDebugLogZone                                  
004748d8  gDebugTargetCode                               
004748dc  gEdmaConfigNum                                 
004748e0  gFlashConfigNum                                
004748e4  gGtrackMemoryUsed                              
004748e8  gHwaConfigNum                                  
004748ec  gHwaObjectPtr                                  
004748f0  gI2cConfigNum                                  
004748f4  gNearestCluster                                
004748f8  gPreStoredAdcTestBuffInd                       
004748fc  gPreStoredAdcTestBuffRdInd                     
00474900  gQspiConfigNum                                 
00474904  gQspiParams                                    
00474908  gSocClk                                        
0047490c  gTestMinMpdCentroid                            
00474910  gTestRangeLED                                  
00474914  gUartConfigNum                                 
00474918  hwadoneisr                                     
00474928  pinParkCfg                                     
00474938  pxCurrentTCB                                   
0047493c  sensPerChirpLuTable                            
00474940  sensorStop                                     
0047495c  vsBaseAddr                                     
00474960  vsDataCount                                    
00474964  vsLoop                                         
00474992  breathHistIndex                                
00474994  heartHistIndex                                 
00474996  indicateNoTarget                               
00474998  vsMeanCntOffset0                               
0047499a  vsMeanCntOffset1                               
0047499c  vsRangeBin                                     
0047499f  demoLowPwrStateTaken                           
004749a1  gIsDefCfgUsed                                  
004749a2  idleExited                                     
004749a3  isSensorStarted                                
60000000  gMmwL3                                         
ffffffff  __TI_pprof_out_hndl                            
ffffffff  __TI_prof_data_size                            
ffffffff  __TI_prof_data_start                           
ffffffff  __binit__                                      
ffffffff  binit                                          
UNDEFED   __TI_CINIT_Base                                
UNDEFED   __TI_CINIT_Limit                               
UNDEFED   __TI_Handler_Table_Base                        
UNDEFED   __TI_Handler_Table_Limit                       
UNDEFED   _system_post_cinit                             

[1110 symbols]
